<!doctype html public "-//w3c//dtd html 4.0 transitional//en">
<html><head>
<title>Static Call Graph - [.\obj\bk3435_ble_app.axf]</title></head>
<body><HR>
<H1>Static Call Graph for image .\obj\bk3435_ble_app.axf</H1><HR>
<BR><P>#&#060CALLGRAPH&#062# ARM Linker, 5060750: Last Updated: Sat Sep 12 11:11:18 2020
<BR><P>
<H3>Maximum Stack Usage =       1264 bytes + Unknown(Functions without stacksize, Cycles, Untraceable Function Pointers)</H3><H3>
Call chain for Maximum Stack Depth:</H3>
sys_Reset &rArr; rw_main &rArr; rw_app_enter &rArr; tuya_ble_main_tasks_exec &rArr; tuya_sched_execute &rArr; tuya_ble_event_process &rArr; tuya_ble_evt_process &rArr; tuya_ble_handle_ble_factory_test_req &rArr; tuya_ble_app_production_test_process &rArr; app_port_factory_test_process &rArr; factory_test_process &rArr; lock_hard_uart_simulate &rArr; lock_dynamic_pwd_verify &rArr; verify_dynamic_pwd_token &rArr; TOTP &rArr; HMAC_SHA1 &rArr; SHA1 &rArr; SHA1Result &rArr; SHA1PadMessage &rArr; SHA1ProcessMessageBlock
<P>
<H3>
Functions with no stack information
</H3><UL>
 <LI><a href="#[76]">sys_Reset</a>
 <LI><a href="#[1]">Undefined</a>
 <LI><a href="#[2]">SoftwareInterrupt</a>
 <LI><a href="#[3]">PrefetchAbort</a>
 <LI><a href="#[4]">DataAbort</a>
 <LI><a href="#[6]">IRQ_Handler</a>
 <LI><a href="#[5]">sys_reserved</a>
 <LI><a href="#[7]">FIQ_Handler</a>
</UL>
</UL>
<P>
<H3>
Mutually Recursive functions
</H3> <LI><a href="#[ce]">elog_output</a>&nbsp;&nbsp;&nbsp;&rArr;&nbsp;&nbsp;&nbsp;<a href="#[ce]">elog_output</a><BR>
 <LI><a href="#[1c7]">elog_strcpy</a>&nbsp;&nbsp;&nbsp;&rArr;&nbsp;&nbsp;&nbsp;<a href="#[ce]">elog_output</a><BR>
 <LI><a href="#[1cd]">get_fmt_enabled</a>&nbsp;&nbsp;&nbsp;&rArr;&nbsp;&nbsp;&nbsp;<a href="#[ce]">elog_output</a><BR>
 <LI><a href="#[83]">rw_pn9_enter</a>&nbsp;&nbsp;&nbsp;&rArr;&nbsp;&nbsp;&nbsp;<a href="#[83]">rw_pn9_enter</a><BR>
 <LI><a href="#[13f]">sf_nv_write</a>&nbsp;&nbsp;&nbsp;&rArr;&nbsp;&nbsp;&nbsp;<a href="#[13f]">sf_nv_write</a><BR>
</UL>
<P>
<H3>
Function Pointers
</H3><UL>
 <LI><a href="#[4]">DataAbort</a> from boot_vectors.o(SYS_BOOT) referenced from boot_vectors.o(SYS_BOOT)
 <LI><a href="#[7]">FIQ_Handler</a> from boot_vectors.o(SYS_BOOT) referenced from boot_vectors.o(SYS_BOOT)
 <LI><a href="#[6]">IRQ_Handler</a> from boot_vectors.o(SYS_BOOT) referenced from boot_vectors.o(SYS_BOOT)
 <LI><a href="#[3]">PrefetchAbort</a> from boot_vectors.o(SYS_BOOT) referenced from boot_vectors.o(SYS_BOOT)
 <LI><a href="#[30]">Read_Uart_Buf</a> from uart.o(i.Read_Uart_Buf) referenced from arch_main.o(i.rom_env_init)
 <LI><a href="#[2]">SoftwareInterrupt</a> from boot_vectors.o(SYS_BOOT) referenced from boot_vectors.o(SYS_BOOT)
 <LI><a href="#[1]">Undefined</a> from boot_vectors.o(SYS_BOOT) referenced from boot_vectors.o(SYS_BOOT)
 <LI><a href="#[8]">_snputc</a> from printfa.o(i._snputc) referenced from printfa.o(i.__0snprintf)
 <LI><a href="#[8]">_snputc</a> from printfa.o(i._snputc) referenced from printfa.o(i.__0vsnprintf)
 <LI><a href="#[9]">_sputc</a> from printfa.o(i._sputc) referenced from printfa.o(i.__0sprintf)
 <LI><a href="#[9]">_sputc</a> from printfa.o(i._sputc) referenced from printfa.o(i.__0vsprintf)
 <LI><a href="#[16]">app_active_report_outtime_cb</a> from lock_timer.o(i.app_active_report_outtime_cb) referenced from lock_timer.o(i.lock_timer_creat)
 <LI><a href="#[a]">app_common_evt_process</a> from app_common.o(i.app_common_evt_process) referenced from app_common.o(i.app_common_evt_send)
 <LI><a href="#[b]">app_common_tuya_ble_sdk_callback</a> from app_common.o(i.app_common_tuya_ble_sdk_callback) referenced from app_common.o(i.app_common_init)
 <LI><a href="#[45]">app_fff0_add_fff0s</a> from app_fff0.o(i.app_fff0_add_fff0s) referenced from app.o(.constdata)
 <LI><a href="#[46]">app_fff0_msg_dflt_handler</a> from app_fff0.o(i.app_fff0_msg_dflt_handler) referenced from app_fff0.o(.constdata)
 <LI><a href="#[14]">app_test_outtime_cb</a> from lock_timer.o(i.app_test_outtime_cb) referenced from lock_timer.o(i.lock_timer_creat)
 <LI><a href="#[15]">app_test_reset_outtime_cb</a> from lock_timer.o(i.app_test_reset_outtime_cb) referenced from lock_timer.o(i.lock_timer_creat)
 <LI><a href="#[4a]">appm_msg_handler</a> from app_task.o(i.appm_msg_handler) referenced from app_task.o(.constdata)
 <LI><a href="#[2e]">assert_err</a> from arch_main.o(i.assert_err) referenced from arch_main.o(i.rom_env_init)
 <LI><a href="#[2f]">assert_param</a> from arch_main.o(i.assert_param) referenced from arch_main.o(i.rom_env_init)
 <LI><a href="#[c]">bk_rtc_handler</a> from bk_timer.o(i.bk_rtc_handler) referenced from bk_timer.o(i.bk_local_timer_start)
 <LI><a href="#[57]">bk_timer0_handler</a> from app_task.o(i.bk_timer0_handler) referenced from app_task.o(.constdata)
 <LI><a href="#[6b]">bk_timer100_handler</a> from app_task.o(i.bk_timer100_handler) referenced from app_task.o(.constdata)
 <LI><a href="#[6c]">bk_timer101_handler</a> from app_task.o(i.bk_timer101_handler) referenced from app_task.o(.constdata)
 <LI><a href="#[6d]">bk_timer102_handler</a> from app_task.o(i.bk_timer102_handler) referenced from app_task.o(.constdata)
 <LI><a href="#[6e]">bk_timer103_handler</a> from app_task.o(i.bk_timer103_handler) referenced from app_task.o(.constdata)
 <LI><a href="#[6f]">bk_timer104_handler</a> from app_task.o(i.bk_timer104_handler) referenced from app_task.o(.constdata)
 <LI><a href="#[70]">bk_timer105_handler</a> from app_task.o(i.bk_timer105_handler) referenced from app_task.o(.constdata)
 <LI><a href="#[71]">bk_timer106_handler</a> from app_task.o(i.bk_timer106_handler) referenced from app_task.o(.constdata)
 <LI><a href="#[72]">bk_timer107_handler</a> from app_task.o(i.bk_timer107_handler) referenced from app_task.o(.constdata)
 <LI><a href="#[73]">bk_timer108_handler</a> from app_task.o(i.bk_timer108_handler) referenced from app_task.o(.constdata)
 <LI><a href="#[74]">bk_timer109_handler</a> from app_task.o(i.bk_timer109_handler) referenced from app_task.o(.constdata)
 <LI><a href="#[61]">bk_timer10_handler</a> from app_task.o(i.bk_timer10_handler) referenced from app_task.o(.constdata)
 <LI><a href="#[62]">bk_timer11_handler</a> from app_task.o(i.bk_timer11_handler) referenced from app_task.o(.constdata)
 <LI><a href="#[63]">bk_timer12_handler</a> from app_task.o(i.bk_timer12_handler) referenced from app_task.o(.constdata)
 <LI><a href="#[64]">bk_timer13_handler</a> from app_task.o(i.bk_timer13_handler) referenced from app_task.o(.constdata)
 <LI><a href="#[65]">bk_timer14_handler</a> from app_task.o(i.bk_timer14_handler) referenced from app_task.o(.constdata)
 <LI><a href="#[66]">bk_timer15_handler</a> from app_task.o(i.bk_timer15_handler) referenced from app_task.o(.constdata)
 <LI><a href="#[67]">bk_timer16_handler</a> from app_task.o(i.bk_timer16_handler) referenced from app_task.o(.constdata)
 <LI><a href="#[68]">bk_timer17_handler</a> from app_task.o(i.bk_timer17_handler) referenced from app_task.o(.constdata)
 <LI><a href="#[69]">bk_timer18_handler</a> from app_task.o(i.bk_timer18_handler) referenced from app_task.o(.constdata)
 <LI><a href="#[6a]">bk_timer19_handler</a> from app_task.o(i.bk_timer19_handler) referenced from app_task.o(.constdata)
 <LI><a href="#[58]">bk_timer1_handler</a> from app_task.o(i.bk_timer1_handler) referenced from app_task.o(.constdata)
 <LI><a href="#[59]">bk_timer2_handler</a> from app_task.o(i.bk_timer2_handler) referenced from app_task.o(.constdata)
 <LI><a href="#[5a]">bk_timer3_handler</a> from app_task.o(i.bk_timer3_handler) referenced from app_task.o(.constdata)
 <LI><a href="#[5b]">bk_timer4_handler</a> from app_task.o(i.bk_timer4_handler) referenced from app_task.o(.constdata)
 <LI><a href="#[5c]">bk_timer5_handler</a> from app_task.o(i.bk_timer5_handler) referenced from app_task.o(.constdata)
 <LI><a href="#[5d]">bk_timer6_handler</a> from app_task.o(i.bk_timer6_handler) referenced from app_task.o(.constdata)
 <LI><a href="#[5e]">bk_timer7_handler</a> from app_task.o(i.bk_timer7_handler) referenced from app_task.o(.constdata)
 <LI><a href="#[5f]">bk_timer8_handler</a> from app_task.o(i.bk_timer8_handler) referenced from app_task.o(.constdata)
 <LI><a href="#[60]">bk_timer9_handler</a> from app_task.o(i.bk_timer9_handler) referenced from app_task.o(.constdata)
 <LI><a href="#[11]">bonding_conn_outtime_cb</a> from lock_timer.o(i.bonding_conn_outtime_cb) referenced from lock_timer.o(i.lock_timer_creat)
 <LI><a href="#[18]">communication_monitor_outtime_cb</a> from lock_timer.o(i.communication_monitor_outtime_cb) referenced from lock_timer.o(i.lock_timer_creat)
 <LI><a href="#[13]">conn_monitor_outtime_cb</a> from lock_timer.o(i.conn_monitor_outtime_cb) referenced from lock_timer.o(i.lock_timer_creat)
 <LI><a href="#[f]">conn_param_update_outtime_cb</a> from lock_timer.o(i.conn_param_update_outtime_cb) referenced from lock_timer.o(i.lock_timer_creat)
 <LI><a href="#[10]">delay_report_outtime_cb</a> from lock_timer.o(i.delay_report_outtime_cb) referenced from lock_timer.o(i.lock_timer_creat)
 <LI><a href="#[3f]">fff0s_cleanup</a> from fff0s.o(i.fff0s_cleanup) referenced from fff0s.o(.constdata)
 <LI><a href="#[3e]">fff0s_create</a> from fff0s.o(i.fff0s_create) referenced from fff0s.o(.constdata)
 <LI><a href="#[3d]">fff0s_destroy</a> from fff0s.o(i.fff0s_destroy) referenced from fff0s.o(.constdata)
 <LI><a href="#[47]">fff0s_fff1_level_ntf_cfg_ind_handler</a> from app_fff0.o(i.fff0s_fff1_level_ntf_cfg_ind_handler) referenced from app_fff0.o(.constdata)
 <LI><a href="#[40]">fff0s_fff1_level_upd_req_handler</a> from fff0s_task.o(i.fff0s_fff1_level_upd_req_handler) referenced from fff0s_task.o(.constdata)
 <LI><a href="#[3c]">fff0s_init</a> from fff0s.o(i.fff0s_init) referenced from fff0s.o(.constdata)
 <LI><a href="#[48]">fff1_level_upd_handler</a> from app_fff0.o(i.fff1_level_upd_handler) referenced from app_fff0.o(.constdata)
 <LI><a href="#[49]">fff2_writer_req_handler</a> from app_fff0.o(i.fff2_writer_req_handler) referenced from app_fff0.o(.constdata)
 <LI><a href="#[36]">flash_erase</a> from flash.o(i.flash_erase) referenced from arch_main.o(i.rw_main)
 <LI><a href="#[34]">flash_read</a> from flash.o(i.flash_read) referenced from arch_main.o(i.rw_main)
 <LI><a href="#[35]">flash_write</a> from flash.o(i.flash_write) referenced from arch_main.o(i.rw_main)
 <LI><a href="#[50]">gapc_cmp_evt_handler</a> from app_task.o(i.gapc_cmp_evt_handler) referenced from app_task.o(.constdata)
 <LI><a href="#[4f]">gapc_connection_req_ind_handler</a> from app_task.o(i.gapc_connection_req_ind_handler) referenced from app_task.o(.constdata)
 <LI><a href="#[51]">gapc_disconnect_ind_handler</a> from app_task.o(i.gapc_disconnect_ind_handler) referenced from app_task.o(.constdata)
 <LI><a href="#[4d]">gapc_get_dev_info_req_ind_handler</a> from app_task.o(i.gapc_get_dev_info_req_ind_handler) referenced from app_task.o(.constdata)
 <LI><a href="#[53]">gapc_le_pkt_size_ind_handler</a> from app_task.o(i.gapc_le_pkt_size_ind_handler) referenced from app_task.o(.constdata)
 <LI><a href="#[56]">gapc_param_update_req_ind_handler</a> from app_task.o(i.gapc_param_update_req_ind_handler) referenced from app_task.o(.constdata)
 <LI><a href="#[54]">gapc_param_updated_ind_handler</a> from app_task.o(i.gapc_param_updated_ind_handler) referenced from app_task.o(.constdata)
 <LI><a href="#[4e]">gapc_set_dev_info_req_ind_handler</a> from app_task.o(i.gapc_set_dev_info_req_ind_handler) referenced from app_task.o(.constdata)
 <LI><a href="#[4c]">gapm_cmp_evt_handler</a> from app_task.o(i.gapm_cmp_evt_handler) referenced from app_task.o(.constdata)
 <LI><a href="#[4b]">gapm_device_ready_ind_handler</a> from app_task.o(i.gapm_device_ready_ind_handler) referenced from app_task.o(.constdata)
 <LI><a href="#[52]">gapm_profile_added_ind_handler</a> from app_task.o(i.gapm_profile_added_ind_handler) referenced from app_task.o(.constdata)
 <LI><a href="#[41]">gattc_att_info_req_ind_handler</a> from fff0s_task.o(i.gattc_att_info_req_ind_handler) referenced from fff0s_task.o(.constdata)
 <LI><a href="#[44]">gattc_cmp_evt_handler</a> from fff0s_task.o(i.gattc_cmp_evt_handler) referenced from fff0s_task.o(.constdata)
 <LI><a href="#[55]">gattc_mtu_changed_ind_handler</a> from app_task.o(i.gattc_mtu_changed_ind_handler) referenced from app_task.o(.constdata)
 <LI><a href="#[43]">gattc_read_req_ind_handler</a> from fff0s_task.o(i.gattc_read_req_ind_handler) referenced from fff0s_task.o(.constdata)
 <LI><a href="#[42]">gattc_write_req_ind_handler</a> from fff0s_task.o(i.gattc_write_req_ind_handler) referenced from fff0s_task.o(.constdata)
 <LI><a href="#[75]">memset</a> from memseta.o(.text) referenced from platform_util.o(.data)
 <LI><a href="#[2d]">platform_reset</a> from arch_main.o(i.platform_reset) referenced from arch_main.o(i.rom_env_init)
 <LI><a href="#[25]">prf_add_profile</a> from prf.o(i.prf_add_profile) referenced from arch_main.o(i.rom_env_init)
 <LI><a href="#[24]">prf_cleanup</a> from prf.o(i.prf_cleanup) referenced from arch_main.o(i.rom_env_init)
 <LI><a href="#[23]">prf_create</a> from prf.o(i.prf_create) referenced from arch_main.o(i.rom_env_init)
 <LI><a href="#[20]">prf_get_id_from_task</a> from prf.o(i.prf_get_id_from_task) referenced from arch_main.o(i.rom_env_init)
 <LI><a href="#[21]">prf_get_task_from_id</a> from prf.o(i.prf_get_task_from_id) referenced from arch_main.o(i.rom_env_init)
 <LI><a href="#[22]">prf_init</a> from prf.o(i.prf_init) referenced from arch_main.o(i.rom_env_init)
 <LI><a href="#[17]">reset_with_disconn2_outtime_cb</a> from lock_timer.o(i.reset_with_disconn2_outtime_cb) referenced from lock_timer.o(i.lock_timer_creat)
 <LI><a href="#[12]">reset_with_disconn_outtime_cb</a> from lock_timer.o(i.reset_with_disconn_outtime_cb) referenced from lock_timer.o(i.lock_timer_creat)
 <LI><a href="#[1e]">rf_force_agc_enable</a> from rf_xvr.o(i.rf_force_agc_enable) referenced from rf_xvr.o(i.rf_init)
 <LI><a href="#[1d]">rf_reset</a> from rf_xvr.o(i.rf_reset) referenced from rf_xvr.o(i.rf_init)
 <LI><a href="#[19]">rf_rpl_reg_rd</a> from rf_xvr.o(i.rf_rpl_reg_rd) referenced from rf_xvr.o(i.rf_init)
 <LI><a href="#[1a]">rf_rpl_reg_wr</a> from rf_xvr.o(i.rf_rpl_reg_wr) referenced from rf_xvr.o(i.rf_init)
 <LI><a href="#[1f]">rf_rssi_convert</a> from rf_xvr.o(i.rf_rssi_convert) referenced from rf_xvr.o(i.rf_init)
 <LI><a href="#[1c]">rf_sleep</a> from rf_xvr.o(i.rf_sleep) referenced from rf_xvr.o(i.rf_init)
 <LI><a href="#[1b]">rf_txpwr_dbm_get</a> from rf_xvr.o(i.rf_txpwr_dbm_get) referenced from rf_xvr.o(i.rf_init)
 <LI><a href="#[26]">rwble_hl_reset</a> from rwble_hl.o(i.rwble_hl_reset) referenced from arch_main.o(i.rom_env_init)
 <LI><a href="#[29]">rwip_prevent_sleep_clear</a> from rwip.o(i.rwip_prevent_sleep_clear) referenced from arch_main.o(i.rom_env_init)
 <LI><a href="#[28]">rwip_prevent_sleep_set</a> from rwip.o(i.rwip_prevent_sleep_set) referenced from arch_main.o(i.rom_env_init)
 <LI><a href="#[27]">rwip_reset</a> from rwip.o(i.rwip_reset) referenced from arch_main.o(i.rom_env_init)
 <LI><a href="#[2a]">rwip_sleep_lpcycles_2_us</a> from rwip.o(i.rwip_sleep_lpcycles_2_us) referenced from arch_main.o(i.rom_env_init)
 <LI><a href="#[2b]">rwip_us_2_lpcycles</a> from rwip.o(i.rwip_us_2_lpcycles) referenced from arch_main.o(i.rom_env_init)
 <LI><a href="#[2c]">rwip_wakeup_delay_set</a> from rwip.o(i.rwip_wakeup_delay_set) referenced from arch_main.o(i.rom_env_init)
 <LI><a href="#[3b]">suble_gpio_irq_cb</a> from bk_gpio.o(i.suble_gpio_irq_cb) referenced from bk_gpio.o(i.suble_gpio_irq_init)
 <LI><a href="#[76]">sys_Reset</a> from boot_handlers.o(SYS_BOOT) referenced from boot_vectors.o(SYS_BOOT)
 <LI><a href="#[5]">sys_reserved</a> from boot_vectors.o(SYS_BOOT) referenced from boot_vectors.o(SYS_BOOT)
 <LI><a href="#[d]">uart1_rx_handler</a> from bk_uart.o(i.uart1_rx_handler) referenced from bk_uart.o(i.bk_uart1_init)
 <LI><a href="#[33]">uart2_printf</a> from uart.o(i.uart2_printf) referenced from arch_main.o(i.rw_main)
 <LI><a href="#[e]">uart2_rx_handler</a> from bk_uart.o(i.uart2_rx_handler) referenced from bk_uart.o(i.bk_uart2_init)
 <LI><a href="#[31]">uart_clear_rxfifo</a> from uart.o(i.uart_clear_rxfifo) referenced from arch_main.o(i.rom_env_init)
 <LI><a href="#[3a]">uart_flow_off</a> from uart.o(i.uart_flow_off) referenced from arch_main.o(i.rwip_eif_api_init)
 <LI><a href="#[39]">uart_flow_on</a> from uart.o(i.uart_flow_on) referenced from arch_main.o(i.rwip_eif_api_init)
 <LI><a href="#[32]">uart_printf</a> from uart.o(i.uart_printf) referenced from arch_main.o(i.rw_main)
 <LI><a href="#[37]">uart_read</a> from uart.o(i.uart_read) referenced from arch_main.o(i.rwip_eif_api_init)
 <LI><a href="#[38]">uart_write</a> from uart.o(i.uart_write) referenced from arch_main.o(i.rwip_eif_api_init)
</UL>
<P>
<H3>
Global Symbols
</H3>
<P><STRONG><a name="[282]"></a>uart_stack_register</STRONG> (Thumb, 0 bytes, Stack size 0 bytes, peripheral_stack_symbol.txt(ABSOLUTE))
<BR><BR>[Called By]<UL><LI><a href="#[279]">&gt;&gt;</a>&nbsp;&nbsp;&nbsp;rw_main
</UL>

<P><STRONG><a name="[30f]"></a>Undefined_Exception</STRONG> (Thumb, 0 bytes, Stack size 0 bytes, peripheral_stack_symbol.txt(ABSOLUTE))
<BR><BR>[Called By]<UL><LI><a href="#[1]">&gt;&gt;</a>&nbsp;&nbsp;&nbsp;Undefined (via Veneer)
</UL>

<P><STRONG><a name="[310]"></a>SoftwareInterrupt_Exception</STRONG> (Thumb, 0 bytes, Stack size 0 bytes, peripheral_stack_symbol.txt(ABSOLUTE))
<BR><BR>[Called By]<UL><LI><a href="#[2]">&gt;&gt;</a>&nbsp;&nbsp;&nbsp;SoftwareInterrupt (via Veneer)
</UL>

<P><STRONG><a name="[311]"></a>PrefetchAbort_Exception</STRONG> (Thumb, 0 bytes, Stack size 0 bytes, peripheral_stack_symbol.txt(ABSOLUTE))
<BR><BR>[Called By]<UL><LI><a href="#[3]">&gt;&gt;</a>&nbsp;&nbsp;&nbsp;PrefetchAbort (via Veneer)
</UL>

<P><STRONG><a name="[312]"></a>DataAbort_Exception</STRONG> (Thumb, 0 bytes, Stack size 0 bytes, peripheral_stack_symbol.txt(ABSOLUTE))
<BR><BR>[Called By]<UL><LI><a href="#[4]">&gt;&gt;</a>&nbsp;&nbsp;&nbsp;DataAbort (via Veneer)
</UL>

<P><STRONG><a name="[313]"></a>Reserved_Exception</STRONG> (Thumb, 0 bytes, Stack size 0 bytes, peripheral_stack_symbol.txt(ABSOLUTE))
<BR><BR>[Called By]<UL><LI><a href="#[5]">&gt;&gt;</a>&nbsp;&nbsp;&nbsp;sys_reserved (via Veneer)
</UL>

<P><STRONG><a name="[283]"></a>nvds_init</STRONG> (Thumb, 0 bytes, Stack size 0 bytes, peripheral_stack_symbol.txt(ABSOLUTE))
<BR><BR>[Called By]<UL><LI><a href="#[279]">&gt;&gt;</a>&nbsp;&nbsp;&nbsp;rw_main
</UL>

<P><STRONG><a name="[16c]"></a>nvds_get</STRONG> (Thumb, 0 bytes, Stack size 0 bytes, peripheral_stack_symbol.txt(ABSOLUTE))
<BR><BR>[Called By]<UL><LI><a href="#[169]">&gt;&gt;</a>&nbsp;&nbsp;&nbsp;appm_init
<LI><a href="#[284]">&gt;&gt;</a>&nbsp;&nbsp;&nbsp;rwip_init
</UL>

<P><STRONG><a name="[16e]"></a>nvds_put</STRONG> (Thumb, 0 bytes, Stack size 0 bytes, peripheral_stack_symbol.txt(ABSOLUTE))
<BR><BR>[Called By]<UL><LI><a href="#[169]">&gt;&gt;</a>&nbsp;&nbsp;&nbsp;appm_init
</UL>

<P><STRONG><a name="[29b]"></a>ke_init</STRONG> (Thumb, 0 bytes, Stack size 0 bytes, peripheral_stack_symbol.txt(ABSOLUTE))
<BR><BR>[Called By]<UL><LI><a href="#[284]">&gt;&gt;</a>&nbsp;&nbsp;&nbsp;rwip_init
</UL>

<P><STRONG><a name="[2a2]"></a>ke_flush</STRONG> (Thumb, 0 bytes, Stack size 0 bytes, peripheral_stack_symbol.txt(ABSOLUTE))
<BR><BR>[Called By]<UL><LI><a href="#[27]">&gt;&gt;</a>&nbsp;&nbsp;&nbsp;rwip_reset
</UL>

<P><STRONG><a name="[2a5]"></a>ke_sleep_check</STRONG> (Thumb, 0 bytes, Stack size 0 bytes, peripheral_stack_symbol.txt(ABSOLUTE))
<BR><BR>[Called By]<UL><LI><a href="#[275]">&gt;&gt;</a>&nbsp;&nbsp;&nbsp;rwip_sleep
</UL>

<P><STRONG><a name="[2b0]"></a>ke_event_set</STRONG> (Thumb, 0 bytes, Stack size 0 bytes, peripheral_stack_symbol.txt(ABSOLUTE))
<BR><BR>[Called By]<UL><LI><a href="#[291]">&gt;&gt;</a>&nbsp;&nbsp;&nbsp;rwip_wakeup_end
</UL>

<P><STRONG><a name="[2a4]"></a>ke_event_schedule</STRONG> (Thumb, 0 bytes, Stack size 0 bytes, peripheral_stack_symbol.txt(ABSOLUTE))
<BR><BR>[Called By]<UL><LI><a href="#[273]">&gt;&gt;</a>&nbsp;&nbsp;&nbsp;rwip_schedule
</UL>

<P><STRONG><a name="[29c]"></a>ke_mem_init</STRONG> (Thumb, 0 bytes, Stack size 0 bytes, peripheral_stack_symbol.txt(ABSOLUTE))
<BR><BR>[Called By]<UL><LI><a href="#[284]">&gt;&gt;</a>&nbsp;&nbsp;&nbsp;rwip_init
</UL>

<P><STRONG><a name="[1db]"></a>ke_malloc</STRONG> (Thumb, 0 bytes, Stack size 0 bytes, peripheral_stack_symbol.txt(ABSOLUTE))
<BR><BR>[Called By]<UL><LI><a href="#[3c]">&gt;&gt;</a>&nbsp;&nbsp;&nbsp;fff0s_init
</UL>

<P><STRONG><a name="[1d6]"></a>ke_free</STRONG> (Thumb, 0 bytes, Stack size 0 bytes, peripheral_stack_symbol.txt(ABSOLUTE))
<BR><BR>[Called By]<UL><LI><a href="#[3c]">&gt;&gt;</a>&nbsp;&nbsp;&nbsp;fff0s_init
<LI><a href="#[3d]">&gt;&gt;</a>&nbsp;&nbsp;&nbsp;fff0s_destroy
</UL>

<P><STRONG><a name="[fd]"></a>ke_msg_alloc</STRONG> (Thumb, 0 bytes, Stack size 0 bytes, peripheral_stack_symbol.txt(ABSOLUTE))
<BR><BR>[Called By]<UL><LI><a href="#[ff]">&gt;&gt;</a>&nbsp;&nbsp;&nbsp;app_fff1_send_lvl
<LI><a href="#[172]">&gt;&gt;</a>&nbsp;&nbsp;&nbsp;appm_update_param
<LI><a href="#[167]">&gt;&gt;</a>&nbsp;&nbsp;&nbsp;appm_disconnect
<LI><a href="#[171]">&gt;&gt;</a>&nbsp;&nbsp;&nbsp;appm_update_adv_data
<LI><a href="#[170]">&gt;&gt;</a>&nbsp;&nbsp;&nbsp;appm_stop_advertising
<LI><a href="#[16f]">&gt;&gt;</a>&nbsp;&nbsp;&nbsp;appm_start_advertising
<LI><a href="#[45]">&gt;&gt;</a>&nbsp;&nbsp;&nbsp;app_fff0_add_fff0s
<LI><a href="#[42]">&gt;&gt;</a>&nbsp;&nbsp;&nbsp;gattc_write_req_ind_handler
<LI><a href="#[43]">&gt;&gt;</a>&nbsp;&nbsp;&nbsp;gattc_read_req_ind_handler
<LI><a href="#[41]">&gt;&gt;</a>&nbsp;&nbsp;&nbsp;gattc_att_info_req_ind_handler
<LI><a href="#[1d8]">&gt;&gt;</a>&nbsp;&nbsp;&nbsp;fff0s_notify_fff1_lvl
<LI><a href="#[4b]">&gt;&gt;</a>&nbsp;&nbsp;&nbsp;gapm_device_ready_ind_handler
<LI><a href="#[4c]">&gt;&gt;</a>&nbsp;&nbsp;&nbsp;gapm_cmp_evt_handler
<LI><a href="#[4e]">&gt;&gt;</a>&nbsp;&nbsp;&nbsp;gapc_set_dev_info_req_ind_handler
<LI><a href="#[56]">&gt;&gt;</a>&nbsp;&nbsp;&nbsp;gapc_param_update_req_ind_handler
<LI><a href="#[4d]">&gt;&gt;</a>&nbsp;&nbsp;&nbsp;gapc_get_dev_info_req_ind_handler
<LI><a href="#[4f]">&gt;&gt;</a>&nbsp;&nbsp;&nbsp;gapc_connection_req_ind_handler
</UL>

<P><STRONG><a name="[fe]"></a>ke_msg_send</STRONG> (Thumb, 0 bytes, Stack size 0 bytes, peripheral_stack_symbol.txt(ABSOLUTE))
<BR><BR>[Called By]<UL><LI><a href="#[ff]">&gt;&gt;</a>&nbsp;&nbsp;&nbsp;app_fff1_send_lvl
<LI><a href="#[172]">&gt;&gt;</a>&nbsp;&nbsp;&nbsp;appm_update_param
<LI><a href="#[167]">&gt;&gt;</a>&nbsp;&nbsp;&nbsp;appm_disconnect
<LI><a href="#[171]">&gt;&gt;</a>&nbsp;&nbsp;&nbsp;appm_update_adv_data
<LI><a href="#[170]">&gt;&gt;</a>&nbsp;&nbsp;&nbsp;appm_stop_advertising
<LI><a href="#[16f]">&gt;&gt;</a>&nbsp;&nbsp;&nbsp;appm_start_advertising
<LI><a href="#[45]">&gt;&gt;</a>&nbsp;&nbsp;&nbsp;app_fff0_add_fff0s
<LI><a href="#[42]">&gt;&gt;</a>&nbsp;&nbsp;&nbsp;gattc_write_req_ind_handler
<LI><a href="#[43]">&gt;&gt;</a>&nbsp;&nbsp;&nbsp;gattc_read_req_ind_handler
<LI><a href="#[41]">&gt;&gt;</a>&nbsp;&nbsp;&nbsp;gattc_att_info_req_ind_handler
<LI><a href="#[1d8]">&gt;&gt;</a>&nbsp;&nbsp;&nbsp;fff0s_notify_fff1_lvl
<LI><a href="#[4b]">&gt;&gt;</a>&nbsp;&nbsp;&nbsp;gapm_device_ready_ind_handler
<LI><a href="#[4c]">&gt;&gt;</a>&nbsp;&nbsp;&nbsp;gapm_cmp_evt_handler
<LI><a href="#[4e]">&gt;&gt;</a>&nbsp;&nbsp;&nbsp;gapc_set_dev_info_req_ind_handler
<LI><a href="#[56]">&gt;&gt;</a>&nbsp;&nbsp;&nbsp;gapc_param_update_req_ind_handler
<LI><a href="#[4d]">&gt;&gt;</a>&nbsp;&nbsp;&nbsp;gapc_get_dev_info_req_ind_handler
<LI><a href="#[4f]">&gt;&gt;</a>&nbsp;&nbsp;&nbsp;gapc_connection_req_ind_handler
</UL>

<P><STRONG><a name="[16a]"></a>ke_task_create</STRONG> (Thumb, 0 bytes, Stack size 0 bytes, peripheral_stack_symbol.txt(ABSOLUTE))
<BR><BR>[Called By]<UL><LI><a href="#[169]">&gt;&gt;</a>&nbsp;&nbsp;&nbsp;appm_init
<LI><a href="#[22]">&gt;&gt;</a>&nbsp;&nbsp;&nbsp;prf_init
</UL>

<P><STRONG><a name="[16b]"></a>ke_state_set</STRONG> (Thumb, 0 bytes, Stack size 0 bytes, peripheral_stack_symbol.txt(ABSOLUTE))
<BR><BR>[Called By]<UL><LI><a href="#[170]">&gt;&gt;</a>&nbsp;&nbsp;&nbsp;appm_stop_advertising
<LI><a href="#[16f]">&gt;&gt;</a>&nbsp;&nbsp;&nbsp;appm_start_advertising
<LI><a href="#[169]">&gt;&gt;</a>&nbsp;&nbsp;&nbsp;appm_init
<LI><a href="#[44]">&gt;&gt;</a>&nbsp;&nbsp;&nbsp;gattc_cmp_evt_handler
<LI><a href="#[40]">&gt;&gt;</a>&nbsp;&nbsp;&nbsp;fff0s_fff1_level_upd_req_handler
<LI><a href="#[3c]">&gt;&gt;</a>&nbsp;&nbsp;&nbsp;fff0s_init
<LI><a href="#[4c]">&gt;&gt;</a>&nbsp;&nbsp;&nbsp;gapm_cmp_evt_handler
<LI><a href="#[51]">&gt;&gt;</a>&nbsp;&nbsp;&nbsp;gapc_disconnect_ind_handler
<LI><a href="#[4f]">&gt;&gt;</a>&nbsp;&nbsp;&nbsp;gapc_connection_req_ind_handler
</UL>

<P><STRONG><a name="[d3]"></a>ke_state_get</STRONG> (Thumb, 0 bytes, Stack size 0 bytes, peripheral_stack_symbol.txt(ABSOLUTE))
<BR><BR>[Called By]<UL><LI><a href="#[d2]">&gt;&gt;</a>&nbsp;&nbsp;&nbsp;app_active_report_start
<LI><a href="#[cc]">&gt;&gt;</a>&nbsp;&nbsp;&nbsp;bk_adv_param_set
<LI><a href="#[d1]">&gt;&gt;</a>&nbsp;&nbsp;&nbsp;app_active_report_stop
<LI><a href="#[171]">&gt;&gt;</a>&nbsp;&nbsp;&nbsp;appm_update_adv_data
<LI><a href="#[170]">&gt;&gt;</a>&nbsp;&nbsp;&nbsp;appm_stop_advertising
<LI><a href="#[16f]">&gt;&gt;</a>&nbsp;&nbsp;&nbsp;appm_start_advertising
<LI><a href="#[44]">&gt;&gt;</a>&nbsp;&nbsp;&nbsp;gattc_cmp_evt_handler
<LI><a href="#[40]">&gt;&gt;</a>&nbsp;&nbsp;&nbsp;fff0s_fff1_level_upd_req_handler
<LI><a href="#[52]">&gt;&gt;</a>&nbsp;&nbsp;&nbsp;gapm_profile_added_ind_handler
</UL>

<P><STRONG><a name="[26a]"></a>ke_task_msg_flush</STRONG> (Thumb, 0 bytes, Stack size 0 bytes, peripheral_stack_symbol.txt(ABSOLUTE))
<BR><BR>[Called By]<UL><LI><a href="#[22]">&gt;&gt;</a>&nbsp;&nbsp;&nbsp;prf_init
</UL>

<P><STRONG><a name="[194]"></a>ke_timer_set</STRONG> (Thumb, 0 bytes, Stack size 0 bytes, peripheral_stack_symbol.txt(ABSOLUTE))
<BR><BR>[Called By]<UL><LI><a href="#[196]">&gt;&gt;</a>&nbsp;&nbsp;&nbsp;bk_timer_start_0
<LI><a href="#[190]">&gt;&gt;</a>&nbsp;&nbsp;&nbsp;bk_timer_handler
</UL>

<P><STRONG><a name="[199]"></a>ke_timer_clear</STRONG> (Thumb, 0 bytes, Stack size 0 bytes, peripheral_stack_symbol.txt(ABSOLUTE))
<BR><BR>[Called By]<UL><LI><a href="#[198]">&gt;&gt;</a>&nbsp;&nbsp;&nbsp;bk_timer_stop_0
</UL>

<P><STRONG><a name="[2a7]"></a>ke_timer_sleep_check</STRONG> (Thumb, 0 bytes, Stack size 0 bytes, peripheral_stack_symbol.txt(ABSOLUTE))
<BR><BR>[Called By]<UL><LI><a href="#[275]">&gt;&gt;</a>&nbsp;&nbsp;&nbsp;rwip_sleep
</UL>

<P><STRONG><a name="[28b]"></a>em_buf_init</STRONG> (Thumb, 0 bytes, Stack size 0 bytes, peripheral_stack_symbol.txt(ABSOLUTE))
<BR><BR>[Called By]<UL><LI><a href="#[298]">&gt;&gt;</a>&nbsp;&nbsp;&nbsp;rwble_reset
<LI><a href="#[28a]">&gt;&gt;</a>&nbsp;&nbsp;&nbsp;rwble_init
</UL>

<P><STRONG><a name="[28d]"></a>llc_init</STRONG> (Thumb, 0 bytes, Stack size 0 bytes, peripheral_stack_symbol.txt(ABSOLUTE))
<BR><BR>[Called By]<UL><LI><a href="#[28a]">&gt;&gt;</a>&nbsp;&nbsp;&nbsp;rwble_init
</UL>

<P><STRONG><a name="[29a]"></a>llc_reset</STRONG> (Thumb, 0 bytes, Stack size 0 bytes, peripheral_stack_symbol.txt(ABSOLUTE))
<BR><BR>[Called By]<UL><LI><a href="#[298]">&gt;&gt;</a>&nbsp;&nbsp;&nbsp;rwble_reset
</UL>

<P><STRONG><a name="[28c]"></a>lld_init</STRONG> (Thumb, 0 bytes, Stack size 0 bytes, peripheral_stack_symbol.txt(ABSOLUTE))
<BR><BR>[Called By]<UL><LI><a href="#[298]">&gt;&gt;</a>&nbsp;&nbsp;&nbsp;rwble_reset
<LI><a href="#[28a]">&gt;&gt;</a>&nbsp;&nbsp;&nbsp;rwble_init
</UL>

<P><STRONG><a name="[299]"></a>lld_core_reset</STRONG> (Thumb, 0 bytes, Stack size 0 bytes, peripheral_stack_symbol.txt(ABSOLUTE))
<BR><BR>[Called By]<UL><LI><a href="#[298]">&gt;&gt;</a>&nbsp;&nbsp;&nbsp;rwble_reset
</UL>

<P><STRONG><a name="[297]"></a>lld_crypt_isr</STRONG> (Thumb, 0 bytes, Stack size 0 bytes, peripheral_stack_symbol.txt(ABSOLUTE))
<BR><BR>[Called By]<UL><LI><a href="#[a6]">&gt;&gt;</a>&nbsp;&nbsp;&nbsp;rwble_isr
</UL>

<P><STRONG><a name="[296]"></a>lld_evt_timer_isr</STRONG> (Thumb, 0 bytes, Stack size 0 bytes, peripheral_stack_symbol.txt(ABSOLUTE))
<BR><BR>[Called By]<UL><LI><a href="#[a6]">&gt;&gt;</a>&nbsp;&nbsp;&nbsp;rwble_isr
</UL>

<P><STRONG><a name="[293]"></a>lld_evt_end_isr</STRONG> (Thumb, 0 bytes, Stack size 0 bytes, peripheral_stack_symbol.txt(ABSOLUTE))
<BR><BR>[Called By]<UL><LI><a href="#[a6]">&gt;&gt;</a>&nbsp;&nbsp;&nbsp;rwble_isr
</UL>

<P><STRONG><a name="[294]"></a>lld_evt_rx_isr</STRONG> (Thumb, 0 bytes, Stack size 0 bytes, peripheral_stack_symbol.txt(ABSOLUTE))
<BR><BR>[Called By]<UL><LI><a href="#[a6]">&gt;&gt;</a>&nbsp;&nbsp;&nbsp;rwble_isr
</UL>

<P><STRONG><a name="[2ac]"></a>lld_sleep_enter</STRONG> (Thumb, 0 bytes, Stack size 0 bytes, peripheral_stack_symbol.txt(ABSOLUTE))
<BR><BR>[Called By]<UL><LI><a href="#[275]">&gt;&gt;</a>&nbsp;&nbsp;&nbsp;rwip_sleep
</UL>

<P><STRONG><a name="[2ad]"></a>lld_sleep_wakeup</STRONG> (Thumb, 0 bytes, Stack size 0 bytes, peripheral_stack_symbol.txt(ABSOLUTE))
<BR><BR>[Called By]<UL><LI><a href="#[290]">&gt;&gt;</a>&nbsp;&nbsp;&nbsp;rwip_wakeup
</UL>

<P><STRONG><a name="[2af]"></a>lld_sleep_wakeup_end</STRONG> (Thumb, 0 bytes, Stack size 0 bytes, peripheral_stack_symbol.txt(ABSOLUTE))
<BR><BR>[Called By]<UL><LI><a href="#[291]">&gt;&gt;</a>&nbsp;&nbsp;&nbsp;rwip_wakeup_end
</UL>

<P><STRONG><a name="[28e]"></a>llm_init</STRONG> (Thumb, 0 bytes, Stack size 0 bytes, peripheral_stack_symbol.txt(ABSOLUTE))
<BR><BR>[Called By]<UL><LI><a href="#[298]">&gt;&gt;</a>&nbsp;&nbsp;&nbsp;rwble_reset
<LI><a href="#[28a]">&gt;&gt;</a>&nbsp;&nbsp;&nbsp;rwble_init
</UL>

<P><STRONG><a name="[28f]"></a>llm_ble_ready</STRONG> (Thumb, 0 bytes, Stack size 0 bytes, peripheral_stack_symbol.txt(ABSOLUTE))
<BR><BR>[Called By]<UL><LI><a href="#[28a]">&gt;&gt;</a>&nbsp;&nbsp;&nbsp;rwble_init
</UL>

<P><STRONG><a name="[2a1]"></a>ea_init</STRONG> (Thumb, 0 bytes, Stack size 0 bytes, peripheral_stack_symbol.txt(ABSOLUTE))
<BR><BR>[Called By]<UL><LI><a href="#[27]">&gt;&gt;</a>&nbsp;&nbsp;&nbsp;rwip_reset
<LI><a href="#[284]">&gt;&gt;</a>&nbsp;&nbsp;&nbsp;rwip_init
</UL>

<P><STRONG><a name="[292]"></a>ea_finetimer_isr</STRONG> (Thumb, 0 bytes, Stack size 0 bytes, peripheral_stack_symbol.txt(ABSOLUTE))
<BR><BR>[Called By]<UL><LI><a href="#[a6]">&gt;&gt;</a>&nbsp;&nbsp;&nbsp;rwble_isr
</UL>

<P><STRONG><a name="[295]"></a>ea_sw_isr</STRONG> (Thumb, 0 bytes, Stack size 0 bytes, peripheral_stack_symbol.txt(ABSOLUTE))
<BR><BR>[Called By]<UL><LI><a href="#[a6]">&gt;&gt;</a>&nbsp;&nbsp;&nbsp;rwble_isr
</UL>

<P><STRONG><a name="[2a9]"></a>ea_sleep_check</STRONG> (Thumb, 0 bytes, Stack size 0 bytes, peripheral_stack_symbol.txt(ABSOLUTE))
<BR><BR>[Called By]<UL><LI><a href="#[275]">&gt;&gt;</a>&nbsp;&nbsp;&nbsp;rwip_sleep
</UL>

<P><STRONG><a name="[287]"></a>gapm_init</STRONG> (Thumb, 0 bytes, Stack size 0 bytes, peripheral_stack_symbol.txt(ABSOLUTE))
<BR><BR>[Called By]<UL><LI><a href="#[285]">&gt;&gt;</a>&nbsp;&nbsp;&nbsp;rwble_hl_init
<LI><a href="#[26]">&gt;&gt;</a>&nbsp;&nbsp;&nbsp;rwble_hl_reset
</UL>

<P><STRONG><a name="[1dc]"></a>attm_svc_create_db</STRONG> (Thumb, 0 bytes, Stack size 0 bytes, peripheral_stack_symbol.txt(ABSOLUTE))
<BR><BR>[Called By]<UL><LI><a href="#[3c]">&gt;&gt;</a>&nbsp;&nbsp;&nbsp;fff0s_init
</UL>

<P><STRONG><a name="[286]"></a>attm_init</STRONG> (Thumb, 0 bytes, Stack size 0 bytes, peripheral_stack_symbol.txt(ABSOLUTE))
<BR><BR>[Called By]<UL><LI><a href="#[285]">&gt;&gt;</a>&nbsp;&nbsp;&nbsp;rwble_hl_init
<LI><a href="#[26]">&gt;&gt;</a>&nbsp;&nbsp;&nbsp;rwble_hl_reset
</UL>

<P><STRONG><a name="[288]"></a>gattm_init</STRONG> (Thumb, 0 bytes, Stack size 0 bytes, peripheral_stack_symbol.txt(ABSOLUTE))
<BR><BR>[Called By]<UL><LI><a href="#[285]">&gt;&gt;</a>&nbsp;&nbsp;&nbsp;rwble_hl_init
<LI><a href="#[26]">&gt;&gt;</a>&nbsp;&nbsp;&nbsp;rwble_hl_reset
</UL>

<P><STRONG><a name="[289]"></a>l2cm_init</STRONG> (Thumb, 0 bytes, Stack size 0 bytes, peripheral_stack_symbol.txt(ABSOLUTE))
<BR><BR>[Called By]<UL><LI><a href="#[285]">&gt;&gt;</a>&nbsp;&nbsp;&nbsp;rwble_hl_init
<LI><a href="#[26]">&gt;&gt;</a>&nbsp;&nbsp;&nbsp;rwble_hl_reset
</UL>

<P><STRONG><a name="[29f]"></a>hci_init</STRONG> (Thumb, 0 bytes, Stack size 0 bytes, peripheral_stack_symbol.txt(ABSOLUTE))
<BR><BR>[Called By]<UL><LI><a href="#[284]">&gt;&gt;</a>&nbsp;&nbsp;&nbsp;rwip_init
</UL>

<P><STRONG><a name="[2a3]"></a>hci_reset</STRONG> (Thumb, 0 bytes, Stack size 0 bytes, peripheral_stack_symbol.txt(ABSOLUTE))
<BR><BR>[Called By]<UL><LI><a href="#[27]">&gt;&gt;</a>&nbsp;&nbsp;&nbsp;rwip_reset
</UL>

<P><STRONG><a name="[29e]"></a>h4tl_init</STRONG> (Thumb, 0 bytes, Stack size 0 bytes, peripheral_stack_symbol.txt(ABSOLUTE))
<BR><BR>[Called By]<UL><LI><a href="#[284]">&gt;&gt;</a>&nbsp;&nbsp;&nbsp;rwip_init
</UL>

<P><STRONG><a name="[2ae]"></a>h4tl_start</STRONG> (Thumb, 0 bytes, Stack size 0 bytes, peripheral_stack_symbol.txt(ABSOLUTE))
<BR><BR>[Called By]<UL><LI><a href="#[290]">&gt;&gt;</a>&nbsp;&nbsp;&nbsp;rwip_wakeup
</UL>

<P><STRONG><a name="[2aa]"></a>h4tl_stop</STRONG> (Thumb, 0 bytes, Stack size 0 bytes, peripheral_stack_symbol.txt(ABSOLUTE))
<BR><BR>[Called By]<UL><LI><a href="#[275]">&gt;&gt;</a>&nbsp;&nbsp;&nbsp;rwip_sleep
</UL>

<P><STRONG><a name="[2a0]"></a>ahi_init</STRONG> (Thumb, 0 bytes, Stack size 0 bytes, peripheral_stack_symbol.txt(ABSOLUTE))
<BR><BR>[Called By]<UL><LI><a href="#[284]">&gt;&gt;</a>&nbsp;&nbsp;&nbsp;rwip_init
</UL>

<P><STRONG><a name="[82]"></a>__aeabi_uidivmod</STRONG> (Thumb, 0 bytes, Stack size 0 bytes, peripheral_stack_symbol.txt(ABSOLUTE))
<BR><BR>[Called By]<UL><LI><a href="#[f5]">&gt;&gt;</a>&nbsp;&nbsp;&nbsp;lock_open_meth_sync_new_report
<LI><a href="#[10a]">&gt;&gt;</a>&nbsp;&nbsp;&nbsp;app_ota_get_crc32_in_flash
<LI><a href="#[238]">&gt;&gt;</a>&nbsp;&nbsp;&nbsp;tuya_ble_utc_sec_2_mytime
<LI><a href="#[23c]">&gt;&gt;</a>&nbsp;&nbsp;&nbsp;lock_offline_pwd_storage_calculate_T2_T3
<LI><a href="#[237]">&gt;&gt;</a>&nbsp;&nbsp;&nbsp;lock_offline_pwd_calculate_T2_T3
<LI><a href="#[216]">&gt;&gt;</a>&nbsp;&nbsp;&nbsp;verify_dynamic_pwd_token
<LI><a href="#[b7]">&gt;&gt;</a>&nbsp;&nbsp;&nbsp;TOTP
<LI><a href="#[120]">&gt;&gt;</a>&nbsp;&nbsp;&nbsp;bk_conn_param_update
<LI><a href="#[165]">&gt;&gt;</a>&nbsp;&nbsp;&nbsp;applib_dt_is_leap_year
<LI><a href="#[163]">&gt;&gt;</a>&nbsp;&nbsp;&nbsp;applib_dt_dayindex
<LI><a href="#[1ee]">&gt;&gt;</a>&nbsp;&nbsp;&nbsp;fpe_mod_pow
<LI><a href="#[1bd]">&gt;&gt;</a>&nbsp;&nbsp;&nbsp;num_to_num_str
<LI><a href="#[1ae]">&gt;&gt;</a>&nbsp;&nbsp;&nbsp;fpe_mod_pow_radix
<LI><a href="#[1b8]">&gt;&gt;</a>&nbsp;&nbsp;&nbsp;fpe_mod
<LI><a href="#[1ab]">&gt;&gt;</a>&nbsp;&nbsp;&nbsp;ceil2
<LI><a href="#[1ac]">&gt;&gt;</a>&nbsp;&nbsp;&nbsp;calcc
<LI><a href="#[242]">&gt;&gt;</a>&nbsp;&nbsp;&nbsp;suble_buzzer_start
<LI><a href="#[196]">&gt;&gt;</a>&nbsp;&nbsp;&nbsp;bk_timer_start_0
<LI><a href="#[a6]">&gt;&gt;</a>&nbsp;&nbsp;&nbsp;rwble_isr
<LI><a href="#[2b]">&gt;&gt;</a>&nbsp;&nbsp;&nbsp;rwip_us_2_lpcycles
<LI><a href="#[275]">&gt;&gt;</a>&nbsp;&nbsp;&nbsp;rwip_sleep
<LI><a href="#[7f]">&gt;&gt;</a>&nbsp;&nbsp;&nbsp;rw_fcc_enter
<LI><a href="#[1fa]">&gt;&gt;</a>&nbsp;&nbsp;&nbsp;kmod_calibration
<LI><a href="#[84]">&gt;&gt;</a>&nbsp;&nbsp;&nbsp;pn9_test_process
<LI><a href="#[ba]">&gt;&gt;</a>&nbsp;&nbsp;&nbsp;_printf_core
</UL>

<P><STRONG><a name="[164]"></a>__aeabi_idivmod</STRONG> (Thumb, 0 bytes, Stack size 0 bytes, peripheral_stack_symbol.txt(ABSOLUTE))
<BR><BR>[Called By]<UL><LI><a href="#[238]">&gt;&gt;</a>&nbsp;&nbsp;&nbsp;tuya_ble_utc_sec_2_mytime
<LI><a href="#[163]">&gt;&gt;</a>&nbsp;&nbsp;&nbsp;applib_dt_dayindex
</UL>

<P><STRONG><a name="[16d]"></a>rand</STRONG> (Thumb, 0 bytes, Stack size 0 bytes, peripheral_stack_symbol.txt(ABSOLUTE))
<BR><BR>[Called By]<UL><LI><a href="#[2fd]">&gt;&gt;</a>&nbsp;&nbsp;&nbsp;tuya_ble_rand_generator
<LI><a href="#[2d6]">&gt;&gt;</a>&nbsp;&nbsp;&nbsp;tuya_ble_commData_send
<LI><a href="#[169]">&gt;&gt;</a>&nbsp;&nbsp;&nbsp;appm_init
</UL>

<P><STRONG><a name="[27b]"></a>srand</STRONG> (Thumb, 0 bytes, Stack size 0 bytes, peripheral_stack_symbol.txt(ABSOLUTE))
<BR><BR>[Called By]<UL><LI><a href="#[298]">&gt;&gt;</a>&nbsp;&nbsp;&nbsp;rwble_reset
<LI><a href="#[279]">&gt;&gt;</a>&nbsp;&nbsp;&nbsp;rw_main
</UL>

<P><STRONG><a name="[ab]"></a>__aeabi_memcpy</STRONG> (Thumb, 0 bytes, Stack size 0 bytes, peripheral_stack_symbol.txt(ABSOLUTE))
<BR><BR>[Called By]<UL><LI><a href="#[1fe]">&gt;&gt;</a>&nbsp;&nbsp;&nbsp;lock_evt_save
<LI><a href="#[1c0]">&gt;&gt;</a>&nbsp;&nbsp;&nbsp;lock_open_record_report_common
<LI><a href="#[f6]">&gt;&gt;</a>&nbsp;&nbsp;&nbsp;lock_offline_evt_report
<LI><a href="#[23e]">&gt;&gt;</a>&nbsp;&nbsp;&nbsp;lock_open_record_report_common_with_delay
<LI><a href="#[f5]">&gt;&gt;</a>&nbsp;&nbsp;&nbsp;lock_open_meth_sync_new_report
<LI><a href="#[235]">&gt;&gt;</a>&nbsp;&nbsp;&nbsp;lock_master_info_save
<LI><a href="#[22c]">&gt;&gt;</a>&nbsp;&nbsp;&nbsp;lock_hard_modify_in_local_flash
<LI><a href="#[22b]">&gt;&gt;</a>&nbsp;&nbsp;&nbsp;lock_hard_modify_all_by_memberid
<LI><a href="#[ed]">&gt;&gt;</a>&nbsp;&nbsp;&nbsp;app_common_evt_send_with_data
<LI><a href="#[f4]">&gt;&gt;</a>&nbsp;&nbsp;&nbsp;lock_dp_parser_handler
<LI><a href="#[212]">&gt;&gt;</a>&nbsp;&nbsp;&nbsp;set_master_srand_num_handler
<LI><a href="#[213]">&gt;&gt;</a>&nbsp;&nbsp;&nbsp;open_with_master_handler
<LI><a href="#[206]">&gt;&gt;</a>&nbsp;&nbsp;&nbsp;open_meth_sync_handler
<LI><a href="#[232]">&gt;&gt;</a>&nbsp;&nbsp;&nbsp;lock_open_record_report_offline_pwd
<LI><a href="#[231]">&gt;&gt;</a>&nbsp;&nbsp;&nbsp;lock_offline_pwd_verify
<LI><a href="#[22d]">&gt;&gt;</a>&nbsp;&nbsp;&nbsp;lock_hard_save_in_local_flash
<LI><a href="#[1d5]">&gt;&gt;</a>&nbsp;&nbsp;&nbsp;lock_hard_uart_simulate
<LI><a href="#[ee]">&gt;&gt;</a>&nbsp;&nbsp;&nbsp;app_common_init
<LI><a href="#[15c]">&gt;&gt;</a>&nbsp;&nbsp;&nbsp;app_test_write_auth_info_handler
<LI><a href="#[160]">&gt;&gt;</a>&nbsp;&nbsp;&nbsp;app_test_rsp
<LI><a href="#[15d]">&gt;&gt;</a>&nbsp;&nbsp;&nbsp;app_test_query_info_handler
<LI><a href="#[10d]">&gt;&gt;</a>&nbsp;&nbsp;&nbsp;app_ota_file_info_handler
<LI><a href="#[247]">&gt;&gt;</a>&nbsp;&nbsp;&nbsp;lock_test_rsp
<LI><a href="#[1ed]">&gt;&gt;</a>&nbsp;&nbsp;&nbsp;fpe_decrypt
<LI><a href="#[1fb]">&gt;&gt;</a>&nbsp;&nbsp;&nbsp;is_offline_pwd_exist
<LI><a href="#[a8]">&gt;&gt;</a>&nbsp;&nbsp;&nbsp;HMAC_SHA1
<LI><a href="#[303]">&gt;&gt;</a>&nbsp;&nbsp;&nbsp;tuya_ble_storage_init
<LI><a href="#[2cc]">&gt;&gt;</a>&nbsp;&nbsp;&nbsp;tuya_ble_adv_change
<LI><a href="#[1b2]">&gt;&gt;</a>&nbsp;&nbsp;&nbsp;data_2_klvlist
<LI><a href="#[30a]">&gt;&gt;</a>&nbsp;&nbsp;&nbsp;tuya_ble_uart_receive_data
<LI><a href="#[18e]">&gt;&gt;</a>&nbsp;&nbsp;&nbsp;tuya_ble_gatt_receive_data
<LI><a href="#[309]">&gt;&gt;</a>&nbsp;&nbsp;&nbsp;tuya_ble_uart_data_unpack
<LI><a href="#[249]">&gt;&gt;</a>&nbsp;&nbsp;&nbsp;mbedtls_aes_crypt_cbc
<LI><a href="#[176]">&gt;&gt;</a>&nbsp;&nbsp;&nbsp;bk_ble_notify
<LI><a href="#[2fd]">&gt;&gt;</a>&nbsp;&nbsp;&nbsp;tuya_ble_rand_generator
<LI><a href="#[2cf]">&gt;&gt;</a>&nbsp;&nbsp;&nbsp;tuya_ble_gap_advertising_scan_rsp_data_update
<LI><a href="#[2ce]">&gt;&gt;</a>&nbsp;&nbsp;&nbsp;tuya_ble_gap_advertising_adv_data_update
<LI><a href="#[11d]">&gt;&gt;</a>&nbsp;&nbsp;&nbsp;tuya_ble_sdk_init
<LI><a href="#[143]">&gt;&gt;</a>&nbsp;&nbsp;&nbsp;tuya_ble_ota_response
<LI><a href="#[129]">&gt;&gt;</a>&nbsp;&nbsp;&nbsp;tuya_ble_dp_data_with_time_report
<LI><a href="#[127]">&gt;&gt;</a>&nbsp;&nbsp;&nbsp;tuya_ble_dp_data_report
<LI><a href="#[13f]">&gt;&gt;</a>&nbsp;&nbsp;&nbsp;sf_nv_write
<LI><a href="#[13b]">&gt;&gt;</a>&nbsp;&nbsp;&nbsp;sf_nv_read
<LI><a href="#[146]">&gt;&gt;</a>&nbsp;&nbsp;&nbsp;bk_set_bt_mac_addr
<LI><a href="#[12e]">&gt;&gt;</a>&nbsp;&nbsp;&nbsp;bk_get_bt_mac_addr
<LI><a href="#[2d9]">&gt;&gt;</a>&nbsp;&nbsp;&nbsp;tuya_ble_encryption
<LI><a href="#[2dd]">&gt;&gt;</a>&nbsp;&nbsp;&nbsp;tuya_ble_decryption
<LI><a href="#[2ca]">&gt;&gt;</a>&nbsp;&nbsp;&nbsp;trsmitr_send_pkg_encode
<LI><a href="#[1a3]">&gt;&gt;</a>&nbsp;&nbsp;&nbsp;trsmitr_recv_pkg_decode
<LI><a href="#[2f1]">&gt;&gt;</a>&nbsp;&nbsp;&nbsp;tuya_ble_handle_unix_time_char_ms_resp
<LI><a href="#[2f5]">&gt;&gt;</a>&nbsp;&nbsp;&nbsp;tuya_ble_handle_pair_req
<LI><a href="#[2f6]">&gt;&gt;</a>&nbsp;&nbsp;&nbsp;tuya_ble_handle_ota_req
<LI><a href="#[2f0]">&gt;&gt;</a>&nbsp;&nbsp;&nbsp;tuya_ble_handle_net_config_info_req
<LI><a href="#[2f2]">&gt;&gt;</a>&nbsp;&nbsp;&nbsp;tuya_ble_handle_dp_write_req
<LI><a href="#[2f3]">&gt;&gt;</a>&nbsp;&nbsp;&nbsp;tuya_ble_handle_dp_query_req
<LI><a href="#[2f4]">&gt;&gt;</a>&nbsp;&nbsp;&nbsp;tuya_ble_handle_dev_infor_req
<LI><a href="#[1a2]">&gt;&gt;</a>&nbsp;&nbsp;&nbsp;ble_data_unpack
<LI><a href="#[307]">&gt;&gt;</a>&nbsp;&nbsp;&nbsp;tuya_ble_storage_load_settings
<LI><a href="#[301]">&gt;&gt;</a>&nbsp;&nbsp;&nbsp;tuya_ble_sched_event_put
<LI><a href="#[300]">&gt;&gt;</a>&nbsp;&nbsp;&nbsp;tuya_sched_execute
<LI><a href="#[2ed]">&gt;&gt;</a>&nbsp;&nbsp;&nbsp;tuya_ble_evt_process
<LI><a href="#[2cd]">&gt;&gt;</a>&nbsp;&nbsp;&nbsp;tuya_ble_device_id_encrypt
<LI><a href="#[2dc]">&gt;&gt;</a>&nbsp;&nbsp;&nbsp;tuya_ble_commonData_rx_proc
<LI><a href="#[2d6]">&gt;&gt;</a>&nbsp;&nbsp;&nbsp;tuya_ble_commData_send
<LI><a href="#[2eb]">&gt;&gt;</a>&nbsp;&nbsp;&nbsp;tuya_ble_handle_dp_data_with_time_reported_evt
<LI><a href="#[2e8]">&gt;&gt;</a>&nbsp;&nbsp;&nbsp;tuya_ble_handle_device_info_update_evt
<LI><a href="#[260]">&gt;&gt;</a>&nbsp;&nbsp;&nbsp;nv_write
<LI><a href="#[25c]">&gt;&gt;</a>&nbsp;&nbsp;&nbsp;nv_read
<LI><a href="#[1ba]">&gt;&gt;</a>&nbsp;&nbsp;&nbsp;to_byte_str_with_bignum
<LI><a href="#[1bb]">&gt;&gt;</a>&nbsp;&nbsp;&nbsp;prf
<LI><a href="#[1b6]">&gt;&gt;</a>&nbsp;&nbsp;&nbsp;num_str_copy_of_range
<LI><a href="#[1be]">&gt;&gt;</a>&nbsp;&nbsp;&nbsp;num_str_concatenate
<LI><a href="#[1b1]">&gt;&gt;</a>&nbsp;&nbsp;&nbsp;create_byte_str
<LI><a href="#[1a9]">&gt;&gt;</a>&nbsp;&nbsp;&nbsp;byte_str_copy_of_range
<LI><a href="#[1a6]">&gt;&gt;</a>&nbsp;&nbsp;&nbsp;byte_str_concatenate
<LI><a href="#[25a]">&gt;&gt;</a>&nbsp;&nbsp;&nbsp;mbedtls_md5_update_ret
<LI><a href="#[ff]">&gt;&gt;</a>&nbsp;&nbsp;&nbsp;app_fff1_send_lvl
<LI><a href="#[186]">&gt;&gt;</a>&nbsp;&nbsp;&nbsp;bk_init_bt_mac_addr
<LI><a href="#[171]">&gt;&gt;</a>&nbsp;&nbsp;&nbsp;appm_update_adv_data
<LI><a href="#[16f]">&gt;&gt;</a>&nbsp;&nbsp;&nbsp;appm_start_advertising
<LI><a href="#[1ec]">&gt;&gt;</a>&nbsp;&nbsp;&nbsp;flash_write_data
<LI><a href="#[1ea]">&gt;&gt;</a>&nbsp;&nbsp;&nbsp;flash_read_data
<LI><a href="#[168]">&gt;&gt;</a>&nbsp;&nbsp;&nbsp;appm_get_dev_name
<LI><a href="#[42]">&gt;&gt;</a>&nbsp;&nbsp;&nbsp;gattc_write_req_ind_handler
<LI><a href="#[1d8]">&gt;&gt;</a>&nbsp;&nbsp;&nbsp;fff0s_notify_fff1_lvl
<LI><a href="#[2e1]">&gt;&gt;</a>&nbsp;&nbsp;&nbsp;tuya_ble_key_generate
<LI><a href="#[2cb]">&gt;&gt;</a>&nbsp;&nbsp;&nbsp;tuya_ble_Add_Pkcs
<LI><a href="#[4c]">&gt;&gt;</a>&nbsp;&nbsp;&nbsp;gapm_cmp_evt_handler
</UL>

<P><STRONG><a name="[15b]"></a>__aeabi_memcpy4</STRONG> (Thumb, 0 bytes, Stack size 0 bytes, peripheral_stack_symbol.txt(ABSOLUTE))
<BR><BR>[Called By]<UL><LI><a href="#[162]">&gt;&gt;</a>&nbsp;&nbsp;&nbsp;tuya_ble_storage_save_sys_settings
<LI><a href="#[161]">&gt;&gt;</a>&nbsp;&nbsp;&nbsp;tuya_ble_storage_save_auth_settings
<LI><a href="#[15a]">&gt;&gt;</a>&nbsp;&nbsp;&nbsp;app_test_process
<LI><a href="#[1d4]">&gt;&gt;</a>&nbsp;&nbsp;&nbsp;lock_test_process
<LI><a href="#[2de]">&gt;&gt;</a>&nbsp;&nbsp;&nbsp;tuya_ble_event_send
<LI><a href="#[2cc]">&gt;&gt;</a>&nbsp;&nbsp;&nbsp;tuya_ble_adv_change
<LI><a href="#[307]">&gt;&gt;</a>&nbsp;&nbsp;&nbsp;tuya_ble_storage_load_settings
<LI><a href="#[279]">&gt;&gt;</a>&nbsp;&nbsp;&nbsp;rw_main
</UL>

<P><STRONG><a name="[10f]"></a>memcmp</STRONG> (Thumb, 0 bytes, Stack size 0 bytes, peripheral_stack_symbol.txt(ABSOLUTE))
<BR><BR>[Called By]<UL><LI><a href="#[1b4]">&gt;&gt;</a>&nbsp;&nbsp;&nbsp;lock_master_info_masterid_srand_is_exist
<LI><a href="#[234]">&gt;&gt;</a>&nbsp;&nbsp;&nbsp;lock_master_info_is_empty
<LI><a href="#[212]">&gt;&gt;</a>&nbsp;&nbsp;&nbsp;set_master_srand_num_handler
<LI><a href="#[210]">&gt;&gt;</a>&nbsp;&nbsp;&nbsp;open_with_nopwd_remote_handler
<LI><a href="#[15d]">&gt;&gt;</a>&nbsp;&nbsp;&nbsp;app_test_query_info_handler
<LI><a href="#[111]">&gt;&gt;</a>&nbsp;&nbsp;&nbsp;app_ota_file_offset_handler
<LI><a href="#[10d]">&gt;&gt;</a>&nbsp;&nbsp;&nbsp;app_ota_file_info_handler
<LI><a href="#[2f5]">&gt;&gt;</a>&nbsp;&nbsp;&nbsp;tuya_ble_handle_pair_req
<LI><a href="#[186]">&gt;&gt;</a>&nbsp;&nbsp;&nbsp;bk_init_bt_mac_addr
<LI><a href="#[2e1]">&gt;&gt;</a>&nbsp;&nbsp;&nbsp;tuya_ble_key_generate
</UL>

<P><STRONG><a name="[9f]"></a>__ARM_clz</STRONG> (ARM, 0 bytes, Stack size 0 bytes, peripheral_stack_symbol.txt(ABSOLUTE))
<BR><BR>[Called By]<UL><LI><a href="#[94]">&gt;&gt;</a>&nbsp;&nbsp;&nbsp;_double_epilogue (via BLX)
</UL>

<P><STRONG><a name="[17d]"></a>__ARM_common_disable_fiq</STRONG> (ARM, 0 bytes, Stack size 0 bytes, peripheral_stack_symbol.txt(ABSOLUTE))
<BR><BR>[Called By]<UL><LI><a href="#[17c]">&gt;&gt;</a>&nbsp;&nbsp;&nbsp;bk_enter_critical (via BLX)
<LI><a href="#[2d]">&gt;&gt;</a>&nbsp;&nbsp;&nbsp;platform_reset (via BLX)
<LI><a href="#[298]">&gt;&gt;</a>&nbsp;&nbsp;&nbsp;rwble_reset (via BLX)
<LI><a href="#[27]">&gt;&gt;</a>&nbsp;&nbsp;&nbsp;rwip_reset (via BLX)
<LI><a href="#[28]">&gt;&gt;</a>&nbsp;&nbsp;&nbsp;rwip_prevent_sleep_set (via BLX)
<LI><a href="#[29]">&gt;&gt;</a>&nbsp;&nbsp;&nbsp;rwip_prevent_sleep_clear (via BLX)
<LI><a href="#[272]">&gt;&gt;</a>&nbsp;&nbsp;&nbsp;rw_app_enter (via BLX)
</UL>

<P><STRONG><a name="[17e]"></a>__ARM_common_disable_irq</STRONG> (ARM, 0 bytes, Stack size 0 bytes, peripheral_stack_symbol.txt(ABSOLUTE))
<BR><BR>[Called By]<UL><LI><a href="#[17c]">&gt;&gt;</a>&nbsp;&nbsp;&nbsp;bk_enter_critical (via BLX)
<LI><a href="#[2d]">&gt;&gt;</a>&nbsp;&nbsp;&nbsp;platform_reset (via BLX)
<LI><a href="#[298]">&gt;&gt;</a>&nbsp;&nbsp;&nbsp;rwble_reset (via BLX)
<LI><a href="#[27]">&gt;&gt;</a>&nbsp;&nbsp;&nbsp;rwip_reset (via BLX)
<LI><a href="#[28]">&gt;&gt;</a>&nbsp;&nbsp;&nbsp;rwip_prevent_sleep_set (via BLX)
<LI><a href="#[29]">&gt;&gt;</a>&nbsp;&nbsp;&nbsp;rwip_prevent_sleep_clear (via BLX)
<LI><a href="#[272]">&gt;&gt;</a>&nbsp;&nbsp;&nbsp;rw_app_enter (via BLX)
</UL>

<P><STRONG><a name="[180]"></a>__ARM_common_enable_fiq</STRONG> (ARM, 0 bytes, Stack size 0 bytes, peripheral_stack_symbol.txt(ABSOLUTE))
<BR><BR>[Called By]<UL><LI><a href="#[17f]">&gt;&gt;</a>&nbsp;&nbsp;&nbsp;bk_exit_critical (via BLX)
<LI><a href="#[298]">&gt;&gt;</a>&nbsp;&nbsp;&nbsp;rwble_reset (via BLX)
<LI><a href="#[27]">&gt;&gt;</a>&nbsp;&nbsp;&nbsp;rwip_reset (via BLX)
<LI><a href="#[28]">&gt;&gt;</a>&nbsp;&nbsp;&nbsp;rwip_prevent_sleep_set (via BLX)
<LI><a href="#[29]">&gt;&gt;</a>&nbsp;&nbsp;&nbsp;rwip_prevent_sleep_clear (via BLX)
<LI><a href="#[279]">&gt;&gt;</a>&nbsp;&nbsp;&nbsp;rw_main (via BLX)
<LI><a href="#[272]">&gt;&gt;</a>&nbsp;&nbsp;&nbsp;rw_app_enter (via BLX)
</UL>

<P><STRONG><a name="[181]"></a>__ARM_common_enable_irq</STRONG> (ARM, 0 bytes, Stack size 0 bytes, peripheral_stack_symbol.txt(ABSOLUTE))
<BR><BR>[Called By]<UL><LI><a href="#[17f]">&gt;&gt;</a>&nbsp;&nbsp;&nbsp;bk_exit_critical (via BLX)
<LI><a href="#[298]">&gt;&gt;</a>&nbsp;&nbsp;&nbsp;rwble_reset (via BLX)
<LI><a href="#[27]">&gt;&gt;</a>&nbsp;&nbsp;&nbsp;rwip_reset (via BLX)
<LI><a href="#[28]">&gt;&gt;</a>&nbsp;&nbsp;&nbsp;rwip_prevent_sleep_set (via BLX)
<LI><a href="#[29]">&gt;&gt;</a>&nbsp;&nbsp;&nbsp;rwip_prevent_sleep_clear (via BLX)
<LI><a href="#[279]">&gt;&gt;</a>&nbsp;&nbsp;&nbsp;rw_main (via BLX)
<LI><a href="#[272]">&gt;&gt;</a>&nbsp;&nbsp;&nbsp;rw_app_enter (via BLX)
</UL>

<P><STRONG><a name="[d6]"></a>__ARM_common_switch8</STRONG> (ARM, 0 bytes, Stack size 0 bytes, peripheral_stack_symbol.txt(ABSOLUTE))
<BR><BR>[Called By]<UL><LI><a href="#[203]">&gt;&gt;</a>&nbsp;&nbsp;&nbsp;open_meth_modify_handler (via BLX)
<LI><a href="#[202]">&gt;&gt;</a>&nbsp;&nbsp;&nbsp;open_meth_delete_handler (via BLX)
<LI><a href="#[15a]">&gt;&gt;</a>&nbsp;&nbsp;&nbsp;app_test_process (via BLX)
<LI><a href="#[fb]">&gt;&gt;</a>&nbsp;&nbsp;&nbsp;app_ota_handler (via BLX)
<LI><a href="#[b]">&gt;&gt;</a>&nbsp;&nbsp;&nbsp;app_common_tuya_ble_sdk_callback (via BLX)
<LI><a href="#[a]">&gt;&gt;</a>&nbsp;&nbsp;&nbsp;app_common_evt_process (via BLX)
<LI><a href="#[309]">&gt;&gt;</a>&nbsp;&nbsp;&nbsp;tuya_ble_uart_data_unpack (via BLX)
<LI><a href="#[30b]">&gt;&gt;</a>&nbsp;&nbsp;&nbsp;ty_string_op_int2hex (via BLX)
<LI><a href="#[30c]">&gt;&gt;</a>&nbsp;&nbsp;&nbsp;ty_string_op_hex2int (via BLX)
<LI><a href="#[2f6]">&gt;&gt;</a>&nbsp;&nbsp;&nbsp;tuya_ble_handle_ota_req (via BLX)
<LI><a href="#[2ed]">&gt;&gt;</a>&nbsp;&nbsp;&nbsp;tuya_ble_evt_process (via BLX)
<LI><a href="#[2d5]">&gt;&gt;</a>&nbsp;&nbsp;&nbsp;tuya_ble_inter_event_response (via BLX)
<LI><a href="#[2e7]">&gt;&gt;</a>&nbsp;&nbsp;&nbsp;tuya_ble_event_process (via BLX)
<LI><a href="#[2ea]">&gt;&gt;</a>&nbsp;&nbsp;&nbsp;tuya_ble_handle_ota_response_evt (via BLX)
<LI><a href="#[190]">&gt;&gt;</a>&nbsp;&nbsp;&nbsp;bk_timer_handler (via BLX)
</UL>

<P><STRONG><a name="[76]"></a>sys_Reset</STRONG> (ARM, 0 bytes, Stack size unknown bytes, boot_handlers.o(SYS_BOOT))
<BR><BR>[Stack]<UL><LI>Max Depth = 1264 + Unknown Stack Size
<LI>Call Chain = sys_Reset &rArr; rw_main &rArr; rw_app_enter &rArr; tuya_ble_main_tasks_exec &rArr; tuya_sched_execute &rArr; tuya_ble_event_process &rArr; tuya_ble_evt_process &rArr; tuya_ble_handle_ble_factory_test_req &rArr; tuya_ble_app_production_test_process &rArr; app_port_factory_test_process &rArr; factory_test_process &rArr; lock_hard_uart_simulate &rArr; lock_dynamic_pwd_verify &rArr; verify_dynamic_pwd_token &rArr; TOTP &rArr; HMAC_SHA1 &rArr; SHA1 &rArr; SHA1Result &rArr; SHA1PadMessage &rArr; SHA1ProcessMessageBlock
</UL>
<BR>[Calls]<UL><LI><a href="#[279]">&gt;&gt;</a>&nbsp;&nbsp;&nbsp;rw_main (via Veneer)
</UL>

<P><STRONG><a name="[77]"></a>SYSirq_FIQ_Handler</STRONG> (ARM, 16 bytes, Stack size 24 bytes, intc.o(sys_fiq_entry))
<BR><BR>[Stack]<UL><LI>Max Depth = 192<LI>Call Chain = SYSirq_FIQ_Handler &rArr; FIQ_Exception &rArr; rwble_isr &rArr; __aeabi_dmul &rArr; _double_epilogue &rArr; __aeabi_llsr
</UL>
<BR>[Calls]<UL><LI><a href="#[78]">&gt;&gt;</a>&nbsp;&nbsp;&nbsp;FIQ_Exception (via BLX)
</UL>
<BR>[Called By]<UL><LI><a href="#[7]">&gt;&gt;</a>&nbsp;&nbsp;&nbsp;FIQ_Handler
</UL>

<P><STRONG><a name="[79]"></a>SYSirq_IRQ_Handler</STRONG> (ARM, 16 bytes, Stack size 24 bytes, intc.o(sys_irq_entry))
<BR><BR>[Stack]<UL><LI>Max Depth = 104<LI>Call Chain = SYSirq_IRQ_Handler &rArr; IRQ_Exception &rArr; uart_isr &rArr; pn9_test_process &rArr; uart_send
</UL>
<BR>[Calls]<UL><LI><a href="#[7a]">&gt;&gt;</a>&nbsp;&nbsp;&nbsp;IRQ_Exception (via BLX)
</UL>
<BR>[Called By]<UL><LI><a href="#[6]">&gt;&gt;</a>&nbsp;&nbsp;&nbsp;IRQ_Handler
</UL>

<P><STRONG><a name="[7e]"></a>BT_delayUs</STRONG> (Thumb, 20 bytes, Stack size 0 bytes, rf_test.o(.text))
<BR><BR>[Called By]<UL><LI><a href="#[7f]">&gt;&gt;</a>&nbsp;&nbsp;&nbsp;rw_fcc_enter
<LI><a href="#[7d]">&gt;&gt;</a>&nbsp;&nbsp;&nbsp;BT_singleWaveCfg
</UL>

<P><STRONG><a name="[7c]"></a>char_to_num</STRONG> (Thumb, 44 bytes, Stack size 0 bytes, rf_test.o(.text))
<BR><BR>[Called By]<UL><LI><a href="#[7b]">&gt;&gt;</a>&nbsp;&nbsp;&nbsp;fCheckValue
</UL>

<P><STRONG><a name="[7b]"></a>fCheckValue</STRONG> (Thumb, 58 bytes, Stack size 12 bytes, rf_test.o(.text))
<BR><BR>[Stack]<UL><LI>Max Depth = 12<LI>Call Chain = fCheckValue
</UL>
<BR>[Calls]<UL><LI><a href="#[7c]">&gt;&gt;</a>&nbsp;&nbsp;&nbsp;char_to_num
</UL>
<BR>[Called By]<UL><LI><a href="#[7f]">&gt;&gt;</a>&nbsp;&nbsp;&nbsp;rw_fcc_enter
</UL>

<P><STRONG><a name="[7d]"></a>BT_singleWaveCfg</STRONG> (Thumb, 38 bytes, Stack size 8 bytes, rf_test.o(.text))
<BR><BR>[Stack]<UL><LI>Max Depth = 8<LI>Call Chain = BT_singleWaveCfg
</UL>
<BR>[Calls]<UL><LI><a href="#[7e]">&gt;&gt;</a>&nbsp;&nbsp;&nbsp;BT_delayUs
</UL>
<BR>[Called By]<UL><LI><a href="#[7f]">&gt;&gt;</a>&nbsp;&nbsp;&nbsp;rw_fcc_enter
</UL>

<P><STRONG><a name="[7f]"></a>rw_fcc_enter</STRONG> (Thumb, 736 bytes, Stack size 0 bytes, rf_test.o(.text))
<BR><BR>[Stack]<UL><LI>Max Depth = 48<LI>Call Chain = rw_fcc_enter &rArr; uart_printf &rArr; vsprintf
</UL>
<BR>[Calls]<UL><LI><a href="#[82]">&gt;&gt;</a>&nbsp;&nbsp;&nbsp;__aeabi_uidivmod
<LI><a href="#[32]">&gt;&gt;</a>&nbsp;&nbsp;&nbsp;uart_printf
<LI><a href="#[80]">&gt;&gt;</a>&nbsp;&nbsp;&nbsp;strncmp
<LI><a href="#[81]">&gt;&gt;</a>&nbsp;&nbsp;&nbsp;__aeabi_memclr
<LI><a href="#[7d]">&gt;&gt;</a>&nbsp;&nbsp;&nbsp;BT_singleWaveCfg
<LI><a href="#[7b]">&gt;&gt;</a>&nbsp;&nbsp;&nbsp;fCheckValue
<LI><a href="#[7e]">&gt;&gt;</a>&nbsp;&nbsp;&nbsp;BT_delayUs
</UL>
<BR>[Called By]<UL><LI><a href="#[279]">&gt;&gt;</a>&nbsp;&nbsp;&nbsp;rw_main
</UL>

<P><STRONG><a name="[85]"></a>XVR_Initial</STRONG> (Thumb, 304 bytes, Stack size 0 bytes, rf_pn9_test.o(.text))
<BR><BR>[Called By]<UL><LI><a href="#[84]">&gt;&gt;</a>&nbsp;&nbsp;&nbsp;pn9_test_process
</UL>

<P><STRONG><a name="[86]"></a>Test_XVR_PN9_Rx_Ena</STRONG> (Thumb, 32 bytes, Stack size 0 bytes, rf_pn9_test.o(.text))
<BR><BR>[Called By]<UL><LI><a href="#[84]">&gt;&gt;</a>&nbsp;&nbsp;&nbsp;pn9_test_process
</UL>

<P><STRONG><a name="[87]"></a>Test_XVR_Single_Carrier_Tx_Ena1</STRONG> (Thumb, 30 bytes, Stack size 0 bytes, rf_pn9_test.o(.text))
<BR><BR>[Called By]<UL><LI><a href="#[84]">&gt;&gt;</a>&nbsp;&nbsp;&nbsp;pn9_test_process
</UL>

<P><STRONG><a name="[89]"></a>LockPn9Test</STRONG> (Thumb, 26 bytes, Stack size 0 bytes, rf_pn9_test.o(.text))
<BR><BR>[Called By]<UL><LI><a href="#[84]">&gt;&gt;</a>&nbsp;&nbsp;&nbsp;pn9_test_process
</UL>

<P><STRONG><a name="[8a]"></a>GetBER</STRONG> (Thumb, 16 bytes, Stack size 0 bytes, rf_pn9_test.o(.text))
<BR><BR>[Called By]<UL><LI><a href="#[84]">&gt;&gt;</a>&nbsp;&nbsp;&nbsp;pn9_test_process
</UL>

<P><STRONG><a name="[83]"></a>rw_pn9_enter</STRONG> (Thumb, 2 bytes, Stack size 0 bytes, rf_pn9_test.o(.text))
<BR><BR>[Calls]<UL><LI><a href="#[83]">&gt;&gt;</a>&nbsp;&nbsp;&nbsp;rw_pn9_enter
</UL>
<BR>[Called By]<UL><LI><a href="#[83]">&gt;&gt;</a>&nbsp;&nbsp;&nbsp;rw_pn9_enter
<LI><a href="#[279]">&gt;&gt;</a>&nbsp;&nbsp;&nbsp;rw_main
</UL>

<P><STRONG><a name="[84]"></a>pn9_test_process</STRONG> (Thumb, 164 bytes, Stack size 24 bytes, rf_pn9_test.o(.text))
<BR><BR>[Stack]<UL><LI>Max Depth = 32<LI>Call Chain = pn9_test_process &rArr; uart_send
</UL>
<BR>[Calls]<UL><LI><a href="#[82]">&gt;&gt;</a>&nbsp;&nbsp;&nbsp;__aeabi_uidivmod
<LI><a href="#[88]">&gt;&gt;</a>&nbsp;&nbsp;&nbsp;uart_send
<LI><a href="#[8a]">&gt;&gt;</a>&nbsp;&nbsp;&nbsp;GetBER
<LI><a href="#[89]">&gt;&gt;</a>&nbsp;&nbsp;&nbsp;LockPn9Test
<LI><a href="#[87]">&gt;&gt;</a>&nbsp;&nbsp;&nbsp;Test_XVR_Single_Carrier_Tx_Ena1
<LI><a href="#[86]">&gt;&gt;</a>&nbsp;&nbsp;&nbsp;Test_XVR_PN9_Rx_Ena
<LI><a href="#[85]">&gt;&gt;</a>&nbsp;&nbsp;&nbsp;XVR_Initial
</UL>
<BR>[Called By]<UL><LI><a href="#[af]">&gt;&gt;</a>&nbsp;&nbsp;&nbsp;uart_isr
</UL>

<P><STRONG><a name="[8b]"></a>__aeabi_uldivmod</STRONG> (Thumb, 96 bytes, Stack size 48 bytes, uldiv.o(.text))
<BR><BR>[Stack]<UL><LI>Max Depth = 56<LI>Call Chain = __aeabi_uldivmod &rArr; __aeabi_llsr
</UL>
<BR>[Calls]<UL><LI><a href="#[8c]">&gt;&gt;</a>&nbsp;&nbsp;&nbsp;__aeabi_llsr
<LI><a href="#[8d]">&gt;&gt;</a>&nbsp;&nbsp;&nbsp;__aeabi_llsl
</UL>
<BR>[Called By]<UL><LI><a href="#[2f1]">&gt;&gt;</a>&nbsp;&nbsp;&nbsp;tuya_ble_handle_unix_time_char_ms_resp
<LI><a href="#[ba]">&gt;&gt;</a>&nbsp;&nbsp;&nbsp;_printf_core
<LI><a href="#[c5]">&gt;&gt;</a>&nbsp;&nbsp;&nbsp;_fp_digits
</UL>

<P><STRONG><a name="[8e]"></a>__aeabi_memset</STRONG> (Thumb, 16 bytes, Stack size 0 bytes, memseta.o(.text))
<BR><BR>[Called By]<UL><LI><a href="#[1d5]">&gt;&gt;</a>&nbsp;&nbsp;&nbsp;lock_hard_uart_simulate
<LI><a href="#[ce]">&gt;&gt;</a>&nbsp;&nbsp;&nbsp;elog_output
<LI><a href="#[75]">&gt;&gt;</a>&nbsp;&nbsp;&nbsp;memset
<LI><a href="#[81]">&gt;&gt;</a>&nbsp;&nbsp;&nbsp;__aeabi_memclr
</UL>

<P><STRONG><a name="[314]"></a>__aeabi_memset4</STRONG> (Thumb, 0 bytes, Stack size 0 bytes, memseta.o(.text), UNUSED)

<P><STRONG><a name="[315]"></a>__aeabi_memset8</STRONG> (Thumb, 0 bytes, Stack size 0 bytes, memseta.o(.text), UNUSED)

<P><STRONG><a name="[81]"></a>__aeabi_memclr</STRONG> (Thumb, 4 bytes, Stack size 0 bytes, memseta.o(.text))
<BR><BR>[Calls]<UL><LI><a href="#[8e]">&gt;&gt;</a>&nbsp;&nbsp;&nbsp;__aeabi_memset
</UL>
<BR>[Called By]<UL><LI><a href="#[207]">&gt;&gt;</a>&nbsp;&nbsp;&nbsp;open_meth_sync_new_handler
<LI><a href="#[22d]">&gt;&gt;</a>&nbsp;&nbsp;&nbsp;lock_hard_save_in_local_flash
<LI><a href="#[114]">&gt;&gt;</a>&nbsp;&nbsp;&nbsp;app_ota_req_handler
<LI><a href="#[10d]">&gt;&gt;</a>&nbsp;&nbsp;&nbsp;app_ota_file_info_handler
<LI><a href="#[220]">&gt;&gt;</a>&nbsp;&nbsp;&nbsp;lock_settings_default
<LI><a href="#[30a]">&gt;&gt;</a>&nbsp;&nbsp;&nbsp;tuya_ble_uart_receive_data
<LI><a href="#[309]">&gt;&gt;</a>&nbsp;&nbsp;&nbsp;tuya_ble_uart_data_unpack
<LI><a href="#[136]">&gt;&gt;</a>&nbsp;&nbsp;&nbsp;tuya_ble_malloc
<LI><a href="#[2e3]">&gt;&gt;</a>&nbsp;&nbsp;&nbsp;tuya_ble_device_unbond
<LI><a href="#[2f0]">&gt;&gt;</a>&nbsp;&nbsp;&nbsp;tuya_ble_handle_net_config_info_req
<LI><a href="#[2cd]">&gt;&gt;</a>&nbsp;&nbsp;&nbsp;tuya_ble_device_id_encrypt
<LI><a href="#[2dc]">&gt;&gt;</a>&nbsp;&nbsp;&nbsp;tuya_ble_commonData_rx_proc
<LI><a href="#[260]">&gt;&gt;</a>&nbsp;&nbsp;&nbsp;nv_write
<LI><a href="#[1ba]">&gt;&gt;</a>&nbsp;&nbsp;&nbsp;to_byte_str_with_bignum
<LI><a href="#[1b7]">&gt;&gt;</a>&nbsp;&nbsp;&nbsp;to_byte_str
<LI><a href="#[1bb]">&gt;&gt;</a>&nbsp;&nbsp;&nbsp;prf
<LI><a href="#[1bd]">&gt;&gt;</a>&nbsp;&nbsp;&nbsp;num_to_num_str
<LI><a href="#[1be]">&gt;&gt;</a>&nbsp;&nbsp;&nbsp;num_str_concatenate
<LI><a href="#[1a6]">&gt;&gt;</a>&nbsp;&nbsp;&nbsp;byte_str_concatenate
<LI><a href="#[253]">&gt;&gt;</a>&nbsp;&nbsp;&nbsp;mbedtls_md5_finish_ret
<LI><a href="#[169]">&gt;&gt;</a>&nbsp;&nbsp;&nbsp;appm_init
<LI><a href="#[7f]">&gt;&gt;</a>&nbsp;&nbsp;&nbsp;rw_fcc_enter
<LI><a href="#[2e1]">&gt;&gt;</a>&nbsp;&nbsp;&nbsp;tuya_ble_key_generate
</UL>

<P><STRONG><a name="[aa]"></a>__aeabi_memclr4</STRONG> (Thumb, 0 bytes, Stack size 0 bytes, memseta.o(.text))
<BR><BR>[Called By]<UL><LI><a href="#[ce]">&gt;&gt;</a>&nbsp;&nbsp;&nbsp;elog_output
<LI><a href="#[15c]">&gt;&gt;</a>&nbsp;&nbsp;&nbsp;app_test_write_auth_info_handler
<LI><a href="#[10d]">&gt;&gt;</a>&nbsp;&nbsp;&nbsp;app_ota_file_info_handler
<LI><a href="#[1d4]">&gt;&gt;</a>&nbsp;&nbsp;&nbsp;lock_test_process
<LI><a href="#[a8]">&gt;&gt;</a>&nbsp;&nbsp;&nbsp;HMAC_SHA1
<LI><a href="#[256]">&gt;&gt;</a>&nbsp;&nbsp;&nbsp;mbedtls_md5_init
<LI><a href="#[24f]">&gt;&gt;</a>&nbsp;&nbsp;&nbsp;mbedtls_aes_init
<LI><a href="#[2c9]">&gt;&gt;</a>&nbsp;&nbsp;&nbsp;trsmitr_init
<LI><a href="#[2f7]">&gt;&gt;</a>&nbsp;&nbsp;&nbsp;tuya_ble_handle_device_reset_req
<LI><a href="#[1a2]">&gt;&gt;</a>&nbsp;&nbsp;&nbsp;ble_data_unpack
<LI><a href="#[307]">&gt;&gt;</a>&nbsp;&nbsp;&nbsp;tuya_ble_storage_load_settings
<LI><a href="#[2d6]">&gt;&gt;</a>&nbsp;&nbsp;&nbsp;tuya_ble_commData_send
<LI><a href="#[2eb]">&gt;&gt;</a>&nbsp;&nbsp;&nbsp;tuya_ble_handle_dp_data_with_time_reported_evt
<LI><a href="#[2b1]">&gt;&gt;</a>&nbsp;&nbsp;&nbsp;sd_malloc
<LI><a href="#[253]">&gt;&gt;</a>&nbsp;&nbsp;&nbsp;mbedtls_md5_finish_ret
<LI><a href="#[31]">&gt;&gt;</a>&nbsp;&nbsp;&nbsp;uart_clear_rxfifo
<LI><a href="#[271]">&gt;&gt;</a>&nbsp;&nbsp;&nbsp;rom_env_init
<LI><a href="#[3c]">&gt;&gt;</a>&nbsp;&nbsp;&nbsp;fff0s_init
</UL>

<P><STRONG><a name="[316]"></a>__aeabi_memclr8</STRONG> (Thumb, 0 bytes, Stack size 0 bytes, memseta.o(.text), UNUSED)

<P><STRONG><a name="[75]"></a>memset</STRONG> (Thumb, 18 bytes, Stack size 8 bytes, memseta.o(.text))
<BR><BR>[Stack]<UL><LI>Max Depth = 8<LI>Call Chain = memset
</UL>
<BR>[Calls]<UL><LI><a href="#[8e]">&gt;&gt;</a>&nbsp;&nbsp;&nbsp;__aeabi_memset
</UL>
<BR>[Address Reference Count : 1]<UL><LI> platform_util.o(.data)
</UL>
<P><STRONG><a name="[1c3]"></a>strstr</STRONG> (Thumb, 40 bytes, Stack size 12 bytes, strstr.o(.text))
<BR><BR>[Stack]<UL><LI>Max Depth = 12<LI>Call Chain = strstr
</UL>
<BR>[Called By]<UL><LI><a href="#[ce]">&gt;&gt;</a>&nbsp;&nbsp;&nbsp;elog_output
<LI><a href="#[188]">&gt;&gt;</a>&nbsp;&nbsp;&nbsp;elog_hexdump
</UL>

<P><STRONG><a name="[1c6]"></a>strncpy</STRONG> (Thumb, 26 bytes, Stack size 8 bytes, strncpy.o(.text))
<BR><BR>[Stack]<UL><LI>Max Depth = 8<LI>Call Chain = strncpy
</UL>
<BR>[Called By]<UL><LI><a href="#[188]">&gt;&gt;</a>&nbsp;&nbsp;&nbsp;elog_hexdump
</UL>

<P><STRONG><a name="[15e]"></a>strlen</STRONG> (Thumb, 14 bytes, Stack size 0 bytes, strlen.o(.text))
<BR><BR>[Called By]<UL><LI><a href="#[ce]">&gt;&gt;</a>&nbsp;&nbsp;&nbsp;elog_output
<LI><a href="#[15c]">&gt;&gt;</a>&nbsp;&nbsp;&nbsp;app_test_write_auth_info_handler
<LI><a href="#[15a]">&gt;&gt;</a>&nbsp;&nbsp;&nbsp;app_test_process
<LI><a href="#[1d4]">&gt;&gt;</a>&nbsp;&nbsp;&nbsp;lock_test_process
<LI><a href="#[216]">&gt;&gt;</a>&nbsp;&nbsp;&nbsp;verify_dynamic_pwd_token
<LI><a href="#[1f6]">&gt;&gt;</a>&nbsp;&nbsp;&nbsp;get_timer_string
</UL>

<P><STRONG><a name="[80]"></a>strncmp</STRONG> (Thumb, 30 bytes, Stack size 12 bytes, strncmp.o(.text))
<BR><BR>[Stack]<UL><LI>Max Depth = 12<LI>Call Chain = strncmp
</UL>
<BR>[Called By]<UL><LI><a href="#[7f]">&gt;&gt;</a>&nbsp;&nbsp;&nbsp;rw_fcc_enter
</UL>

<P><STRONG><a name="[106]"></a>__aeabi_uread4</STRONG> (Thumb, 20 bytes, Stack size 0 bytes, uread4.o(.text))
<BR><BR>[Called By]<UL><LI><a href="#[1bf]">&gt;&gt;</a>&nbsp;&nbsp;&nbsp;delay_report_outtime_handler
<LI><a href="#[214]">&gt;&gt;</a>&nbsp;&nbsp;&nbsp;open_with_remote_setkey_handler
<LI><a href="#[20f]">&gt;&gt;</a>&nbsp;&nbsp;&nbsp;open_with_nopwd_remote_setkey_handler
<LI><a href="#[210]">&gt;&gt;</a>&nbsp;&nbsp;&nbsp;open_with_nopwd_remote_handler
<LI><a href="#[213]">&gt;&gt;</a>&nbsp;&nbsp;&nbsp;open_with_master_handler
<LI><a href="#[fa]">&gt;&gt;</a>&nbsp;&nbsp;&nbsp;lock_play_music
<LI><a href="#[111]">&gt;&gt;</a>&nbsp;&nbsp;&nbsp;app_ota_file_offset_handler
<LI><a href="#[10d]">&gt;&gt;</a>&nbsp;&nbsp;&nbsp;app_ota_file_info_handler
<LI><a href="#[108]">&gt;&gt;</a>&nbsp;&nbsp;&nbsp;app_ota_end_handler
<LI><a href="#[100]">&gt;&gt;</a>&nbsp;&nbsp;&nbsp;app_ota_data_handler
<LI><a href="#[23c]">&gt;&gt;</a>&nbsp;&nbsp;&nbsp;lock_offline_pwd_storage_calculate_T2_T3
<LI><a href="#[23b]">&gt;&gt;</a>&nbsp;&nbsp;&nbsp;lock_offline_pwd_find
<LI><a href="#[239]">&gt;&gt;</a>&nbsp;&nbsp;&nbsp;lock_offline_pwd_clear
<LI><a href="#[1fb]">&gt;&gt;</a>&nbsp;&nbsp;&nbsp;is_offline_pwd_exist
<LI><a href="#[191]">&gt;&gt;</a>&nbsp;&nbsp;&nbsp;suble_buzzer_timeout_handler
</UL>

<P><STRONG><a name="[317]"></a>__rt_uread4</STRONG> (Thumb, 0 bytes, Stack size 0 bytes, uread4.o(.text), UNUSED)

<P><STRONG><a name="[318]"></a>_uread4</STRONG> (Thumb, 0 bytes, Stack size 0 bytes, uread4.o(.text), UNUSED)

<P><STRONG><a name="[10e]"></a>__aeabi_uwrite4</STRONG> (Thumb, 18 bytes, Stack size 0 bytes, uwrite4.o(.text))
<BR><BR>[Called By]<UL><LI><a href="#[209]">&gt;&gt;</a>&nbsp;&nbsp;&nbsp;lock_open_record_report_with_delay
<LI><a href="#[23e]">&gt;&gt;</a>&nbsp;&nbsp;&nbsp;lock_open_record_report_common_with_delay
<LI><a href="#[f4]">&gt;&gt;</a>&nbsp;&nbsp;&nbsp;lock_dp_parser_handler
<LI><a href="#[213]">&gt;&gt;</a>&nbsp;&nbsp;&nbsp;open_with_master_handler
<LI><a href="#[231]">&gt;&gt;</a>&nbsp;&nbsp;&nbsp;lock_offline_pwd_verify
<LI><a href="#[114]">&gt;&gt;</a>&nbsp;&nbsp;&nbsp;app_ota_req_handler
<LI><a href="#[111]">&gt;&gt;</a>&nbsp;&nbsp;&nbsp;app_ota_file_offset_handler
<LI><a href="#[10d]">&gt;&gt;</a>&nbsp;&nbsp;&nbsp;app_ota_file_info_handler
<LI><a href="#[220]">&gt;&gt;</a>&nbsp;&nbsp;&nbsp;lock_settings_default
<LI><a href="#[23b]">&gt;&gt;</a>&nbsp;&nbsp;&nbsp;lock_offline_pwd_find
</UL>

<P><STRONG><a name="[319]"></a>__rt_uwrite4</STRONG> (Thumb, 0 bytes, Stack size 0 bytes, uwrite4.o(.text), UNUSED)

<P><STRONG><a name="[31a]"></a>_uwrite4</STRONG> (Thumb, 0 bytes, Stack size 0 bytes, uwrite4.o(.text), UNUSED)

<P><STRONG><a name="[8f]"></a>atoll</STRONG> (Thumb, 26 bytes, Stack size 16 bytes, atoll.o(.text))
<BR><BR>[Stack]<UL><LI>Max Depth = 168<LI>Call Chain = atoll &rArr; __strtoll &rArr; _strtoull &rArr; __aeabi_lmul &rArr; __aeabi_llsl
</UL>
<BR>[Calls]<UL><LI><a href="#[91]">&gt;&gt;</a>&nbsp;&nbsp;&nbsp;__strtoll
<LI><a href="#[90]">&gt;&gt;</a>&nbsp;&nbsp;&nbsp;__aeabi_errno_addr
</UL>
<BR>[Called By]<UL><LI><a href="#[2f1]">&gt;&gt;</a>&nbsp;&nbsp;&nbsp;tuya_ble_handle_unix_time_char_ms_resp
</UL>

<P><STRONG><a name="[243]"></a>__aeabi_fmul</STRONG> (Thumb, 124 bytes, Stack size 16 bytes, fmul.o(.text))
<BR><BR>[Stack]<UL><LI>Max Depth = 16<LI>Call Chain = __aeabi_fmul
</UL>
<BR>[Called By]<UL><LI><a href="#[fa]">&gt;&gt;</a>&nbsp;&nbsp;&nbsp;lock_play_music
<LI><a href="#[191]">&gt;&gt;</a>&nbsp;&nbsp;&nbsp;suble_buzzer_timeout_handler
</UL>

<P><STRONG><a name="[92]"></a>__aeabi_dadd</STRONG> (Thumb, 328 bytes, Stack size 48 bytes, dadd.o(.text))
<BR><BR>[Stack]<UL><LI>Max Depth = 104<LI>Call Chain = __aeabi_dadd &rArr; _double_epilogue &rArr; __aeabi_llsr
</UL>
<BR>[Calls]<UL><LI><a href="#[93]">&gt;&gt;</a>&nbsp;&nbsp;&nbsp;__aeabi_lasr
<LI><a href="#[8d]">&gt;&gt;</a>&nbsp;&nbsp;&nbsp;__aeabi_llsl
<LI><a href="#[95]">&gt;&gt;</a>&nbsp;&nbsp;&nbsp;_double_round
<LI><a href="#[94]">&gt;&gt;</a>&nbsp;&nbsp;&nbsp;_double_epilogue
</UL>
<BR>[Called By]<UL><LI><a href="#[a6]">&gt;&gt;</a>&nbsp;&nbsp;&nbsp;rwble_isr
<LI><a href="#[97]">&gt;&gt;</a>&nbsp;&nbsp;&nbsp;__aeabi_drsub
<LI><a href="#[b8]">&gt;&gt;</a>&nbsp;&nbsp;&nbsp;pow (via BLX)
<LI><a href="#[96]">&gt;&gt;</a>&nbsp;&nbsp;&nbsp;__aeabi_dsub
<LI><a href="#[be]">&gt;&gt;</a>&nbsp;&nbsp;&nbsp;__kernel_poly (via BLX)
<LI><a href="#[c0]">&gt;&gt;</a>&nbsp;&nbsp;&nbsp;__mathlib_dbl_infnan2 (via Veneer)
<LI><a href="#[c5]">&gt;&gt;</a>&nbsp;&nbsp;&nbsp;_fp_digits
</UL>

<P><STRONG><a name="[96]"></a>__aeabi_dsub</STRONG> (Thumb, 12 bytes, Stack size 8 bytes, dadd.o(.text))
<BR><BR>[Stack]<UL><LI>Max Depth = 112<LI>Call Chain = __aeabi_dsub &rArr; __aeabi_dadd &rArr; _double_epilogue &rArr; __aeabi_llsr
</UL>
<BR>[Calls]<UL><LI><a href="#[92]">&gt;&gt;</a>&nbsp;&nbsp;&nbsp;__aeabi_dadd
</UL>
<BR>[Called By]<UL><LI><a href="#[b8]">&gt;&gt;</a>&nbsp;&nbsp;&nbsp;pow (via BLX)
</UL>

<P><STRONG><a name="[97]"></a>__aeabi_drsub</STRONG> (Thumb, 12 bytes, Stack size 8 bytes, dadd.o(.text))
<BR><BR>[Stack]<UL><LI>Max Depth = 112<LI>Call Chain = __aeabi_drsub &rArr; __aeabi_dadd &rArr; _double_epilogue &rArr; __aeabi_llsr
</UL>
<BR>[Calls]<UL><LI><a href="#[92]">&gt;&gt;</a>&nbsp;&nbsp;&nbsp;__aeabi_dadd
</UL>
<BR>[Called By]<UL><LI><a href="#[b8]">&gt;&gt;</a>&nbsp;&nbsp;&nbsp;pow (via BLX)
</UL>

<P><STRONG><a name="[98]"></a>__aeabi_dmul</STRONG> (Thumb, 202 bytes, Stack size 72 bytes, dmul.o(.text))
<BR><BR>[Stack]<UL><LI>Max Depth = 128<LI>Call Chain = __aeabi_dmul &rArr; _double_epilogue &rArr; __aeabi_llsr
</UL>
<BR>[Calls]<UL><LI><a href="#[94]">&gt;&gt;</a>&nbsp;&nbsp;&nbsp;_double_epilogue
</UL>
<BR>[Called By]<UL><LI><a href="#[a6]">&gt;&gt;</a>&nbsp;&nbsp;&nbsp;rwble_isr
<LI><a href="#[b8]">&gt;&gt;</a>&nbsp;&nbsp;&nbsp;pow (via Veneer)
<LI><a href="#[54]">&gt;&gt;</a>&nbsp;&nbsp;&nbsp;gapc_param_updated_ind_handler
<LI><a href="#[be]">&gt;&gt;</a>&nbsp;&nbsp;&nbsp;__kernel_poly (via BLX)
<LI><a href="#[c5]">&gt;&gt;</a>&nbsp;&nbsp;&nbsp;_fp_digits
</UL>

<P><STRONG><a name="[99]"></a>__aeabi_ddiv</STRONG> (Thumb, 234 bytes, Stack size 40 bytes, ddiv.o(.text))
<BR><BR>[Stack]<UL><LI>Max Depth = 48<LI>Call Chain = __aeabi_ddiv &rArr; _double_round
</UL>
<BR>[Calls]<UL><LI><a href="#[95]">&gt;&gt;</a>&nbsp;&nbsp;&nbsp;_double_round
</UL>
<BR>[Called By]<UL><LI><a href="#[16f]">&gt;&gt;</a>&nbsp;&nbsp;&nbsp;appm_start_advertising
<LI><a href="#[b8]">&gt;&gt;</a>&nbsp;&nbsp;&nbsp;pow (via Veneer)
<LI><a href="#[c1]">&gt;&gt;</a>&nbsp;&nbsp;&nbsp;__mathlib_dbl_invalid (via Veneer)
<LI><a href="#[bf]">&gt;&gt;</a>&nbsp;&nbsp;&nbsp;__mathlib_dbl_divzero (via Veneer)
<LI><a href="#[c5]">&gt;&gt;</a>&nbsp;&nbsp;&nbsp;_fp_digits
</UL>

<P><STRONG><a name="[c3]"></a>__ARM_scalbn</STRONG> (Thumb, 44 bytes, Stack size 16 bytes, dscalb.o(.text))
<BR><BR>[Stack]<UL><LI>Max Depth = 16<LI>Call Chain = __ARM_scalbn
</UL>
<BR>[Called By]<UL><LI><a href="#[16f]">&gt;&gt;</a>&nbsp;&nbsp;&nbsp;appm_start_advertising
<LI><a href="#[b8]">&gt;&gt;</a>&nbsp;&nbsp;&nbsp;pow (via BLX)
<LI><a href="#[c4]">&gt;&gt;</a>&nbsp;&nbsp;&nbsp;__mathlib_dbl_underflow (via Veneer)
<LI><a href="#[c2]">&gt;&gt;</a>&nbsp;&nbsp;&nbsp;__mathlib_dbl_overflow (via Veneer)
</UL>

<P><STRONG><a name="[31b]"></a>scalbn</STRONG> (Thumb, 0 bytes, Stack size 16 bytes, dscalb.o(.text), UNUSED)

<P><STRONG><a name="[9a]"></a>__aeabi_ui2d</STRONG> (Thumb, 24 bytes, Stack size 16 bytes, dfltui.o(.text))
<BR><BR>[Stack]<UL><LI>Max Depth = 72<LI>Call Chain = __aeabi_ui2d &rArr; _double_epilogue &rArr; __aeabi_llsr
</UL>
<BR>[Calls]<UL><LI><a href="#[94]">&gt;&gt;</a>&nbsp;&nbsp;&nbsp;_double_epilogue
</UL>
<BR>[Called By]<UL><LI><a href="#[b7]">&gt;&gt;</a>&nbsp;&nbsp;&nbsp;TOTP
<LI><a href="#[a6]">&gt;&gt;</a>&nbsp;&nbsp;&nbsp;rwble_isr
<LI><a href="#[54]">&gt;&gt;</a>&nbsp;&nbsp;&nbsp;gapc_param_updated_ind_handler
</UL>

<P><STRONG><a name="[244]"></a>__aeabi_f2uiz</STRONG> (Thumb, 40 bytes, Stack size 0 bytes, ffixui.o(.text))
<BR><BR>[Called By]<UL><LI><a href="#[fa]">&gt;&gt;</a>&nbsp;&nbsp;&nbsp;lock_play_music
<LI><a href="#[191]">&gt;&gt;</a>&nbsp;&nbsp;&nbsp;suble_buzzer_timeout_handler
</UL>

<P><STRONG><a name="[9b]"></a>__aeabi_d2iz</STRONG> (Thumb, 62 bytes, Stack size 16 bytes, dfixi.o(.text))
<BR><BR>[Stack]<UL><LI>Max Depth = 24<LI>Call Chain = __aeabi_d2iz &rArr; __aeabi_llsr
</UL>
<BR>[Calls]<UL><LI><a href="#[8c]">&gt;&gt;</a>&nbsp;&nbsp;&nbsp;__aeabi_llsr
</UL>
<BR>[Called By]<UL><LI><a href="#[b7]">&gt;&gt;</a>&nbsp;&nbsp;&nbsp;TOTP
</UL>

<P><STRONG><a name="[9c]"></a>__aeabi_d2uiz</STRONG> (Thumb, 50 bytes, Stack size 8 bytes, dfixui.o(.text))
<BR><BR>[Stack]<UL><LI>Max Depth = 16<LI>Call Chain = __aeabi_d2uiz &rArr; __aeabi_llsr
</UL>
<BR>[Calls]<UL><LI><a href="#[8c]">&gt;&gt;</a>&nbsp;&nbsp;&nbsp;__aeabi_llsr
</UL>
<BR>[Called By]<UL><LI><a href="#[16f]">&gt;&gt;</a>&nbsp;&nbsp;&nbsp;appm_start_advertising
<LI><a href="#[a6]">&gt;&gt;</a>&nbsp;&nbsp;&nbsp;rwble_isr
<LI><a href="#[54]">&gt;&gt;</a>&nbsp;&nbsp;&nbsp;gapc_param_updated_ind_handler
</UL>

<P><STRONG><a name="[8d]"></a>__aeabi_llsl</STRONG> (Thumb, 32 bytes, Stack size 8 bytes, llshl.o(.text))
<BR><BR>[Stack]<UL><LI>Max Depth = 8<LI>Call Chain = __aeabi_llsl
</UL>
<BR>[Called By]<UL><LI><a href="#[92]">&gt;&gt;</a>&nbsp;&nbsp;&nbsp;__aeabi_dadd
<LI><a href="#[8b]">&gt;&gt;</a>&nbsp;&nbsp;&nbsp;__aeabi_uldivmod
<LI><a href="#[a2]">&gt;&gt;</a>&nbsp;&nbsp;&nbsp;__aeabi_d2ulz
<LI><a href="#[a3]">&gt;&gt;</a>&nbsp;&nbsp;&nbsp;__aeabi_lmul
<LI><a href="#[94]">&gt;&gt;</a>&nbsp;&nbsp;&nbsp;_double_epilogue
</UL>

<P><STRONG><a name="[31c]"></a>_ll_shift_l</STRONG> (Thumb, 0 bytes, Stack size 8 bytes, llshl.o(.text), UNUSED)

<P><STRONG><a name="[8c]"></a>__aeabi_llsr</STRONG> (Thumb, 34 bytes, Stack size 8 bytes, llushr.o(.text))
<BR><BR>[Stack]<UL><LI>Max Depth = 8<LI>Call Chain = __aeabi_llsr
</UL>
<BR>[Called By]<UL><LI><a href="#[9b]">&gt;&gt;</a>&nbsp;&nbsp;&nbsp;__aeabi_d2iz
<LI><a href="#[9c]">&gt;&gt;</a>&nbsp;&nbsp;&nbsp;__aeabi_d2uiz
<LI><a href="#[8b]">&gt;&gt;</a>&nbsp;&nbsp;&nbsp;__aeabi_uldivmod
<LI><a href="#[a0]">&gt;&gt;</a>&nbsp;&nbsp;&nbsp;_dsqrt
<LI><a href="#[a2]">&gt;&gt;</a>&nbsp;&nbsp;&nbsp;__aeabi_d2ulz
<LI><a href="#[94]">&gt;&gt;</a>&nbsp;&nbsp;&nbsp;_double_epilogue
</UL>

<P><STRONG><a name="[31d]"></a>_ll_ushift_r</STRONG> (Thumb, 0 bytes, Stack size 8 bytes, llushr.o(.text), UNUSED)

<P><STRONG><a name="[93]"></a>__aeabi_lasr</STRONG> (Thumb, 38 bytes, Stack size 8 bytes, llsshr.o(.text))
<BR><BR>[Stack]<UL><LI>Max Depth = 8<LI>Call Chain = __aeabi_lasr
</UL>
<BR>[Called By]<UL><LI><a href="#[92]">&gt;&gt;</a>&nbsp;&nbsp;&nbsp;__aeabi_dadd
</UL>

<P><STRONG><a name="[31e]"></a>_ll_sshift_r</STRONG> (Thumb, 0 bytes, Stack size 8 bytes, llsshr.o(.text), UNUSED)

<P><STRONG><a name="[91]"></a>__strtoll</STRONG> (Thumb, 138 bytes, Stack size 32 bytes, __strtoll.o(.text))
<BR><BR>[Stack]<UL><LI>Max Depth = 152<LI>Call Chain = __strtoll &rArr; _strtoull &rArr; __aeabi_lmul &rArr; __aeabi_llsl
</UL>
<BR>[Calls]<UL><LI><a href="#[9e]">&gt;&gt;</a>&nbsp;&nbsp;&nbsp;_strtoull
<LI><a href="#[9d]">&gt;&gt;</a>&nbsp;&nbsp;&nbsp;__rt_ctype_table
<LI><a href="#[90]">&gt;&gt;</a>&nbsp;&nbsp;&nbsp;__aeabi_errno_addr
</UL>
<BR>[Called By]<UL><LI><a href="#[8f]">&gt;&gt;</a>&nbsp;&nbsp;&nbsp;atoll
</UL>

<P><STRONG><a name="[31f]"></a>__I$use$fp</STRONG> (ARM, 0 bytes, Stack size 8 bytes, iusefp.o(.text), UNUSED)

<P><STRONG><a name="[95]"></a>_double_round</STRONG> (Thumb, 26 bytes, Stack size 8 bytes, depilogue.o(.text))
<BR><BR>[Stack]<UL><LI>Max Depth = 8<LI>Call Chain = _double_round
</UL>
<BR>[Called By]<UL><LI><a href="#[92]">&gt;&gt;</a>&nbsp;&nbsp;&nbsp;__aeabi_dadd
<LI><a href="#[99]">&gt;&gt;</a>&nbsp;&nbsp;&nbsp;__aeabi_ddiv
<LI><a href="#[a0]">&gt;&gt;</a>&nbsp;&nbsp;&nbsp;_dsqrt
<LI><a href="#[94]">&gt;&gt;</a>&nbsp;&nbsp;&nbsp;_double_epilogue
</UL>

<P><STRONG><a name="[94]"></a>_double_epilogue</STRONG> (Thumb, 164 bytes, Stack size 48 bytes, depilogue.o(.text))
<BR><BR>[Stack]<UL><LI>Max Depth = 56<LI>Call Chain = _double_epilogue &rArr; __aeabi_llsr
</UL>
<BR>[Calls]<UL><LI><a href="#[9f]">&gt;&gt;</a>&nbsp;&nbsp;&nbsp;__ARM_clz (via BLX)
<LI><a href="#[8c]">&gt;&gt;</a>&nbsp;&nbsp;&nbsp;__aeabi_llsr
<LI><a href="#[8d]">&gt;&gt;</a>&nbsp;&nbsp;&nbsp;__aeabi_llsl
<LI><a href="#[95]">&gt;&gt;</a>&nbsp;&nbsp;&nbsp;_double_round
</UL>
<BR>[Called By]<UL><LI><a href="#[9a]">&gt;&gt;</a>&nbsp;&nbsp;&nbsp;__aeabi_ui2d
<LI><a href="#[98]">&gt;&gt;</a>&nbsp;&nbsp;&nbsp;__aeabi_dmul
<LI><a href="#[92]">&gt;&gt;</a>&nbsp;&nbsp;&nbsp;__aeabi_dadd
<LI><a href="#[a1]">&gt;&gt;</a>&nbsp;&nbsp;&nbsp;__aeabi_i2d
</UL>

<P><STRONG><a name="[a0]"></a>_dsqrt</STRONG> (Thumb, 162 bytes, Stack size 32 bytes, dsqrt.o(.text))
<BR><BR>[Stack]<UL><LI>Max Depth = 40<LI>Call Chain = _dsqrt &rArr; __aeabi_llsr
</UL>
<BR>[Calls]<UL><LI><a href="#[8c]">&gt;&gt;</a>&nbsp;&nbsp;&nbsp;__aeabi_llsr
<LI><a href="#[95]">&gt;&gt;</a>&nbsp;&nbsp;&nbsp;_double_round
</UL>
<BR>[Called By]<UL><LI><a href="#[266]">&gt;&gt;</a>&nbsp;&nbsp;&nbsp;sqrt (via BLX)
</UL>

<P><STRONG><a name="[a1]"></a>__aeabi_i2d</STRONG> (Thumb, 34 bytes, Stack size 16 bytes, dflti.o(.text))
<BR><BR>[Stack]<UL><LI>Max Depth = 72<LI>Call Chain = __aeabi_i2d &rArr; _double_epilogue &rArr; __aeabi_llsr
</UL>
<BR>[Calls]<UL><LI><a href="#[94]">&gt;&gt;</a>&nbsp;&nbsp;&nbsp;_double_epilogue
</UL>
<BR>[Called By]<UL><LI><a href="#[b8]">&gt;&gt;</a>&nbsp;&nbsp;&nbsp;pow (via Veneer)
</UL>

<P><STRONG><a name="[a2]"></a>__aeabi_d2ulz</STRONG> (Thumb, 54 bytes, Stack size 8 bytes, dfixul.o(.text), UNUSED)
<BR><BR>[Calls]<UL><LI><a href="#[8c]">&gt;&gt;</a>&nbsp;&nbsp;&nbsp;__aeabi_llsr
<LI><a href="#[8d]">&gt;&gt;</a>&nbsp;&nbsp;&nbsp;__aeabi_llsl
</UL>
<BR>[Called By]<UL><LI><a href="#[c5]">&gt;&gt;</a>&nbsp;&nbsp;&nbsp;_fp_digits
</UL>

<P><STRONG><a name="[c6]"></a>__aeabi_cdrcmple</STRONG> (Thumb, 38 bytes, Stack size 0 bytes, cdrcmple.o(.text))
<BR><BR>[Called By]<UL><LI><a href="#[b8]">&gt;&gt;</a>&nbsp;&nbsp;&nbsp;pow (via BLX)
<LI><a href="#[c5]">&gt;&gt;</a>&nbsp;&nbsp;&nbsp;_fp_digits
</UL>

<P><STRONG><a name="[9d]"></a>__rt_ctype_table</STRONG> (Thumb, 4 bytes, Stack size 0 bytes, ctype_o.o(.text))
<BR><BR>[Called By]<UL><LI><a href="#[91]">&gt;&gt;</a>&nbsp;&nbsp;&nbsp;__strtoll
</UL>

<P><STRONG><a name="[9e]"></a>_strtoull</STRONG> (Thumb, 216 bytes, Stack size 48 bytes, _strtoull.o(.text))
<BR><BR>[Stack]<UL><LI>Max Depth = 120<LI>Call Chain = _strtoull &rArr; __aeabi_lmul &rArr; __aeabi_llsl
</UL>
<BR>[Calls]<UL><LI><a href="#[a4]">&gt;&gt;</a>&nbsp;&nbsp;&nbsp;_chval
<LI><a href="#[a3]">&gt;&gt;</a>&nbsp;&nbsp;&nbsp;__aeabi_lmul
<LI><a href="#[90]">&gt;&gt;</a>&nbsp;&nbsp;&nbsp;__aeabi_errno_addr
</UL>
<BR>[Called By]<UL><LI><a href="#[91]">&gt;&gt;</a>&nbsp;&nbsp;&nbsp;__strtoll
</UL>

<P><STRONG><a name="[a3]"></a>__aeabi_lmul</STRONG> (Thumb, 126 bytes, Stack size 64 bytes, llmul.o(.text))
<BR><BR>[Stack]<UL><LI>Max Depth = 72<LI>Call Chain = __aeabi_lmul &rArr; __aeabi_llsl
</UL>
<BR>[Calls]<UL><LI><a href="#[8d]">&gt;&gt;</a>&nbsp;&nbsp;&nbsp;__aeabi_llsl
</UL>
<BR>[Called By]<UL><LI><a href="#[9e]">&gt;&gt;</a>&nbsp;&nbsp;&nbsp;_strtoull
</UL>

<P><STRONG><a name="[320]"></a>_ll_mul</STRONG> (Thumb, 0 bytes, Stack size 64 bytes, llmul.o(.text), UNUSED)

<P><STRONG><a name="[a4]"></a>_chval</STRONG> (Thumb, 30 bytes, Stack size 0 bytes, _chval.o(.text))
<BR><BR>[Called By]<UL><LI><a href="#[9e]">&gt;&gt;</a>&nbsp;&nbsp;&nbsp;_strtoull
</UL>

<P><STRONG><a name="[17a]"></a>Delay_ms</STRONG> (Thumb, 26 bytes, Stack size 8 bytes, rf_xvr.o(i.Delay_ms))
<BR><BR>[Stack]<UL><LI>Max Depth = 8<LI>Call Chain = Delay_ms
</UL>
<BR>[Called By]<UL><LI><a href="#[179]">&gt;&gt;</a>&nbsp;&nbsp;&nbsp;bk_delay_ms
<LI><a href="#[1fa]">&gt;&gt;</a>&nbsp;&nbsp;&nbsp;kmod_calibration
<LI><a href="#[1f9]">&gt;&gt;</a>&nbsp;&nbsp;&nbsp;initial_xver_BK3435V2_openLoop
<LI><a href="#[1f8]">&gt;&gt;</a>&nbsp;&nbsp;&nbsp;init_analog_xvr_reg
</UL>

<P><STRONG><a name="[78]"></a>FIQ_Exception</STRONG> (Thumb, 30 bytes, Stack size 16 bytes, intc.o(i.FIQ_Exception))
<BR><BR>[Stack]<UL><LI>Max Depth = 168<LI>Call Chain = FIQ_Exception &rArr; rwble_isr &rArr; __aeabi_dmul &rArr; _double_epilogue &rArr; __aeabi_llsr
</UL>
<BR>[Calls]<UL><LI><a href="#[a7]">&gt;&gt;</a>&nbsp;&nbsp;&nbsp;pwm_isr
<LI><a href="#[a5]">&gt;&gt;</a>&nbsp;&nbsp;&nbsp;cpu_wakeup
<LI><a href="#[a6]">&gt;&gt;</a>&nbsp;&nbsp;&nbsp;rwble_isr
</UL>
<BR>[Called By]<UL><LI><a href="#[77]">&gt;&gt;</a>&nbsp;&nbsp;&nbsp;SYSirq_FIQ_Handler (via BLX)
</UL>

<P><STRONG><a name="[a8]"></a>HMAC_SHA1</STRONG> (Thumb, 162 bytes, Stack size 272 bytes, hmac-sha1.o(i.HMAC_SHA1))
<BR><BR>[Stack]<UL><LI>Max Depth = 792<LI>Call Chain = HMAC_SHA1 &rArr; SHA1 &rArr; SHA1Result &rArr; SHA1PadMessage &rArr; SHA1ProcessMessageBlock
</UL>
<BR>[Calls]<UL><LI><a href="#[ab]">&gt;&gt;</a>&nbsp;&nbsp;&nbsp;__aeabi_memcpy
<LI><a href="#[ae]">&gt;&gt;</a>&nbsp;&nbsp;&nbsp;SHA1Result
<LI><a href="#[ac]">&gt;&gt;</a>&nbsp;&nbsp;&nbsp;SHA1Reset
<LI><a href="#[ad]">&gt;&gt;</a>&nbsp;&nbsp;&nbsp;SHA1Input
<LI><a href="#[a9]">&gt;&gt;</a>&nbsp;&nbsp;&nbsp;SHA1
<LI><a href="#[aa]">&gt;&gt;</a>&nbsp;&nbsp;&nbsp;__aeabi_memclr4
</UL>
<BR>[Called By]<UL><LI><a href="#[b7]">&gt;&gt;</a>&nbsp;&nbsp;&nbsp;TOTP
</UL>

<P><STRONG><a name="[7a]"></a>IRQ_Exception</STRONG> (Thumb, 138 bytes, Stack size 24 bytes, intc.o(i.IRQ_Exception))
<BR><BR>[Stack]<UL><LI>Max Depth = 80<LI>Call Chain = IRQ_Exception &rArr; uart_isr &rArr; pn9_test_process &rArr; uart_send
</UL>
<BR>[Calls]<UL><LI><a href="#[af]">&gt;&gt;</a>&nbsp;&nbsp;&nbsp;uart_isr
<LI><a href="#[b0]">&gt;&gt;</a>&nbsp;&nbsp;&nbsp;uart2_isr
<LI><a href="#[b2]">&gt;&gt;</a>&nbsp;&nbsp;&nbsp;rtc_isr
<LI><a href="#[a7]">&gt;&gt;</a>&nbsp;&nbsp;&nbsp;pwm_isr
<LI><a href="#[b1]">&gt;&gt;</a>&nbsp;&nbsp;&nbsp;gpio_isr
<LI><a href="#[a5]">&gt;&gt;</a>&nbsp;&nbsp;&nbsp;cpu_wakeup
</UL>
<BR>[Called By]<UL><LI><a href="#[79]">&gt;&gt;</a>&nbsp;&nbsp;&nbsp;SYSirq_IRQ_Handler (via BLX)
</UL>

<P><STRONG><a name="[30]"></a>Read_Uart_Buf</STRONG> (Thumb, 14 bytes, Stack size 0 bytes, uart.o(i.Read_Uart_Buf))
<BR>[Address Reference Count : 1]<UL><LI> arch_main.o(i.rom_env_init)
</UL>
<P><STRONG><a name="[a9]"></a>SHA1</STRONG> (Thumb, 46 bytes, Stack size 116 bytes, sha1.o(i.SHA1))
<BR><BR>[Stack]<UL><LI>Max Depth = 520<LI>Call Chain = SHA1 &rArr; SHA1Result &rArr; SHA1PadMessage &rArr; SHA1ProcessMessageBlock
</UL>
[...]
<BR><BR>[Stack]<UL><LI>Max Depth = 256<LI>Call Chain = bk_timer12_handler &rArr; bk_timer_handler &rArr; suble_buzzer_timeout_handler &rArr; lock_play_music &rArr; suble_buzzer_start &rArr; elog_output &rArr;  elog_output (Cycle)
</UL>
<BR>[Calls]<UL><LI><a href="#[190]">&gt;&gt;</a>&nbsp;&nbsp;&nbsp;bk_timer_handler
</UL>
<BR>[Address Reference Count : 1]<UL><LI> app_task.o(.constdata)
</UL>
<P><STRONG><a name="[64]"></a>bk_timer13_handler</STRONG> (Thumb, 12 bytes, Stack size 8 bytes, app_task.o(i.bk_timer13_handler))
<BR><BR>[Stack]<UL><LI>Max Depth = 256<LI>Call Chain = bk_timer13_handler &rArr; bk_timer_handler &rArr; suble_buzzer_timeout_handler &rArr; lock_play_music &rArr; suble_buzzer_start &rArr; elog_output &rArr;  elog_output (Cycle)
</UL>
<BR>[Calls]<UL><LI><a href="#[190]">&gt;&gt;</a>&nbsp;&nbsp;&nbsp;bk_timer_handler
</UL>
<BR>[Address Reference Count : 1]<UL><LI> app_task.o(.constdata)
</UL>
<P><STRONG><a name="[65]"></a>bk_timer14_handler</STRONG> (Thumb, 12 bytes, Stack size 8 bytes, app_task.o(i.bk_timer14_handler))
<BR><BR>[Stack]<UL><LI>Max Depth = 256<LI>Call Chain = bk_timer14_handler &rArr; bk_timer_handler &rArr; suble_buzzer_timeout_handler &rArr; lock_play_music &rArr; suble_buzzer_start &rArr; elog_output &rArr;  elog_output (Cycle)
</UL>
<BR>[Calls]<UL><LI><a href="#[190]">&gt;&gt;</a>&nbsp;&nbsp;&nbsp;bk_timer_handler
</UL>
<BR>[Address Reference Count : 1]<UL><LI> app_task.o(.constdata)
</UL>
<P><STRONG><a name="[66]"></a>bk_timer15_handler</STRONG> (Thumb, 14 bytes, Stack size 8 bytes, app_task.o(i.bk_timer15_handler))
<BR><BR>[Stack]<UL><LI>Max Depth = 256<LI>Call Chain = bk_timer15_handler &rArr; bk_timer_handler &rArr; suble_buzzer_timeout_handler &rArr; lock_play_music &rArr; suble_buzzer_start &rArr; elog_output &rArr;  elog_output (Cycle)
</UL>
<BR>[Calls]<UL><LI><a href="#[190]">&gt;&gt;</a>&nbsp;&nbsp;&nbsp;bk_timer_handler
</UL>
<BR>[Address Reference Count : 1]<UL><LI> app_task.o(.constdata)
</UL>
<P><STRONG><a name="[67]"></a>bk_timer16_handler</STRONG> (Thumb, 12 bytes, Stack size 8 bytes, app_task.o(i.bk_timer16_handler))
<BR><BR>[Stack]<UL><LI>Max Depth = 256<LI>Call Chain = bk_timer16_handler &rArr; bk_timer_handler &rArr; suble_buzzer_timeout_handler &rArr; lock_play_music &rArr; suble_buzzer_start &rArr; elog_output &rArr;  elog_output (Cycle)
</UL>
<BR>[Calls]<UL><LI><a href="#[190]">&gt;&gt;</a>&nbsp;&nbsp;&nbsp;bk_timer_handler
</UL>
<BR>[Address Reference Count : 1]<UL><LI> app_task.o(.constdata)
</UL>
<P><STRONG><a name="[68]"></a>bk_timer17_handler</STRONG> (Thumb, 12 bytes, Stack size 8 bytes, app_task.o(i.bk_timer17_handler))
<BR><BR>[Stack]<UL><LI>Max Depth = 256<LI>Call Chain = bk_timer17_handler &rArr; bk_timer_handler &rArr; suble_buzzer_timeout_handler &rArr; lock_play_music &rArr; suble_buzzer_start &rArr; elog_output &rArr;  elog_output (Cycle)
</UL>
<BR>[Calls]<UL><LI><a href="#[190]">&gt;&gt;</a>&nbsp;&nbsp;&nbsp;bk_timer_handler
</UL>
<BR>[Address Reference Count : 1]<UL><LI> app_task.o(.constdata)
</UL>
<P><STRONG><a name="[69]"></a>bk_timer18_handler</STRONG> (Thumb, 12 bytes, Stack size 8 bytes, app_task.o(i.bk_timer18_handler))
<BR><BR>[Stack]<UL><LI>Max Depth = 256<LI>Call Chain = bk_timer18_handler &rArr; bk_timer_handler &rArr; suble_buzzer_timeout_handler &rArr; lock_play_music &rArr; suble_buzzer_start &rArr; elog_output &rArr;  elog_output (Cycle)
</UL>
<BR>[Calls]<UL><LI><a href="#[190]">&gt;&gt;</a>&nbsp;&nbsp;&nbsp;bk_timer_handler
</UL>
<BR>[Address Reference Count : 1]<UL><LI> app_task.o(.constdata)
</UL>
<P><STRONG><a name="[6a]"></a>bk_timer19_handler</STRONG> (Thumb, 12 bytes, Stack size 8 bytes, app_task.o(i.bk_timer19_handler))
<BR><BR>[Stack]<UL><LI>Max Depth = 256<LI>Call Chain = bk_timer19_handler &rArr; bk_timer_handler &rArr; suble_buzzer_timeout_handler &rArr; lock_play_music &rArr; suble_buzzer_start &rArr; elog_output &rArr;  elog_output (Cycle)
</UL>
<BR>[Calls]<UL><LI><a href="#[190]">&gt;&gt;</a>&nbsp;&nbsp;&nbsp;bk_timer_handler
</UL>
<BR>[Address Reference Count : 1]<UL><LI> app_task.o(.constdata)
</UL>
<P><STRONG><a name="[58]"></a>bk_timer1_handler</STRONG> (Thumb, 12 bytes, Stack size 8 bytes, app_task.o(i.bk_timer1_handler))
<BR><BR>[Stack]<UL><LI>Max Depth = 256<LI>Call Chain = bk_timer1_handler &rArr; bk_timer_handler &rArr; suble_buzzer_timeout_handler &rArr; lock_play_music &rArr; suble_buzzer_start &rArr; elog_output &rArr;  elog_output (Cycle)
</UL>
<BR>[Calls]<UL><LI><a href="#[190]">&gt;&gt;</a>&nbsp;&nbsp;&nbsp;bk_timer_handler
</UL>
<BR>[Address Reference Count : 1]<UL><LI> app_task.o(.constdata)
</UL>
<P><STRONG><a name="[59]"></a>bk_timer2_handler</STRONG> (Thumb, 12 bytes, Stack size 8 bytes, app_task.o(i.bk_timer2_handler))
<BR><BR>[Stack]<UL><LI>Max Depth = 256<LI>Call Chain = bk_timer2_handler &rArr; bk_timer_handler &rArr; suble_buzzer_timeout_handler &rArr; lock_play_music &rArr; suble_buzzer_start &rArr; elog_output &rArr;  elog_output (Cycle)
</UL>
<BR>[Calls]<UL><LI><a href="#[190]">&gt;&gt;</a>&nbsp;&nbsp;&nbsp;bk_timer_handler
</UL>
<BR>[Address Reference Count : 1]<UL><LI> app_task.o(.constdata)
</UL>
<P><STRONG><a name="[5a]"></a>bk_timer3_handler</STRONG> (Thumb, 12 bytes, Stack size 8 bytes, app_task.o(i.bk_timer3_handler))
<BR><BR>[Stack]<UL><LI>Max Depth = 256<LI>Call Chain = bk_timer3_handler &rArr; bk_timer_handler &rArr; suble_buzzer_timeout_handler &rArr; lock_play_music &rArr; suble_buzzer_start &rArr; elog_output &rArr;  elog_output (Cycle)
</UL>
<BR>[Calls]<UL><LI><a href="#[190]">&gt;&gt;</a>&nbsp;&nbsp;&nbsp;bk_timer_handler
</UL>
<BR>[Address Reference Count : 1]<UL><LI> app_task.o(.constdata)
</UL>
<P><STRONG><a name="[5b]"></a>bk_timer4_handler</STRONG> (Thumb, 12 bytes, Stack size 8 bytes, app_task.o(i.bk_timer4_handler))
<BR><BR>[Stack]<UL><LI>Max Depth = 256<LI>Call Chain = bk_timer4_handler &rArr; bk_timer_handler &rArr; suble_buzzer_timeout_handler &rArr; lock_play_music &rArr; suble_buzzer_start &rArr; elog_output &rArr;  elog_output (Cycle)
</UL>
<BR>[Calls]<UL><LI><a href="#[190]">&gt;&gt;</a>&nbsp;&nbsp;&nbsp;bk_timer_handler
</UL>
<BR>[Address Reference Count : 1]<UL><LI> app_task.o(.constdata)
</UL>
<P><STRONG><a name="[5c]"></a>bk_timer5_handler</STRONG> (Thumb, 12 bytes, Stack size 8 bytes, app_task.o(i.bk_timer5_handler))
<BR><BR>[Stack]<UL><LI>Max Depth = 256<LI>Call Chain = bk_timer5_handler &rArr; bk_timer_handler &rArr; suble_buzzer_timeout_handler &rArr; lock_play_music &rArr; suble_buzzer_start &rArr; elog_output &rArr;  elog_output (Cycle)
</UL>
<BR>[Calls]<UL><LI><a href="#[190]">&gt;&gt;</a>&nbsp;&nbsp;&nbsp;bk_timer_handler
</UL>
<BR>[Address Reference Count : 1]<UL><LI> app_task.o(.constdata)
</UL>
<P><STRONG><a name="[5d]"></a>bk_timer6_handler</STRONG> (Thumb, 12 bytes, Stack size 8 bytes, app_task.o(i.bk_timer6_handler))
<BR><BR>[Stack]<UL><LI>Max Depth = 256<LI>Call Chain = bk_timer6_handler &rArr; bk_timer_handler &rArr; suble_buzzer_timeout_handler &rArr; lock_play_music &rArr; suble_buzzer_start &rArr; elog_output &rArr;  elog_output (Cycle)
</UL>
<BR>[Calls]<UL><LI><a href="#[190]">&gt;&gt;</a>&nbsp;&nbsp;&nbsp;bk_timer_handler
</UL>
<BR>[Address Reference Count : 1]<UL><LI> app_task.o(.constdata)
</UL>
<P><STRONG><a name="[5e]"></a>bk_timer7_handler</STRONG> (Thumb, 12 bytes, Stack size 8 bytes, app_task.o(i.bk_timer7_handler))
<BR><BR>[Stack]<UL><LI>Max Depth = 256<LI>Call Chain = bk_timer7_handler &rArr; bk_timer_handler &rArr; suble_buzzer_timeout_handler &rArr; lock_play_music &rArr; suble_buzzer_start &rArr; elog_output &rArr;  elog_output (Cycle)
</UL>
<BR>[Calls]<UL><LI><a href="#[190]">&gt;&gt;</a>&nbsp;&nbsp;&nbsp;bk_timer_handler
</UL>
<BR>[Address Reference Count : 1]<UL><LI> app_task.o(.constdata)
</UL>
<P><STRONG><a name="[5f]"></a>bk_timer8_handler</STRONG> (Thumb, 12 bytes, Stack size 8 bytes, app_task.o(i.bk_timer8_handler))
<BR><BR>[Stack]<UL><LI>Max Depth = 256<LI>Call Chain = bk_timer8_handler &rArr; bk_timer_handler &rArr; suble_buzzer_timeout_handler &rArr; lock_play_music &rArr; suble_buzzer_start &rArr; elog_output &rArr;  elog_output (Cycle)
</UL>
<BR>[Calls]<UL><LI><a href="#[190]">&gt;&gt;</a>&nbsp;&nbsp;&nbsp;bk_timer_handler
</UL>
<BR>[Address Reference Count : 1]<UL><LI> app_task.o(.constdata)
</UL>
<P><STRONG><a name="[60]"></a>bk_timer9_handler</STRONG> (Thumb, 12 bytes, Stack size 8 bytes, app_task.o(i.bk_timer9_handler))
<BR><BR>[Stack]<UL><LI>Max Depth = 256<LI>Call Chain = bk_timer9_handler &rArr; bk_timer_handler &rArr; suble_buzzer_timeout_handler &rArr; lock_play_music &rArr; suble_buzzer_start &rArr; elog_output &rArr;  elog_output (Cycle)
</UL>
<BR>[Calls]<UL><LI><a href="#[190]">&gt;&gt;</a>&nbsp;&nbsp;&nbsp;bk_timer_handler
</UL>
<BR>[Address Reference Count : 1]<UL><LI> app_task.o(.constdata)
</UL>
<P><STRONG><a name="[50]"></a>gapc_cmp_evt_handler</STRONG> (Thumb, 126 bytes, Stack size 16 bytes, app_task.o(i.gapc_cmp_evt_handler))
<BR><BR>[Stack]<UL><LI>Max Depth = 160<LI>Call Chain = gapc_cmp_evt_handler &rArr; elog_output &rArr;  elog_output (Cycle)
</UL>
<BR>[Calls]<UL><LI><a href="#[ce]">&gt;&gt;</a>&nbsp;&nbsp;&nbsp;elog_output
</UL>
<BR>[Address Reference Count : 1]<UL><LI> app_task.o(.constdata)
</UL>
<P><STRONG><a name="[4f]"></a>gapc_connection_req_ind_handler</STRONG> (Thumb, 96 bytes, Stack size 24 bytes, app_task.o(i.gapc_connection_req_ind_handler))
<BR><BR>[Stack]<UL><LI>Max Depth = 200<LI>Call Chain = gapc_connection_req_ind_handler &rArr; bk_adv_start &rArr; appm_start_advertising &rArr; elog_output &rArr;  elog_output (Cycle)
</UL>
<BR>[Calls]<UL><LI><a href="#[cf]">&gt;&gt;</a>&nbsp;&nbsp;&nbsp;app_common_evt_send_only_evt
<LI><a href="#[ce]">&gt;&gt;</a>&nbsp;&nbsp;&nbsp;elog_output
<LI><a href="#[1ef]">&gt;&gt;</a>&nbsp;&nbsp;&nbsp;tuya_ble_connected_handler
<LI><a href="#[175]">&gt;&gt;</a>&nbsp;&nbsp;&nbsp;bk_adv_start
<LI><a href="#[16b]">&gt;&gt;</a>&nbsp;&nbsp;&nbsp;ke_state_set
<LI><a href="#[fe]">&gt;&gt;</a>&nbsp;&nbsp;&nbsp;ke_msg_send
<LI><a href="#[fd]">&gt;&gt;</a>&nbsp;&nbsp;&nbsp;ke_msg_alloc
</UL>
<BR>[Address Reference Count : 1]<UL><LI> app_task.o(.constdata)
</UL>
<P><STRONG><a name="[51]"></a>gapc_disconnect_ind_handler</STRONG> (Thumb, 58 bytes, Stack size 16 bytes, app_task.o(i.gapc_disconnect_ind_handler))
<BR><BR>[Stack]<UL><LI>Max Depth = 192<LI>Call Chain = gapc_disconnect_ind_handler &rArr; bk_adv_start &rArr; appm_start_advertising &rArr; elog_output &rArr;  elog_output (Cycle)
</UL>
<BR>[Calls]<UL><LI><a href="#[cf]">&gt;&gt;</a>&nbsp;&nbsp;&nbsp;app_common_evt_send_only_evt
<LI><a href="#[ce]">&gt;&gt;</a>&nbsp;&nbsp;&nbsp;elog_output
<LI><a href="#[1f0]">&gt;&gt;</a>&nbsp;&nbsp;&nbsp;tuya_ble_disconnected_handler
<LI><a href="#[175]">&gt;&gt;</a>&nbsp;&nbsp;&nbsp;bk_adv_start
<LI><a href="#[16b]">&gt;&gt;</a>&nbsp;&nbsp;&nbsp;ke_state_set
</UL>
<BR>[Address Reference Count : 1]<UL><LI> app_task.o(.constdata)
</UL>
<P><STRONG><a name="[4d]"></a>gapc_get_dev_info_req_ind_handler</STRONG> (Thumb, 106 bytes, Stack size 16 bytes, app_task.o(i.gapc_get_dev_info_req_ind_handler))
<BR><BR>[Stack]<UL><LI>Max Depth = 24<LI>Call Chain = gapc_get_dev_info_req_ind_handler &rArr; appm_get_dev_name
</UL>
<BR>[Calls]<UL><LI><a href="#[fe]">&gt;&gt;</a>&nbsp;&nbsp;&nbsp;ke_msg_send
<LI><a href="#[fd]">&gt;&gt;</a>&nbsp;&nbsp;&nbsp;ke_msg_alloc
<LI><a href="#[168]">&gt;&gt;</a>&nbsp;&nbsp;&nbsp;appm_get_dev_name
</UL>
<BR>[Address Reference Count : 1]<UL><LI> app_task.o(.constdata)
</UL>
<P><STRONG><a name="[53]"></a>gapc_le_pkt_size_ind_handler</STRONG> (Thumb, 126 bytes, Stack size 24 bytes, app_task.o(i.gapc_le_pkt_size_ind_handler))
<BR><BR>[Stack]<UL><LI>Max Depth = 168<LI>Call Chain = gapc_le_pkt_size_ind_handler &rArr; elog_output &rArr;  elog_output (Cycle)
</UL>
<BR>[Calls]<UL><LI><a href="#[ce]">&gt;&gt;</a>&nbsp;&nbsp;&nbsp;elog_output
</UL>
<BR>[Address Reference Count : 1]<UL><LI> app_task.o(.constdata)
</UL>
<P><STRONG><a name="[56]"></a>gapc_param_update_req_ind_handler</STRONG> (Thumb, 62 bytes, Stack size 24 bytes, app_task.o(i.gapc_param_update_req_ind_handler))
<BR><BR>[Stack]<UL><LI>Max Depth = 168<LI>Call Chain = gapc_param_update_req_ind_handler &rArr; elog_output &rArr;  elog_output (Cycle)
</UL>
<BR>[Calls]<UL><LI><a href="#[ce]">&gt;&gt;</a>&nbsp;&nbsp;&nbsp;elog_output
<LI><a href="#[fe]">&gt;&gt;</a>&nbsp;&nbsp;&nbsp;ke_msg_send
<LI><a href="#[fd]">&gt;&gt;</a>&nbsp;&nbsp;&nbsp;ke_msg_alloc
</UL>
<BR>[Address Reference Count : 1]<UL><LI> app_task.o(.constdata)
</UL>
<P><STRONG><a name="[54]"></a>gapc_param_updated_ind_handler</STRONG> (Thumb, 76 bytes, Stack size 32 bytes, app_task.o(i.gapc_param_updated_ind_handler))
<BR><BR>[Stack]<UL><LI>Max Depth = 176<LI>Call Chain = gapc_param_updated_ind_handler &rArr; elog_output &rArr;  elog_output (Cycle)
</UL>
<BR>[Calls]<UL><LI><a href="#[ce]">&gt;&gt;</a>&nbsp;&nbsp;&nbsp;elog_output
<LI><a href="#[9a]">&gt;&gt;</a>&nbsp;&nbsp;&nbsp;__aeabi_ui2d
<LI><a href="#[98]">&gt;&gt;</a>&nbsp;&nbsp;&nbsp;__aeabi_dmul
<LI><a href="#[9c]">&gt;&gt;</a>&nbsp;&nbsp;&nbsp;__aeabi_d2uiz
</UL>
<BR>[Address Reference Count : 1]<UL><LI> app_task.o(.constdata)
</UL>
<P><STRONG><a name="[4e]"></a>gapc_set_dev_info_req_ind_handler</STRONG> (Thumb, 32 bytes, Stack size 8 bytes, app_task.o(i.gapc_set_dev_info_req_ind_handler))
<BR><BR>[Stack]<UL><LI>Max Depth = 8<LI>Call Chain = gapc_set_dev_info_req_ind_handler
</UL>
<BR>[Calls]<UL><LI><a href="#[fe]">&gt;&gt;</a>&nbsp;&nbsp;&nbsp;ke_msg_send
<LI><a href="#[fd]">&gt;&gt;</a>&nbsp;&nbsp;&nbsp;ke_msg_alloc
</UL>
<BR>[Address Reference Count : 1]<UL><LI> app_task.o(.constdata)
</UL>
<P><STRONG><a name="[4c]"></a>gapm_cmp_evt_handler</STRONG> (Thumb, 222 bytes, Stack size 24 bytes, app_task.o(i.gapm_cmp_evt_handler))
<BR><BR>[Stack]<UL><LI>Max Depth = 644<LI>Call Chain = gapm_cmp_evt_handler &rArr; lock_common_init &rArr; app_common_init &rArr; app_port_ble_sdk_init &rArr; tuya_ble_sdk_init &rArr; tuya_ble_adv_change &rArr; tuya_ble_device_id_encrypt &rArr; tuya_ble_aes128_cbc_encrypt &rArr; mbedtls_aes_crypt_cbc &rArr; mbedtls_aes_crypt_ecb &rArr; mbedtls_internal_aes_encrypt
</UL>
<BR>[Calls]<UL><LI><a href="#[ab]">&gt;&gt;</a>&nbsp;&nbsp;&nbsp;__aeabi_memcpy
<LI><a href="#[ce]">&gt;&gt;</a>&nbsp;&nbsp;&nbsp;elog_output
<LI><a href="#[1f2]">&gt;&gt;</a>&nbsp;&nbsp;&nbsp;lock_common_init
<LI><a href="#[1f3]">&gt;&gt;</a>&nbsp;&nbsp;&nbsp;bk_test
<LI><a href="#[175]">&gt;&gt;</a>&nbsp;&nbsp;&nbsp;bk_adv_start
<LI><a href="#[16b]">&gt;&gt;</a>&nbsp;&nbsp;&nbsp;ke_state_set
<LI><a href="#[fe]">&gt;&gt;</a>&nbsp;&nbsp;&nbsp;ke_msg_send
<LI><a href="#[fd]">&gt;&gt;</a>&nbsp;&nbsp;&nbsp;ke_msg_alloc
<LI><a href="#[1f1]">&gt;&gt;</a>&nbsp;&nbsp;&nbsp;appm_add_svc
</UL>
<BR>[Address Reference Count : 1]<UL><LI> app_task.o(.constdata)
</UL>
<P><STRONG><a name="[4b]"></a>gapm_device_ready_ind_handler</STRONG> (Thumb, 26 bytes, Stack size 8 bytes, app_task.o(i.gapm_device_ready_ind_handler))
<BR><BR>[Stack]<UL><LI>Max Depth = 8<LI>Call Chain = gapm_device_ready_ind_handler
</UL>
<BR>[Calls]<UL><LI><a href="#[fe]">&gt;&gt;</a>&nbsp;&nbsp;&nbsp;ke_msg_send
<LI><a href="#[fd]">&gt;&gt;</a>&nbsp;&nbsp;&nbsp;ke_msg_alloc
</UL>
<BR>[Address Reference Count : 1]<UL><LI> app_task.o(.constdata)
</UL>
<P><STRONG><a name="[52]"></a>gapm_profile_added_ind_handler</STRONG> (Thumb, 12 bytes, Stack size 8 bytes, app_task.o(i.gapm_profile_added_ind_handler))
<BR><BR>[Stack]<UL><LI>Max Depth = 8<LI>Call Chain = gapm_profile_added_ind_handler
</UL>
<BR>[Calls]<UL><LI><a href="#[d3]">&gt;&gt;</a>&nbsp;&nbsp;&nbsp;ke_state_get
</UL>
<BR>[Address Reference Count : 1]<UL><LI> app_task.o(.constdata)
</UL>
<P><STRONG><a name="[55]"></a>gattc_mtu_changed_ind_handler</STRONG> (Thumb, 60 bytes, Stack size 24 bytes, app_task.o(i.gattc_mtu_changed_ind_handler))
<BR><BR>[Stack]<UL><LI>Max Depth = 168<LI>Call Chain = gattc_mtu_changed_ind_handler &rArr; elog_output &rArr;  elog_output (Cycle)
</UL>
<BR>[Calls]<UL><LI><a href="#[ce]">&gt;&gt;</a>&nbsp;&nbsp;&nbsp;elog_output
</UL>
<BR>[Address Reference Count : 1]<UL><LI> app_task.o(.constdata)
</UL>
<P><STRONG><a name="[2cb]"></a>tuya_ble_Add_Pkcs</STRONG> (Thumb, 68 bytes, Stack size 32 bytes, tuya_ble_cryption_api.o(i.tuya_ble_Add_Pkcs))
<BR><BR>[Stack]<UL><LI>Max Depth = 32<LI>Call Chain = tuya_ble_Add_Pkcs
</UL>
<BR>[Calls]<UL><LI><a href="#[ab]">&gt;&gt;</a>&nbsp;&nbsp;&nbsp;__aeabi_memcpy
</UL>
<BR>[Called By]<UL><LI><a href="#[2d9]">&gt;&gt;</a>&nbsp;&nbsp;&nbsp;tuya_ble_encryption
<LI><a href="#[2d0]">&gt;&gt;</a>&nbsp;&nbsp;&nbsp;tuya_ble_encrypt_old_with_key
</UL>

<P><STRONG><a name="[2e1]"></a>tuya_ble_key_generate</STRONG> (Thumb, 318 bytes, Stack size 64 bytes, tuya_ble_cryption_api.o(i.tuya_ble_key_generate))
<BR><BR>[Stack]<UL><LI>Max Depth = 508<LI>Call Chain = tuya_ble_key_generate &rArr; tuya_ble_aes128_cbc_encrypt &rArr; mbedtls_aes_crypt_cbc &rArr; mbedtls_aes_crypt_ecb &rArr; mbedtls_internal_aes_encrypt
</UL>
<BR>[Calls]<UL><LI><a href="#[10f]">&gt;&gt;</a>&nbsp;&nbsp;&nbsp;memcmp
<LI><a href="#[ab]">&gt;&gt;</a>&nbsp;&nbsp;&nbsp;__aeabi_memcpy
<LI><a href="#[2e2]">&gt;&gt;</a>&nbsp;&nbsp;&nbsp;tuya_ble_md5_crypt
<LI><a href="#[119]">&gt;&gt;</a>&nbsp;&nbsp;&nbsp;tuya_ble_aes128_cbc_encrypt
<LI><a href="#[81]">&gt;&gt;</a>&nbsp;&nbsp;&nbsp;__aeabi_memclr
</UL>
<BR>[Called By]<UL><LI><a href="#[2d9]">&gt;&gt;</a>&nbsp;&nbsp;&nbsp;tuya_ble_encryption
<LI><a href="#[2dd]">&gt;&gt;</a>&nbsp;&nbsp;&nbsp;tuya_ble_decryption
</UL>

<P><STRONG><a name="[c5]"></a>_fp_digits</STRONG> (Thumb, 344 bytes, Stack size 64 bytes, printfa.o(i._fp_digits), UNUSED)
<BR><BR>[Calls]<UL><LI><a href="#[98]">&gt;&gt;</a>&nbsp;&nbsp;&nbsp;__aeabi_dmul
<LI><a href="#[92]">&gt;&gt;</a>&nbsp;&nbsp;&nbsp;__aeabi_dadd
<LI><a href="#[99]">&gt;&gt;</a>&nbsp;&nbsp;&nbsp;__aeabi_ddiv
<LI><a href="#[8b]">&gt;&gt;</a>&nbsp;&nbsp;&nbsp;__aeabi_uldivmod
<LI><a href="#[c6]">&gt;&gt;</a>&nbsp;&nbsp;&nbsp;__aeabi_cdrcmple
<LI><a href="#[a2]">&gt;&gt;</a>&nbsp;&nbsp;&nbsp;__aeabi_d2ulz
</UL>
<BR>[Called By]<UL><LI><a href="#[ba]">&gt;&gt;</a>&nbsp;&nbsp;&nbsp;_printf_core
</UL>

<P><STRONG><a name="[ba]"></a>_printf_core</STRONG> (Thumb, 1764 bytes, Stack size 128 bytes, printfa.o(i._printf_core), UNUSED)
<BR><BR>[Calls]<UL><LI><a href="#[82]">&gt;&gt;</a>&nbsp;&nbsp;&nbsp;__aeabi_uidivmod
<LI><a href="#[8b]">&gt;&gt;</a>&nbsp;&nbsp;&nbsp;__aeabi_uldivmod
<LI><a href="#[c7]">&gt;&gt;</a>&nbsp;&nbsp;&nbsp;_printf_pre_padding
<LI><a href="#[c8]">&gt;&gt;</a>&nbsp;&nbsp;&nbsp;_printf_post_padding
<LI><a href="#[c5]">&gt;&gt;</a>&nbsp;&nbsp;&nbsp;_fp_digits
</UL>
<BR>[Called By]<UL><LI><a href="#[bd]">&gt;&gt;</a>&nbsp;&nbsp;&nbsp;__0vsprintf
<LI><a href="#[bc]">&gt;&gt;</a>&nbsp;&nbsp;&nbsp;__0vsnprintf
<LI><a href="#[bb]">&gt;&gt;</a>&nbsp;&nbsp;&nbsp;__0sprintf
<LI><a href="#[b9]">&gt;&gt;</a>&nbsp;&nbsp;&nbsp;__0snprintf
</UL>

<P><STRONG><a name="[c8]"></a>_printf_post_padding</STRONG> (Thumb, 32 bytes, Stack size 24 bytes, printfa.o(i._printf_post_padding), UNUSED)
<BR><BR>[Called By]<UL><LI><a href="#[ba]">&gt;&gt;</a>&nbsp;&nbsp;&nbsp;_printf_core
</UL>

<P><STRONG><a name="[c7]"></a>_printf_pre_padding</STRONG> (Thumb, 44 bytes, Stack size 40 bytes, printfa.o(i._printf_pre_padding), UNUSED)
<BR><BR>[Called By]<UL><LI><a href="#[ba]">&gt;&gt;</a>&nbsp;&nbsp;&nbsp;_printf_core
</UL>

<P><STRONG><a name="[8]"></a>_snputc</STRONG> (Thumb, 22 bytes, Stack size 0 bytes, printfa.o(i._snputc))
<BR>[Address Reference Count : 2]<UL><LI> printfa.o(i.__0vsnprintf)
<LI> printfa.o(i.__0snprintf)
</UL>
<P><STRONG><a name="[9]"></a>_sputc</STRONG> (Thumb, 10 bytes, Stack size 0 bytes, printfa.o(i._sputc))
<BR><BR>[Called By]<UL><LI><a href="#[bd]">&gt;&gt;</a>&nbsp;&nbsp;&nbsp;__0vsprintf
<LI><a href="#[bb]">&gt;&gt;</a>&nbsp;&nbsp;&nbsp;__0sprintf
</UL>
<BR>[Address Reference Count : 2]<UL><LI> printfa.o(i.__0sprintf)
<LI> printfa.o(i.__0vsprintf)
</UL><P>
<H3>
Undefined Global Symbols
</H3><HR></body></html>
