Component: ARM Compiler 5.06 update 6 (build 750) Tool: armlink [4d35ed]

==============================================================================

Section Cross References

    lock_common.o(i.lock_common_init) refers to app_ota.o(i.app_ota_init) for app_ota_init
    lock_common.o(i.lock_common_init) refers to app_port.o(i.app_port_nv_init) for app_port_nv_init
    lock_common.o(i.lock_common_init) refers to app_port.o(i.app_port_local_clock_start) for app_port_local_clock_start
    lock_common.o(i.lock_common_init) refers to lock_timer.o(i.lock_timer_creat) for lock_timer_creat
    lock_common.o(i.lock_common_init) refers to app_common.o(i.app_common_init) for app_common_init
    lock_common.o(i.lock_common_init) refers to bk_common.o(i.bk_log_hexdump) for bk_log_hexdump
    lock_common.o(i.lock_common_init) refers to tuya_ble_main.o(.bss) for tuya_ble_current_para
    lock_common.o(i.lock_factory_handler) refers to app_port.o(i.app_port_tuya_ble_device_factory_reset) for app_port_tuya_ble_device_factory_reset
    lock_common.o(i.lock_factory_handler) refers to app_flash.o(i.lock_flash_erease_all) for lock_flash_erease_all
    lock_common.o(i.lock_open_with_bt) refers to elog.o(i.elog_output) for elog_output
    lock_common.o(i.lock_open_with_bt) refers to lock_hard.o(.data) for g_auto_switch
    lock_common.o(i.lock_open_with_bt) refers to lock_common.o(.constdata) for .constdata
    lock_common.o(i.lock_open_with_master) refers to elog.o(i.elog_output) for elog_output
    lock_common.o(i.lock_open_with_master) refers to lock_hard.o(.data) for g_auto_switch
    lock_common.o(i.lock_open_with_master) refers to lock_common.o(.constdata) for .constdata
    lock_common.o(i.lock_open_with_nopwd_remote) refers to elog.o(i.elog_output) for elog_output
    lock_common.o(i.lock_open_with_nopwd_remote) refers to lock_hard.o(.data) for g_auto_switch
    lock_common.o(i.lock_open_with_nopwd_remote) refers to lock_common.o(.constdata) for .constdata
    lock_common.o(i.lock_remote_anti_lock) refers to elog.o(i.elog_output) for elog_output
    lock_common.o(i.lock_remote_anti_lock) refers to lock_common.o(.constdata) for .constdata
    lock_hard.o(i.lock_hard_uart_simulate) refers to elog.o(i.elog_output) for elog_output
    lock_hard.o(i.lock_hard_uart_simulate) refers to bk_common.o(i.bk_log_hexdump) for bk_log_hexdump
    lock_hard.o(i.lock_hard_uart_simulate) refers to app_flash.o(i.lock_get_hardid) for lock_get_hardid
    lock_hard.o(i.lock_hard_uart_simulate) refers to lock_dp_report.o(i.lock_state_sync_report) for lock_state_sync_report
    lock_hard.o(i.lock_hard_uart_simulate) refers to app_port.o(i.app_port_dp_data_report) for app_port_dp_data_report
    lock_hard.o(i.lock_hard_uart_simulate) refers to app_port.o(i.app_port_nv_set_default) for app_port_nv_set_default
    lock_hard.o(i.lock_hard_uart_simulate) refers to lock_dp_report.o(i.lock_hard_creat_sub_report) for lock_hard_creat_sub_report
    lock_hard.o(i.lock_hard_uart_simulate) refers to app_flash.o(i.lock_hard_save_in_local_flash) for lock_hard_save_in_local_flash
    lock_hard.o(i.lock_hard_uart_simulate) refers to lock_dp_report.o(i.lock_open_record_report) for lock_open_record_report
    lock_hard.o(i.lock_hard_uart_simulate) refers to lock_dp_report.o(i.lock_open_record_combine_report) for lock_open_record_combine_report
    lock_hard.o(i.lock_hard_uart_simulate) refers to lock_dp_report.o(i.lock_alarm_record_report) for lock_alarm_record_report
    lock_hard.o(i.lock_hard_uart_simulate) refers to lock_dynamic_pwd.o(i.lock_dynamic_pwd_verify) for lock_dynamic_pwd_verify
    lock_hard.o(i.lock_hard_uart_simulate) refers to memseta.o(.text) for __aeabi_memset
    lock_hard.o(i.lock_hard_uart_simulate) refers to app_port.o(i.app_port_get_timestamp) for app_port_get_timestamp
    lock_hard.o(i.lock_hard_uart_simulate) refers to lock_offline_pwd.o(i.lock_offline_pwd_verify) for lock_offline_pwd_verify
    lock_hard.o(i.lock_hard_uart_simulate) refers to app_port.o(i.app_port_aes128_cbc_encrypt) for app_port_aes128_cbc_encrypt
    lock_hard.o(i.lock_hard_uart_simulate) refers to lock_hard.o(.constdata) for .constdata
    lock_hard.o(i.lock_hard_uart_simulate) refers to lock_hard.o(.data) for .data
    lock_hard.o(i.lock_hard_uart_simulate) refers to tuya_ble_main.o(.bss) for tuya_ble_current_para
    lock_hard.o(i.lock_hard_uart_simulate) refers to lock_dp_report.o(i.lock_open_record_report_offline_pwd) for lock_open_record_report_offline_pwd
    lock_hard.o(i.lock_hard_uart_simulate) refers to lock_common.o(i.lock_factory_handler) for lock_factory_handler
    lock_hard.o(i.lock_hard_uart_simulate) refers to lock_timer.o(i.lock_timer_start) for lock_timer_start
    lock_hard.o(i.lock_hard_uart_simulate) refers to app_port.o(i.app_port_dp_data_with_time_report) for app_port_dp_data_with_time_report
[...]
    0x00020bde   0x00020bde   0x0000002c   Code   RO          947    i.app_common_evt_send_with_data  app_common.o
    0x00020c0a   0x00020c0a   0x00000002   PAD
    0x00020c0c   0x00020c0c   0x00000088   Code   RO          948    i.app_common_init   app_common.o
    0x00020c94   0x00020c94   0x00000230   Code   RO          949    i.app_common_tuya_ble_sdk_callback  app_common.o
    0x00020ec4   0x00020ec4   0x00000030   Code   RO         6278    i.app_fff0_add_fff0s  app_fff0.o
    0x00020ef4   0x00020ef4   0x0000001c   Code   RO         6280    i.app_fff0_msg_dflt_handler  app_fff0.o
    0x00020f10   0x00020f10   0x00000034   Code   RO         6281    i.app_fff1_send_lvl  app_fff0.o
    0x00020f44   0x00020f44   0x0000025c   Code   RO         1224    i.app_ota_data_handler  app_ota.o
    0x000211a0   0x000211a0   0x00000014   Code   RO         1225    i.app_ota_disconn_handler  app_ota.o
    0x000211b4   0x000211b4   0x00000220   Code   RO         1226    i.app_ota_end_handler  app_ota.o
    0x000213d4   0x000213d4   0x00000018   Code   RO         1227    i.app_ota_exit      app_ota.o
    0x000213ec   0x000213ec   0x00000254   Code   RO         1228    i.app_ota_file_info_handler  app_ota.o
    0x00021640   0x00021640   0x000001ac   Code   RO         1229    i.app_ota_file_offset_handler  app_ota.o
    0x000217ec   0x000217ec   0x00000060   Code   RO         1230    i.app_ota_get_crc32_in_flash  app_ota.o
    0x0002184c   0x0002184c   0x000000e8   Code   RO         1232    i.app_ota_handler   app_ota.o
    0x00021934   0x00021934   0x00000004   Code   RO         1233    i.app_ota_init      app_ota.o
    0x00021938   0x00021938   0x0000017c   Code   RO         1234    i.app_ota_req_handler  app_ota.o
    0x00021ab4   0x00021ab4   0x0000000c   Code   RO         1235    i.app_ota_rsp       app_ota.o
    0x00021ac0   0x00021ac0   0x0000000c   Code   RO         1389    i.app_port_aes128_cbc_encrypt  app_port.o
    0x00021acc   0x00021acc   0x00000008   Code   RO         1390    i.app_port_ble_callback_queue_register  app_port.o
    0x00021ad4   0x00021ad4   0x00000004   Code   RO         1391    i.app_port_ble_conn_evt_ext  app_port.o
    0x00021ad8   0x00021ad8   0x00000008   Code   RO         1392    i.app_port_ble_custom_event_send  app_port.o
    0x00021ae0   0x00021ae0   0x00000008   Code   RO         1393    i.app_port_ble_gap_disconnect  app_port.o
    0x00021ae8   0x00021ae8   0x00000008   Code   RO         1394    i.app_port_ble_sdk_init  app_port.o
    0x00021af0   0x00021af0   0x00000008   Code   RO         1395    i.app_port_check_sum  app_port.o
    0x00021af8   0x00021af8   0x0000000a   Code   RO         1397    i.app_port_conn_param_update  app_port.o
    0x00021b02   0x00021b02   0x00000008   Code   RO         1398    i.app_port_crc16_compute  app_port.o
    0x00021b0a   0x00021b0a   0x00000008   Code   RO         1399    i.app_port_crc32_compute  app_port.o
    0x00021b12   0x00021b12   0x00000002   PAD
    0x00021b14   0x00021b14   0x00000078   Code   RO         1401    i.app_port_device_reset  app_port.o
    0x00021b8c   0x00021b8c   0x00000048   Code   RO         1402    i.app_port_dp_data_report  app_port.o
    0x00021bd4   0x00021bd4   0x000000e8   Code   RO         1403    i.app_port_dp_data_with_time_report  app_port.o
    0x00021cbc   0x00021cbc   0x00000008   Code   RO         1404    i.app_port_factory_test_process  app_port.o
    0x00021cc4   0x00021cc4   0x00000008   Code   RO         1405    i.app_port_free     app_port.o
    0x00021ccc   0x00021ccc   0x0000000e   Code   RO         1406    i.app_port_get_bt_mac_addr  app_port.o
    0x00021cda   0x00021cda   0x00000008   Code   RO         1407    i.app_port_get_connect_status  app_port.o
    0x00021ce2   0x00021ce2   0x00000008   Code   RO         1408    i.app_port_get_old_timestamp  app_port.o
    0x00021cea   0x00021cea   0x00000008   Code   RO         1409    i.app_port_get_timestamp  app_port.o
    0x00021cf2   0x00021cf2   0x0000000a   Code   RO         1410    i.app_port_local_clock_start  app_port.o
    0x00021cfc   0x00021cfc   0x0000000c   Code   RO         1411    i.app_port_malloc   app_port.o
    0x00021d08   0x00021d08   0x00000008   Code   RO         1412    i.app_port_num_array_2_int  app_port.o
    0x00021d10   0x00021d10   0x00000008   Code   RO         1413    i.app_port_nv_del   app_port.o
    0x00021d18   0x00021d18   0x00000008   Code   RO         1414    i.app_port_nv_erase  app_port.o
    0x00021d20   0x00021d20   0x00000008   Code   RO         1415    i.app_port_nv_get   app_port.o
    0x00021d28   0x00021d28   0x00000028   Code   RO         1416    i.app_port_nv_init  app_port.o
    0x00021d50   0x00021d50   0x00000008   Code   RO         1417    i.app_port_nv_read  app_port.o
    0x00021d58   0x00021d58   0x00000008   Code   RO         1418    i.app_port_nv_set   app_port.o
    0x00021d60   0x00021d60   0x00000038   Code   RO         1419    i.app_port_nv_set_default  app_port.o
    0x00021d98   0x00021d98   0x00000008   Code   RO         1420    i.app_port_nv_write  app_port.o
    0x00021da0   0x00021da0   0x000000a0   Code   RO         1421    i.app_port_ota_rsp  app_port.o
    0x00021e40   0x00021e40   0x00000008   Code   RO         1422    i.app_port_reverse_byte  app_port.o
    0x00021e48   0x00021e48   0x00000008   Code   RO         1423    i.app_port_set_bt_mac_addr  app_port.o
    0x00021e50   0x00021e50   0x00000008   Code   RO         1424    i.app_port_string_op_hex2hexstr  app_port.o
    0x00021e58   0x00021e58   0x00000008   Code   RO         1425    i.app_port_string_op_hexstr2hex  app_port.o
    0x00021e60   0x00021e60   0x00000008   Code   RO         1426    i.app_port_string_op_intstr2int  app_port.o
    0x00021e68   0x00021e68   0x00000008   Code   RO         1427    i.app_port_timer_create  app_port.o
    0x00021e70   0x00021e70   0x00000008   Code   RO         1429    i.app_port_timer_start  app_port.o
    0x00021e78   0x00021e78   0x00000008   Code   RO         1430    i.app_port_timer_stop  app_port.o
    0x00021e80   0x00021e80   0x00000008   Code   RO         1431    i.app_port_tuya_ble_device_factory_reset  app_port.o
    0x00021e88   0x00021e88   0x00000008   Code   RO         1432    i.app_port_uart_send_data  app_port.o
    0x00021e90   0x00021e90   0x0000000a   Code   RO         1433    i.app_port_update_timestamp  app_port.o
    0x00021e9a   0x00021e9a   0x0000000a   Code   RO         1332    i.app_test_init     app_test.o
    0x00021ea4   0x00021ea4   0x0000000a   Code   RO          596    i.app_test_outtime_cb  lock_timer.o
    0x00021eae   0x00021eae   0x00000008   Code   RO          597    i.app_test_outtime_cb_handler  lock_timer.o
    0x00021eb6   0x00021eb6   0x00000002   PAD
    0x00021eb8   0x00021eb8   0x00000010   Code   RO         1333    i.app_test_outtime_handler  app_test.o
    0x00021ec8   0x00021ec8   0x00000040   Code   RO         1334    i.app_test_pre_process  app_test.o
    0x00021f08   0x00021f08   0x000001d0   Code   RO         1335    i.app_test_process  app_test.o
    0x000220d8   0x000220d8   0x00000244   Code   RO         1336    i.app_test_query_info_handler  app_test.o
    0x0002231c   0x0002231c   0x0000000a   Code   RO          598    i.app_test_reset_outtime_cb  lock_timer.o
    0x00022326   0x00022326   0x00000008   Code   RO          599    i.app_test_reset_outtime_cb_handler  lock_timer.o
    0x0002232e   0x0002232e   0x00000002   PAD
    0x00022330   0x00022330   0x00000044   Code   RO         1337    i.app_test_rsp      app_test.o
    0x00022374   0x00022374   0x000000a8   Code   RO         1338    i.app_test_write_auth_info_handler  app_test.o
    0x0002241c   0x0002241c   0x00000078   Code   RO         2643    i.applib_dt_dayindex  tuya_ble_unix_time.o
    0x00022494   0x00022494   0x00000028   Code   RO         2644    i.applib_dt_is_leap_year  tuya_ble_unix_time.o
    0x000224bc   0x000224bc   0x0000002c   Code   RO         2645    i.applib_dt_last_day_of_mon  tuya_ble_unix_time.o
    0x000224e8   0x000224e8   0x00000028   Code   RO         6184    i.appm_add_svc      app.o
    0x00022510   0x00022510   0x0000002c   Code   RO         6185    i.appm_disconnect   app.o
    0x0002253c   0x0002253c   0x00000014   Code   RO         6186    i.appm_get_dev_name  app.o
    0x00022550   0x00022550   0x0000005c   Code   RO         6187    i.appm_init         app.o
    0x000225ac   0x000225ac   0x00000058   Code   RO         6339    i.appm_msg_handler  app_task.o
    0x00022604   0x00022604   0x000000ec   Code   RO         6188    i.appm_start_advertising  app.o
    0x000226f0   0x000226f0   0x00000074   Code   RO         6189    i.appm_stop_advertising  app.o
    0x00022764   0x00022764   0x00000058   Code   RO         6190    i.appm_update_adv_data  app.o
    0x000227bc   0x000227bc   0x00000044   Code   RO         6191    i.appm_update_param  app.o
    0x00022800   0x00022800   0x00000064   Code   RO         4542    i.assert_err        arch_main.o
    0x00022864   0x00022864   0x00000074   Code   RO         4543    i.assert_param      arch_main.o
    0x000228d8   0x000228d8   0x00000022   Code   RO         2576    i.auth_settings_crc_ok  tuya_ble_storage.o
    0x000228fa   0x000228fa   0x00000002   PAD
    0x000228fc   0x000228fc   0x0000001c   Code   RO         3994    i.bk_adv_param_set  bk_scan_adv.o
    0x00022918   0x00022918   0x00000008   Code   RO         3995    i.bk_adv_start      bk_scan_adv.o
    0x00022920   0x00022920   0x00000018   Code   RO         3997    i.bk_adv_update_advDataAndScanRsp  bk_scan_adv.o
    0x00022938   0x00022938   0x00000068   Code   RO         4069    i.bk_ble_notify     bk_svc.o
    0x000229a0   0x000229a0   0x00000054   Code   RO         4070    i.bk_ble_notify_handler  bk_svc.o
    0x000229f4   0x000229f4   0x00000032   Code   RO         4031    i.bk_conn_param_update  bk_ble.o
    0x00022a26   0x00022a26   0x00000008   Code   RO         4154    i.bk_delay_ms       bk_timer.o
    0x00022a2e   0x00022a2e   0x00000008   Code   RO         4032    i.bk_disconnect     bk_ble.o
    0x00022a36   0x00022a36   0x00000002   PAD
    0x00022a38   0x00022a38   0x00000018   Code   RO         3925    i.bk_enter_critical  bk_common.o
    0x00022a50   0x00022a50   0x00000020   Code   RO         3926    i.bk_exit_critical  bk_common.o
    0x00022a70   0x00022a70   0x00000020   Code   RO         4265    i.bk_flash_erase    bk_flash.o
    0x00022a90   0x00022a90   0x00000002   Code   RO         4266    i.bk_flash_init     bk_flash.o
    0x00022a92   0x00022a92   0x00000024   Code   RO         4267    i.bk_flash_read     bk_flash.o
    0x00022ab6   0x00022ab6   0x00000024   Code   RO         4268    i.bk_flash_write    bk_flash.o
    0x00022ada   0x00022ada   0x00000020   Code   RO         4033    i.bk_get_bt_mac_addr  bk_ble.o
    0x00022afa   0x00022afa   0x00000002   PAD
    0x00022afc   0x00022afc   0x00000014   Code   RO         4158    i.bk_get_old_timestamp  bk_timer.o
    0x00022b10   0x00022b10   0x00000010   Code   RO         4159    i.bk_get_timestamp  bk_timer.o
    0x00022b20   0x00022b20   0x0000007c   Code   RO         4034    i.bk_init_bt_mac_addr  bk_ble.o
    0x00022b9c   0x00022b9c   0x00000018   Code   RO         4160    i.bk_local_timer_start  bk_timer.o
    0x00022bb4   0x00022bb4   0x0000000e   Code   RO         3927    i.bk_log_hexdump    bk_common.o
    0x00022bc2   0x00022bc2   0x00000002   Code   RO         3928    i.bk_log_hexdump_empty  bk_common.o
    0x00022bc4   0x00022bc4   0x0000003c   Code   RO         3930    i.bk_log_init       bk_common.o
    0x00022c00   0x00022c00   0x00000010   Code   RO         4161    i.bk_rtc_handler    bk_timer.o
    0x00022c10   0x00022c10   0x0000002c   Code   RO         4035    i.bk_set_bt_mac_addr  bk_ble.o
    0x00022c3c   0x00022c3c   0x00000008   Code   RO         4072    i.bk_svc_receive_data  bk_svc.o
    0x00022c44   0x00022c44   0x0000000c   Code   RO         4073    i.bk_svc_send_data  bk_svc.o
    0x00022c50   0x00022c50   0x00000020   Code   RO         4074    i.bk_svc_send_data_complete  bk_svc.o
    0x00022c70   0x00022c70   0x0000000a   Code   RO         3931    i.bk_system_reset   bk_common.o
    0x00022c7a   0x00022c7a   0x00000002   Code   RO         4513    i.bk_test           bk_test.o
    0x00022c7c   0x00022c7c   0x00000010   Code   RO         6340    i.bk_timer0_handler  app_task.o
    0x00022c8c   0x00022c8c   0x00000010   Code   RO         6341    i.bk_timer100_handler  app_task.o
    0x00022c9c   0x00022c9c   0x00000010   Code   RO         6342    i.bk_timer101_handler  app_task.o
    0x00022cac   0x00022cac   0x00000010   Code   RO         6343    i.bk_timer102_handler  app_task.o
    0x00022cbc   0x00022cbc   0x00000010   Code   RO         6344    i.bk_timer103_handler  app_task.o
    0x00022ccc   0x00022ccc   0x00000010   Code   RO         6345    i.bk_timer104_handler  app_task.o
    0x00022cdc   0x00022cdc   0x00000010   Code   RO         6346    i.bk_timer105_handler  app_task.o
    0x00022cec   0x00022cec   0x00000010   Code   RO         6347    i.bk_timer106_handler  app_task.o
    0x00022cfc   0x00022cfc   0x00000010   Code   RO         6348    i.bk_timer107_handler  app_task.o
    0x00022d0c   0x00022d0c   0x00000010   Code   RO         6349    i.bk_timer108_handler  app_task.o
    0x00022d1c   0x00022d1c   0x00000010   Code   RO         6350    i.bk_timer109_handler  app_task.o
    0x00022d2c   0x00022d2c   0x00000010   Code   RO         6351    i.bk_timer10_handler  app_task.o
    0x00022d3c   0x00022d3c   0x00000010   Code   RO         6352    i.bk_timer11_handler  app_task.o
    0x00022d4c   0x00022d4c   0x00000010   Code   RO         6353    i.bk_timer12_handler  app_task.o
    0x00022d5c   0x00022d5c   0x00000010   Code   RO         6354    i.bk_timer13_handler  app_task.o
    0x00022d6c   0x00022d6c   0x00000010   Code   RO         6355    i.bk_timer14_handler  app_task.o
    0x00022d7c   0x00022d7c   0x0000000e   Code   RO         6356    i.bk_timer15_handler  app_task.o
    0x00022d8a   0x00022d8a   0x00000002   PAD
    0x00022d8c   0x00022d8c   0x00000010   Code   RO         6357    i.bk_timer16_handler  app_task.o
    0x00022d9c   0x00022d9c   0x00000010   Code   RO         6358    i.bk_timer17_handler  app_task.o
    0x00022dac   0x00022dac   0x00000010   Code   RO         6359    i.bk_timer18_handler  app_task.o
    0x00022dbc   0x00022dbc   0x00000010   Code   RO         6360    i.bk_timer19_handler  app_task.o
    0x00022dcc   0x00022dcc   0x00000010   Code   RO         6361    i.bk_timer1_handler  app_task.o
    0x00022ddc   0x00022ddc   0x00000010   Code   RO         6362    i.bk_timer2_handler  app_task.o
    0x00022dec   0x00022dec   0x00000010   Code   RO         6363    i.bk_timer3_handler  app_task.o
    0x00022dfc   0x00022dfc   0x00000010   Code   RO         6364    i.bk_timer4_handler  app_task.o
    0x00022e0c   0x00022e0c   0x00000010   Code   RO         6365    i.bk_timer5_handler  app_task.o
    0x00022e1c   0x00022e1c   0x00000010   Code   RO         6366    i.bk_timer6_handler  app_task.o
    0x00022e2c   0x00022e2c   0x00000010   Code   RO         6367    i.bk_timer7_handler  app_task.o
    0x00022e3c   0x00022e3c   0x00000010   Code   RO         6368    i.bk_timer8_handler  app_task.o
    0x00022e4c   0x00022e4c   0x00000010   Code   RO         6369    i.bk_timer9_handler  app_task.o
    0x00022e5c   0x00022e5c   0x00000044   Code   RO         4162    i.bk_timer_create   bk_timer.o
    0x00022ea0   0x00022ea0   0x000000a4   Code   RO         4164    i.bk_timer_handler  bk_timer.o
    0x00022f44   0x00022f44   0x00000034   Code   RO         4166    i.bk_timer_start    bk_timer.o
    0x00022f78   0x00022f78   0x00000040   Code   RO         4167    i.bk_timer_start_0  bk_timer.o
    0x00022fb8   0x00022fb8   0x0000000c   Code   RO         4168    i.bk_timer_stop     bk_timer.o
    0x00022fc4   0x00022fc4   0x00000030   Code   RO         4169    i.bk_timer_stop_0   bk_timer.o
    0x00022ff4   0x00022ff4   0x00000018   Code   RO         4114    i.bk_uart1_init     bk_uart.o
    0x0002300c   0x0002300c   0x00000008   Code   RO         4115    i.bk_uart1_send     bk_uart.o
    0x00023014   0x00023014   0x00000018   Code   RO         4116    i.bk_uart2_init     bk_uart.o
    0x0002302c   0x0002302c   0x00000010   Code   RO         4170    i.bk_update_timestamp  bk_timer.o
    0x0002303c   0x0002303c   0x00000010   Code   RO         3932    i.bk_wdt_feed       bk_common.o
    0x0002304c   0x0002304c   0x00000098   Code   RO         2684    i.ble_data_unpack   tuya_ble_data_handler.o
    0x000230e4   0x000230e4   0x0000000a   Code   RO          600    i.bonding_conn_outtime_cb  lock_timer.o
    0x000230ee   0x000230ee   0x0000000a   Code   RO          601    i.bonding_conn_outtime_cb_handler  lock_timer.o
    0x000230f8   0x000230f8   0x00000050   Code   RO         3481    i.byte_str_concatenate  fpe_str.o
    0x00023148   0x00023148   0x0000004c   Code   RO         3482    i.byte_str_copy_of_range  fpe_str.o
    0x00023194   0x00023194   0x00000004   Code   RO         3483    i.byte_str_to_num   fpe_str.o
    0x00023198   0x00023198   0x0000001c   Code   RO         3371    i.calcb             ff1.o
    0x000231b4   0x000231b4   0x0000004a   Code   RO         3372    i.calcc             ff1.o
    0x000231fe   0x000231fe   0x0000000e   Code   RO         3373    i.calcd             ff1.o
    0x0002320c   0x0002320c   0x00000016   Code   RO         3446    i.ceil2             fpe_math.o
    0x00023222   0x00023222   0x00000018   Code   RO         2192    i.check_sum         tuya_ble_utils.o
    0x0002323a   0x0002323a   0x00000002   PAD
    0x0002323c   0x0002323c   0x00000010   Code   RO         5592    i.check_uart_stop   uart.o
    0x0002324c   0x0002324c   0x00000064   Code   RO         5245    i.clr_flash_qwfr    flash.o
    0x000232b0   0x000232b0   0x0000000a   Code   RO          602    i.communication_monitor_outtime_cb  lock_timer.o
    0x000232ba   0x000232ba   0x00000002   PAD
    0x000232bc   0x000232bc   0x000000a0   Code   RO          603    i.communication_monitor_outtime_cb_handler  lock_timer.o
    0x0002335c   0x0002335c   0x0000000a   Code   RO          604    i.conn_monitor_outtime_cb  lock_timer.o
    0x00023366   0x00023366   0x00000002   PAD
    0x00023368   0x00023368   0x000000a4   Code   RO          605    i.conn_monitor_outtime_cb_handler  lock_timer.o
    0x0002340c   0x0002340c   0x0000000a   Code   RO          606    i.conn_param_update_outtime_cb  lock_timer.o
    0x00023416   0x00023416   0x00000002   PAD
    0x00023418   0x00023418   0x00000014   Code   RO          607    i.conn_param_update_outtime_cb_handler  lock_timer.o
    0x0002342c   0x0002342c   0x0000001a   Code   RO         2925    i.cpt_check_sum     cpt_math.o
    0x00023446   0x00023446   0x00000002   PAD
    0x00023448   0x00023448   0x0000003c   Code   RO         2927    i.cpt_crc16_compute  cpt_math.o
    0x00023484   0x00023484   0x0000003c   Code   RO         2928    i.cpt_crc32_compute  cpt_math.o
    0x000234c0   0x000234c0   0x00000024   Code   RO         2929    i.cpt_num_array_2_int  cpt_math.o
    0x000234e4   0x000234e4   0x0000001e   Code   RO         2930    i.cpt_reverse_byte  cpt_math.o
    0x00023502   0x00023502   0x00000008   Code   RO         5087    i.cpu_idle_sleep    icu.o
    0x0002350a   0x0002350a   0x00000002   PAD
    0x0002350c   0x0002350c   0x00000054   Code   RO         5088    i.cpu_reduce_voltage_sleep  icu.o
    0x00023560   0x00023560   0x00000040   Code   RO         5089    i.cpu_wakeup        icu.o
    0x000235a0   0x000235a0   0x0000001c   Code   RO         3484    i.create_byte_str   fpe_str.o
    0x000235bc   0x000235bc   0x000000d4   Code   RO         2810    i.data_2_klvlist    tuya_ble_mutli_tsf_protocol.o
    0x00023690   0x00023690   0x00000118   Code   RO          397    i.data_passthrough_handler  lock_dp_parser.o
    0x000237a8   0x000237a8   0x0000029c   Code   RO         3374    i.decrypt           ff1.o
    0x00023a44   0x00023a44   0x0000000a   Code   RO          608    i.delay_report_outtime_cb  lock_timer.o
    0x00023a4e   0x00023a4e   0x00000008   Code   RO          609    i.delay_report_outtime_cb_handler  lock_timer.o
    0x00023a56   0x00023a56   0x00000002   PAD
    0x00023a58   0x00023a58   0x00000050   Code   RO          501    i.delay_report_outtime_handler  lock_dp_report.o
    0x00023aa8   0x00023aa8   0x00000180   Code   RO         3709    i.elog_hexdump      elog.o
    0x00023c28   0x00023c28   0x00000028   Code   RO         3710    i.elog_init         elog.o
    0x00023c50   0x00023c50   0x00000350   Code   RO         3711    i.elog_output       elog.o
    0x00023fa0   0x00023fa0   0x0000001c   Code   RO         3712    i.elog_output_lock  elog.o
    0x00023fbc   0x00023fbc   0x0000002c   Code   RO         3713    i.elog_output_lock_enabled  elog.o
    0x00023fe8   0x00023fe8   0x0000001c   Code   RO         3714    i.elog_output_unlock  elog.o
    0x00024004   0x00024004   0x00000010   Code   RO         3877    i.elog_port_get_p_info  elog_port.o
    0x00024014   0x00024014   0x0000000c   Code   RO         3878    i.elog_port_get_t_info  elog_port.o
    0x00024020   0x00024020   0x00000010   Code   RO         3879    i.elog_port_get_time  elog_port.o
    0x00024030   0x00024030   0x00000004   Code   RO         3880    i.elog_port_init    elog_port.o
    0x00024034   0x00024034   0x00000014   Code   RO         3881    i.elog_port_output  elog_port.o
    0x00024048   0x00024048   0x00000008   Code   RO         3882    i.elog_port_output_lock  elog_port.o
    0x00024050   0x00024050   0x00000008   Code   RO         3883    i.elog_port_output_unlock  elog_port.o
    0x00024058   0x00024058   0x000000cc   Code   RO         3718    i.elog_set_filter_lvl  elog.o
    0x00024124   0x00024124   0x000000d8   Code   RO         3720    i.elog_set_fmt      elog.o
    0x000241fc   0x000241fc   0x000000a0   Code   RO         3722    i.elog_start        elog.o
    0x0002429c   0x0002429c   0x00000114   Code   RO         3854    i.elog_strcpy       elog_utils.o
    0x000243b0   0x000243b0   0x00000018   Code   RO         5382    i.emi_init          emi.o
    0x000243c8   0x000243c8   0x00000084   Code   RO         1339    i.factory_test_process  app_test.o
    0x0002444c   0x0002444c   0x0000000e   Code   RO         6078    i.fff0s_cleanup     fff0s.o
    0x0002445a   0x0002445a   0x0000000e   Code   RO         6079    i.fff0s_create      fff0s.o
    0x00024468   0x00024468   0x0000001c   Code   RO         6080    i.fff0s_destroy     fff0s.o
    0x00024484   0x00024484   0x00000004   Code   RO         6282    i.fff0s_fff1_level_ntf_cfg_ind_handler  app_fff0.o
    0x00024488   0x00024488   0x00000038   Code   RO         6144    i.fff0s_fff1_level_upd_req_handler  fff0s_task.o
    0x000244c0   0x000244c0   0x00000032   Code   RO         6081    i.fff0s_get_att_handle  fff0s.o
    0x000244f2   0x000244f2   0x0000003e   Code   RO         6082    i.fff0s_get_att_idx  fff0s.o
    0x00024530   0x00024530   0x000000b0   Code   RO         6083    i.fff0s_init        fff0s.o
    0x000245e0   0x000245e0   0x00000040   Code   RO         6084    i.fff0s_notify_fff1_lvl  fff0s.o
    0x00024620   0x00024620   0x00000008   Code   RO         6085    i.fff0s_prf_itf_get  fff0s.o
    0x00024628   0x00024628   0x00000004   Code   RO         6283    i.fff1_level_upd_handler  app_fff0.o
    0x0002462c   0x0002462c   0x00000010   Code   RO         6284    i.fff2_writer_req_handler  app_fff0.o
    0x0002463c   0x0002463c   0x0000007c   Code   RO         5246    i.flash_advance_init  flash.o
    0x000246b8   0x000246b8   0x000000b8   Code   RO         5247    i.flash_erase       flash.o
    0x00024770   0x00024770   0x0000003c   Code   RO         5248    i.flash_erase_sector  flash.o
    0x000247ac   0x000247ac   0x0000002c   Code   RO         5249    i.flash_init        flash.o
    0x000247d8   0x000247d8   0x0000002e   Code   RO         5250    i.flash_read        flash.o
    0x00024806   0x00024806   0x00000002   PAD
    0x00024808   0x00024808   0x0000008c   Code   RO         5251    i.flash_read_data   flash.o
    0x00024894   0x00024894   0x00000024   Code   RO         5252    i.flash_read_sr     flash.o
    0x000248b8   0x000248b8   0x00000024   Code   RO         5253    i.flash_set_dual_mode  flash.o
    0x000248dc   0x000248dc   0x00000060   Code   RO         5257    i.flash_wp_ALL      flash.o
    0x0002493c   0x0002493c   0x00000060   Code   RO         5258    i.flash_wp_NONE     flash.o
    0x0002499c   0x0002499c   0x0000007c   Code   RO         5259    i.flash_write       flash.o
    0x00024a18   0x00024a18   0x000000d8   Code   RO         5260    i.flash_write_data  flash.o
    0x00024af0   0x00024af0   0x000000d0   Code   RO         5261    i.flash_write_sr    flash.o
    0x00024bc0   0x00024bc0   0x00000070   Code   RO         3434    i.fpe_decrypt       fpe_decrypt.o
    0x00024c30   0x00024c30   0x00000012   Code   RO         3447    i.fpe_int_pow       fpe_math.o
    0x00024c42   0x00024c42   0x00000010   Code   RO         3448    i.fpe_mod           fpe_math.o
    0x00024c52   0x00024c52   0x00000020   Code   RO         3449    i.fpe_mod_pow       fpe_math.o
    0x00024c72   0x00024c72   0x00000056   Code   RO         3450    i.fpe_mod_pow_radix  fpe_math.o
    0x00024cc8   0x00024cc8   0x0000001c   Code   RO         2812    i.free_klv_list     tuya_ble_mutli_tsf_protocol.o
    0x00024ce4   0x00024ce4   0x00000160   Code   RO         6370    i.gapc_cmp_evt_handler  app_task.o
    0x00024e44   0x00024e44   0x00000094   Code   RO         6371    i.gapc_connection_req_ind_handler  app_task.o
    0x00024ed8   0x00024ed8   0x00000078   Code   RO         6372    i.gapc_disconnect_ind_handler  app_task.o
    0x00024f50   0x00024f50   0x00000070   Code   RO         6373    i.gapc_get_dev_info_req_ind_handler  app_task.o
    0x00024fc0   0x00024fc0   0x000000f4   Code   RO         6374    i.gapc_le_pkt_size_ind_handler  app_task.o
    0x000250b4   0x000250b4   0x00000068   Code   RO         6375    i.gapc_param_update_req_ind_handler  app_task.o
    0x0002511c   0x0002511c   0x000000ac   Code   RO         6376    i.gapc_param_updated_ind_handler  app_task.o
    0x000251c8   0x000251c8   0x00000024   Code   RO         6377    i.gapc_set_dev_info_req_ind_handler  app_task.o
    0x000251ec   0x000251ec   0x00000118   Code   RO         6378    i.gapm_cmp_evt_handler  app_task.o
    0x00025304   0x00025304   0x00000020   Code   RO         6379    i.gapm_device_ready_ind_handler  app_task.o
    0x00025324   0x00025324   0x0000000c   Code   RO         6380    i.gapm_profile_added_ind_handler  app_task.o
    0x00025330   0x00025330   0x00000050   Code   RO         6145    i.gattc_att_info_req_ind_handler  fff0s_task.o
    0x00025380   0x00025380   0x00000022   Code   RO         6146    i.gattc_cmp_evt_handler  fff0s_task.o
    0x000253a2   0x000253a2   0x00000002   PAD
    0x000253a4   0x000253a4   0x00000078   Code   RO         6381    i.gattc_mtu_changed_ind_handler  app_task.o
    0x0002541c   0x0002541c   0x00000090   Code   RO         6147    i.gattc_read_req_ind_handler  fff0s_task.o
    0x000254ac   0x000254ac   0x000000d8   Code   RO         6148    i.gattc_write_req_ind_handler  fff0s_task.o
    0x00025584   0x00025584   0x0000002c   Code   RO         5262    i.get_flash_ID      flash.o
    0x000255b0   0x000255b0   0x000000dc   Code   RO         3723    i.get_fmt_enabled   elog.o
    0x0002568c   0x0002568c   0x000000f8   Code   RO          744    i.get_timer_string  lock_dynamic_pwd.o
    0x00025784   0x00025784   0x00000004   Code   RO         2816    i.get_trsmitr_subpkg  tuya_ble_mutli_tsf_protocol.o
    0x00025788   0x00025788   0x00000004   Code   RO         2817    i.get_trsmitr_subpkg_len  tuya_ble_mutli_tsf_protocol.o
    0x0002578c   0x0002578c   0x00000010   Code   RO         5155    i.gpio_cb_register  gpio.o
    0x0002579c   0x0002579c   0x00000094   Code   RO         5156    i.gpio_config       gpio.o
    0x00025830   0x00025830   0x00000020   Code   RO         5157    i.gpio_get_input    gpio.o
    0x00025850   0x00025850   0x00000034   Code   RO         5159    i.gpio_isr          gpio.o
    0x00025884   0x00025884   0x00000028   Code   RO         5160    i.gpio_set          gpio.o
    0x000258ac   0x000258ac   0x0000000c   Code   RO         5090    i.icu_get_sleep_mode  icu.o
    0x000258b8   0x000258b8   0x0000005c   Code   RO         5091    i.icu_init          icu.o
    0x00025914   0x00025914   0x00000128   Code   RO         5814    i.init_analog_xvr_reg  rf_xvr.o
    0x00025a3c   0x00025a3c   0x0000017c   Code   RO         5815    i.initial_xver_BK3435V2_openLoop  rf_xvr.o
    0x00025bb8   0x00025bb8   0x00000024   Code   RO         5426    i.intc_init         intc.o
    0x00025bdc   0x00025bdc   0x00000052   Code   RO          841    i.is_offline_pwd_exist  lock_offline_pwd.o
    0x00025c2e   0x00025c2e   0x00000002   PAD
    0x00025c30   0x00025c30   0x00000124   Code   RO         5816    i.kmod_calibration  rf_xvr.o
    0x00025d54   0x00025d54   0x00000038   Code   RO          502    i.lock_alarm_record_report  lock_dp_report.o
    0x00025d8c   0x00025d8c   0x0000004c   Code   RO            5    i.lock_common_init  lock_common.o
    0x00025dd8   0x00025dd8   0x000007cc   Code   RO          398    i.lock_dp_parser_handler  lock_dp_parser.o
    0x000265a4   0x000265a4   0x00000020   Code   RO          747    i.lock_dynamic_pwd_verify  lock_dynamic_pwd.o
    0x000265c4   0x000265c4   0x00000014   Code   RO          988    i.lock_evt_delete   app_flash.o
    0x000265d8   0x000265d8   0x00000016   Code   RO          990    i.lock_evt_load     app_flash.o
    0x000265ee   0x000265ee   0x00000002   PAD
    0x000265f0   0x000265f0   0x000000e4   Code   RO          991    i.lock_evt_save     app_flash.o
    0x000266d4   0x000266d4   0x00000018   Code   RO          992    i.lock_evtid_load   app_flash.o
    0x000266ec   0x000266ec   0x00000010   Code   RO          993    i.lock_evtid_save   app_flash.o
    0x000266fc   0x000266fc   0x00000010   Code   RO            6    i.lock_factory_handler  lock_common.o
    0x0002670c   0x0002670c   0x0000000a   Code   RO          994    i.lock_flash_erease_all  app_flash.o
    0x00026716   0x00026716   0x00000002   PAD
    0x00026718   0x00026718   0x00000064   Code   RO          995    i.lock_flash_init   app_flash.o
    0x0002677c   0x0002677c   0x0000003c   Code   RO          996    i.lock_get_hardid   app_flash.o
    0x000267b8   0x000267b8   0x00000020   Code   RO          503    i.lock_hard_creat_sub_report  lock_dp_report.o
    0x000267d8   0x000267d8   0x00000024   Code   RO          504    i.lock_hard_creat_sub_report_with_delay  lock_dp_report.o
    0x000267fc   0x000267fc   0x00000034   Code   RO          998    i.lock_hard_delete  app_flash.o
    0x00026830   0x00026830   0x00000070   Code   RO         1000    i.lock_hard_delete_all_by_memberid  app_flash.o
    0x000268a0   0x000268a0   0x00000002   Code   RO          324    i.lock_hard_doorcard_cancel_reg  lock_hard.o
    0x000268a2   0x000268a2   0x00000004   Code   RO          325    i.lock_hard_doorcard_delete  lock_hard.o
    0x000268a6   0x000268a6   0x00000002   Code   RO          326    i.lock_hard_doorcard_start_reg  lock_hard.o
    0x000268a8   0x000268a8   0x00000002   Code   RO          327    i.lock_hard_face_cancel_reg  lock_hard.o
    0x000268aa   0x000268aa   0x00000004   Code   RO          328    i.lock_hard_face_delete  lock_hard.o
    0x000268ae   0x000268ae   0x00000002   Code   RO          329    i.lock_hard_face_start_reg  lock_hard.o
    0x000268b0   0x000268b0   0x00000002   Code   RO          330    i.lock_hard_finger_cancel_reg  lock_hard.o
    0x000268b2   0x000268b2   0x00000004   Code   RO          331    i.lock_hard_finger_delete  lock_hard.o
    0x000268b6   0x000268b6   0x00000002   Code   RO          332    i.lock_hard_finger_start_reg  lock_hard.o
    0x000268b8   0x000268b8   0x0000001e   Code   RO         1001    i.lock_hard_freezeorunfreeze  app_flash.o
    0x000268d6   0x000268d6   0x00000002   PAD
    0x000268d8   0x000268d8   0x0000004c   Code   RO         1002    i.lock_hard_freezeorunfreeze_all_by_memberid  app_flash.o
    0x00026924   0x00026924   0x00000018   Code   RO         1003    i.lock_hard_load    app_flash.o
    0x0002693c   0x0002693c   0x00000054   Code   RO         1005    i.lock_hard_modify_all_by_memberid  app_flash.o
    0x00026990   0x00026990   0x00000054   Code   RO         1006    i.lock_hard_modify_in_local_flash  app_flash.o
    0x000269e4   0x000269e4   0x00000038   Code   RO         1007    i.lock_hard_save    app_flash.o
    0x00026a1c   0x00026a1c   0x000000a4   Code   RO         1008    i.lock_hard_save_in_local_flash  app_flash.o
    0x00026ac0   0x00026ac0   0x000006f8   Code   RO          333    i.lock_hard_uart_simulate  lock_hard.o
    0x000271b8   0x000271b8   0x0000006c   Code   RO         1010    i.lock_hardid_load_by_memberid  app_flash.o
    0x00027224   0x00027224   0x0000000c   Code   RO         1011    i.lock_last_evtid   app_flash.o
    0x00027230   0x00027230   0x00000034   Code   RO         1012    i.lock_master_info_delete  app_flash.o
    0x00027264   0x00027264   0x00000034   Code   RO         1014    i.lock_master_info_is_empty  app_flash.o
    0x00027298   0x00027298   0x00000028   Code   RO         1015    i.lock_master_info_load  app_flash.o
    0x000272c0   0x000272c0   0x0000002c   Code   RO         1016    i.lock_master_info_masterid_is_exist  app_flash.o
    0x000272ec   0x000272ec   0x0000003c   Code   RO         1017    i.lock_master_info_masterid_srand_is_exist  app_flash.o
    0x00027328   0x00027328   0x00000068   Code   RO         1018    i.lock_master_info_save  app_flash.o
    0x00027390   0x00027390   0x000000fc   Code   RO          505    i.lock_offline_evt_report  lock_dp_report.o
    0x0002748c   0x0002748c   0x000001cc   Code   RO          842    i.lock_offline_pwd_calculate_T2_T3  lock_offline_pwd.o
    0x00027658   0x00027658   0x00000200   Code   RO          843    i.lock_offline_pwd_clear  lock_offline_pwd.o
    0x00027858   0x00027858   0x00000240   Code   RO          846    i.lock_offline_pwd_find  lock_offline_pwd.o
    0x00027a98   0x00027a98   0x00000094   Code   RO          847    i.lock_offline_pwd_get_T0  lock_offline_pwd.o
    0x00027b2c   0x00027b2c   0x0000001e   Code   RO          848    i.lock_offline_pwd_load  lock_offline_pwd.o
    0x00027b4a   0x00027b4a   0x0000001e   Code   RO          849    i.lock_offline_pwd_save  lock_offline_pwd.o
    0x00027b68   0x00027b68   0x000000cc   Code   RO          850    i.lock_offline_pwd_set_T0  lock_offline_pwd.o
    0x00027c34   0x00027c34   0x00000070   Code   RO          851    i.lock_offline_pwd_storage_calculate_T2_T3  lock_offline_pwd.o
    0x00027ca4   0x00027ca4   0x0000058c   Code   RO          852    i.lock_offline_pwd_verify  lock_offline_pwd.o
    0x00028230   0x00028230   0x00000160   Code   RO          506    i.lock_open_meth_sync_new_report  lock_dp_report.o
    0x00028390   0x00028390   0x00000038   Code   RO          507    i.lock_open_record_combine_report  lock_dp_report.o
    0x000283c8   0x000283c8   0x00000054   Code   RO          508    i.lock_open_record_report  lock_dp_report.o
    0x0002841c   0x0002841c   0x00000058   Code   RO          509    i.lock_open_record_report_common  lock_dp_report.o
    0x00028474   0x00028474   0x00000040   Code   RO          511    i.lock_open_record_report_offline_pwd  lock_dp_report.o
    0x000284b4   0x000284b4   0x00000024   Code   RO          512    i.lock_open_record_report_with_delay  lock_dp_report.o
    0x000284d8   0x000284d8   0x00000088   Code   RO            7    i.lock_open_with_bt  lock_common.o
    0x00028560   0x00028560   0x0000008c   Code   RO            8    i.lock_open_with_master  lock_common.o
    0x000285ec   0x000285ec   0x00000090   Code   RO            9    i.lock_open_with_nopwd_remote  lock_common.o
    0x0002867c   0x0002867c   0x000000e8   Code   RO         4303    i.lock_play_music   bk_gpio.o
    0x00028764   0x00028764   0x0000009c   Code   RO           10    i.lock_remote_anti_lock  lock_common.o
    0x00028800   0x00028800   0x00000058   Code   RO         1020    i.lock_settings_default  app_flash.o
    0x00028858   0x00028858   0x00000014   Code   RO         1022    i.lock_settings_load  app_flash.o
    0x0002886c   0x0002886c   0x00000014   Code   RO         1023    i.lock_settings_save  app_flash.o
    0x00028880   0x00028880   0x00000014   Code   RO         1024    i.lock_slave_info_load  app_flash.o
    0x00028894   0x00028894   0x00000014   Code   RO         1025    i.lock_slave_info_save  app_flash.o
    0x000288a8   0x000288a8   0x00000084   Code   RO          513    i.lock_state_sync_report  lock_dp_report.o
    0x0002892c   0x0002892c   0x00000088   Code   RO          918    i.lock_test_mode_exit  lock_test.o
    0x000289b4   0x000289b4   0x00000348   Code   RO          919    i.lock_test_process  lock_test.o
    0x00028cfc   0x00028cfc   0x00000050   Code   RO          920    i.lock_test_rsp     lock_test.o
    0x00028d4c   0x00028d4c   0x000000dc   Code   RO          610    i.lock_timer_creat  lock_timer.o
    0x00028e28   0x00028e28   0x0000001c   Code   RO          612    i.lock_timer_start  lock_timer.o
    0x00028e44   0x00028e44   0x0000001c   Code   RO          613    i.lock_timer_stop   lock_timer.o
    0x00028e60   0x00028e60   0x00000090   Code   RO         3139    i.mbedtls_aes_crypt_cbc  aes.o
    0x00028ef0   0x00028ef0   0x0000001c   Code   RO         3142    i.mbedtls_aes_crypt_ecb  aes.o
    0x00028f0c   0x00028f0c   0x00000010   Code   RO         3145    i.mbedtls_aes_free  aes.o
    0x00028f1c   0x00028f1c   0x0000000c   Code   RO         3146    i.mbedtls_aes_init  aes.o
    0x00028f28   0x00028f28   0x000000d0   Code   RO         3147    i.mbedtls_aes_setkey_dec  aes.o
    0x00028ff8   0x00028ff8   0x0000019c   Code   RO         3148    i.mbedtls_aes_setkey_enc  aes.o
    0x00029194   0x00029194   0x00000408   Code   RO         3149    i.mbedtls_internal_aes_decrypt  aes.o
    0x0002959c   0x0002959c   0x0000040c   Code   RO         3150    i.mbedtls_internal_aes_encrypt  aes.o
    0x000299a8   0x000299a8   0x00000848   Code   RO         3235    i.mbedtls_internal_md5_process  md5.o
    0x0002a1f0   0x0002a1f0   0x00000008   Code   RO         3238    i.mbedtls_md5_finish  md5.o
    0x0002a1f8   0x0002a1f8   0x000000de   Code   RO         3239    i.mbedtls_md5_finish_ret  md5.o
    0x0002a2d6   0x0002a2d6   0x0000000e   Code   RO         3240    i.mbedtls_md5_free  md5.o
    0x0002a2e4   0x0002a2e4   0x0000000a   Code   RO         3241    i.mbedtls_md5_init  md5.o
    0x0002a2ee   0x0002a2ee   0x00000008   Code   RO         3244    i.mbedtls_md5_starts  md5.o
    0x0002a2f6   0x0002a2f6   0x00000002   PAD
    0x0002a2f8   0x0002a2f8   0x00000028   Code   RO         3245    i.mbedtls_md5_starts_ret  md5.o
    0x0002a320   0x0002a320   0x00000008   Code   RO         3246    i.mbedtls_md5_update  md5.o
    0x0002a328   0x0002a328   0x0000007c   Code   RO         3247    i.mbedtls_md5_update_ret  md5.o
    0x0002a3a4   0x0002a3a4   0x00000010   Code   RO         3335    i.mbedtls_platform_zeroize  platform_util.o
    0x0002a3b4   0x0002a3b4   0x00000050   Code   RO         3485    i.num_str_concatenate  fpe_str.o
    0x0002a404   0x0002a404   0x00000040   Code   RO         3486    i.num_str_copy_of_range  fpe_str.o
    0x0002a444   0x0002a444   0x0000001e   Code   RO         3487    i.num_str_to_num    fpe_str.o
    0x0002a462   0x0002a462   0x00000036   Code   RO         3488    i.num_to_num_str    fpe_str.o
    0x0002a498   0x0002a498   0x0000000a   Code   RO         3554    i.nv_erase          sf_nv.o
    0x0002a4a2   0x0002a4a2   0x00000002   PAD
    0x0002a4a4   0x0002a4a4   0x000000d4   Code   RO         3555    i.nv_read           sf_nv.o
    0x0002a578   0x0002a578   0x000000d8   Code   RO         3556    i.nv_write          sf_nv.o
    0x0002a650   0x0002a650   0x0000040c   Code   RO          399    i.open_meth_creat_handler  lock_dp_parser.o
    0x0002aa5c   0x0002aa5c   0x000001a0   Code   RO          400    i.open_meth_delete_handler  lock_dp_parser.o
    0x0002abfc   0x0002abfc   0x00000020   Code   RO          401    i.open_meth_freeze_or_unfreeze_handler  lock_dp_parser.o
    0x0002ac1c   0x0002ac1c   0x00000188   Code   RO          402    i.open_meth_modify_handler  lock_dp_parser.o
    0x0002ada4   0x0002ada4   0x00000174   Code   RO          403    i.open_meth_sync_handler  lock_dp_parser.o
    0x0002af18   0x0002af18   0x0000007c   Code   RO          404    i.open_meth_sync_new_handler  lock_dp_parser.o
    0x0002af94   0x0002af94   0x000001a0   Code   RO          405    i.open_with_master_handler  lock_dp_parser.o
    0x0002b134   0x0002b134   0x000001bc   Code   RO          406    i.open_with_nopwd_remote_handler  lock_dp_parser.o
    0x0002b2f0   0x0002b2f0   0x000000d8   Code   RO          407    i.open_with_nopwd_remote_setkey_handler  lock_dp_parser.o
    0x0002b3c8   0x0002b3c8   0x00000198   Code   RO          408    i.open_with_remote_setkey_handler  lock_dp_parser.o
    0x0002b560   0x0002b560   0x0000006c   Code   RO         4546    i.platform_reset    arch_main.o
    0x0002b5cc   0x0002b5cc   0x00000eb4   Code   RO         6845    i.pow               m_5s.l(pow.o)
    0x0002c480   0x0002c480   0x00000088   Code   RO         3418    i.prf               fpe_cipher.o
    0x0002c508   0x0002c508   0x00000088   Code   RO         5976    i.prf_add_profile   prf.o
    0x0002c590   0x0002c590   0x00000034   Code   RO         5977    i.prf_cleanup       prf.o
    0x0002c5c4   0x0002c5c4   0x00000030   Code   RO         5978    i.prf_create        prf.o
    0x0002c5f4   0x0002c5f4   0x00000010   Code   RO         5979    i.prf_dst_task_get  prf.o
    0x0002c604   0x0002c604   0x00000030   Code   RO         5980    i.prf_env_get       prf.o
    0x0002c634   0x0002c634   0x00000038   Code   RO         5981    i.prf_get_id_from_task  prf.o
    0x0002c66c   0x0002c66c   0x00000038   Code   RO         5982    i.prf_get_task_from_id  prf.o
    0x0002c6a4   0x0002c6a4   0x00000074   Code   RO         5983    i.prf_init          prf.o
    0x0002c718   0x0002c718   0x00000014   Code   RO         5984    i.prf_itf_get       prf.o
    0x0002c72c   0x0002c72c   0x00000010   Code   RO         5985    i.prf_src_task_get  prf.o
    0x0002c73c   0x0002c73c   0x00000044   Code   RO         2337    i.prvHeapInit       tuya_ble_heap.o
    0x0002c780   0x0002c780   0x0000004c   Code   RO         2338    i.prvInsertBlockIntoFreeList  tuya_ble_heap.o
    0x0002c7cc   0x0002c7cc   0x00000098   Code   RO         2339    i.pvTuyaPortMalloc  tuya_ble_heap.o
    0x0002c864   0x0002c864   0x00000020   Code   RO         5483    i.pwm_disable       pwm.o
    0x0002c884   0x0002c884   0x00000018   Code   RO         5484    i.pwm_enable        pwm.o
    0x0002c89c   0x0002c89c   0x000000dc   Code   RO         5485    i.pwm_init          pwm.o
    0x0002c978   0x0002c978   0x0000003c   Code   RO         5489    i.pwm_isr           pwm.o
    0x0002c9b4   0x0002c9b4   0x0000000c   Code   RO         3489    i.release_str       fpe_str.o
    0x0002c9c0   0x0002c9c0   0x0000000a   Code   RO          614    i.reset_with_disconn2_outtime_cb  lock_timer.o
    0x0002c9ca   0x0002c9ca   0x00000008   Code   RO          615    i.reset_with_disconn2_outtime_cb_handler  lock_timer.o
    0x0002c9d2   0x0002c9d2   0x0000000a   Code   RO          616    i.reset_with_disconn_outtime_cb  lock_timer.o
    0x0002c9dc   0x0002c9dc   0x0000000e   Code   RO          617    i.reset_with_disconn_outtime_cb_handler  lock_timer.o
    0x0002c9ea   0x0002c9ea   0x00000002   PAD
    0x0002c9ec   0x0002c9ec   0x00000014   Code   RO         5817    i.rf_force_agc_enable  rf_xvr.o
    0x0002ca00   0x0002ca00   0x00000048   Code   RO         5818    i.rf_init           rf_xvr.o
    0x0002ca48   0x0002ca48   0x00000002   Code   RO         5819    i.rf_reset          rf_xvr.o
    0x0002ca4a   0x0002ca4a   0x00000004   Code   RO         5820    i.rf_rpl_reg_rd     rf_xvr.o
    0x0002ca4e   0x0002ca4e   0x00000004   Code   RO         5821    i.rf_rpl_reg_wr     rf_xvr.o
    0x0002ca52   0x0002ca52   0x0000000a   Code   RO         5822    i.rf_rssi_convert   rf_xvr.o
    0x0002ca5c   0x0002ca5c   0x0000000e   Code   RO         5823    i.rf_sleep          rf_xvr.o
    0x0002ca6a   0x0002ca6a   0x00000004   Code   RO         5824    i.rf_txpwr_dbm_get  rf_xvr.o
    0x0002ca6e   0x0002ca6e   0x00000002   PAD
    0x0002ca70   0x0002ca70   0x000000a4   Code   RO         4548    i.rom_env_init      arch_main.o
    0x0002cb14   0x0002cb14   0x00000074   Code   RO         5910    i.rtc_alarm_init    rtc.o
    0x0002cb88   0x0002cb88   0x00000024   Code   RO         5916    i.rtc_isr           rtc.o
    0x0002cbac   0x0002cbac   0x00000068   Code   RO         4549    i.rw_app_enter      arch_main.o
    0x0002cc14   0x0002cc14   0x00000008   Ven    RO         4551    i.rw_main           arch_main.o
    0x0002cc1c   0x0002cc1c   0x00000190   Code   RO         4551    i.rw_main           arch_main.o
    0x0002cdac   0x0002cdac   0x0000001c   Code   RO         4877    i.rwble_hl_init     rwble_hl.o
    0x0002cdc8   0x0002cdc8   0x0000001c   Code   RO         4878    i.rwble_hl_reset    rwble_hl.o
    0x0002cde4   0x0002cde4   0x0000001c   Code   RO         4730    i.rwble_init        rwble.o
    0x0002ce00   0x0002ce00   0x000000fc   Code   RO         4731    i.rwble_isr         rwble.o
    0x0002cefc   0x0002cefc   0x00000056   Code   RO         4732    i.rwble_reset       rwble.o
    0x0002cf52   0x0002cf52   0x00000002   PAD
    0x0002cf54   0x0002cf54   0x00000014   Code   RO         4733    i.rwble_sleep_check  rwble.o
    0x0002cf68   0x0002cf68   0x00000022   Code   RO         4913    i.rwip_check_wakeup_boundary  rwip.o
    0x0002cf8a   0x0002cf8a   0x00000002   PAD
    0x0002cf8c   0x0002cf8c   0x00000028   Code   RO         4552    i.rwip_eif_api_init  arch_main.o
    0x0002cfb4   0x0002cfb4   0x00000014   Code   RO         4553    i.rwip_eif_get      arch_main.o
    0x0002cfc8   0x0002cfc8   0x000000d4   Code   RO         4915    i.rwip_init         rwip.o
    0x0002d09c   0x0002d09c   0x00000030   Code   RO         4916    i.rwip_prevent_sleep_clear  rwip.o
    0x0002d0cc   0x0002d0cc   0x00000030   Code   RO         4918    i.rwip_prevent_sleep_set  rwip.o
    0x0002d0fc   0x0002d0fc   0x0000003c   Code   RO         4919    i.rwip_reset        rwip.o
    0x0002d138   0x0002d138   0x00000014   Code   RO         4920    i.rwip_schedule     rwip.o
    0x0002d14c   0x0002d14c   0x0000009c   Code   RO         4921    i.rwip_sleep        rwip.o
    0x0002d1e8   0x0002d1e8   0x00000024   Code   RO         4923    i.rwip_sleep_lpcycles_2_us  rwip.o
    0x0002d20c   0x0002d20c   0x00000010   Code   RO         4924    i.rwip_us_2_lpcycles  rwip.o
    0x0002d21c   0x0002d21c   0x00000012   Code   RO         4926    i.rwip_wakeup       rwip.o
    0x0002d22e   0x0002d22e   0x00000002   PAD
    0x0002d230   0x0002d230   0x00000010   Code   RO         4927    i.rwip_wakeup_delay_set  rwip.o
    0x0002d240   0x0002d240   0x00000028   Code   RO         4928    i.rwip_wakeup_end   rwip.o
    0x0002d268   0x0002d268   0x00000034   Code   RO         3677    i.sd_free           sf_mem.o
    0x0002d29c   0x0002d29c   0x00000050   Code   RO         3678    i.sd_malloc         sf_mem.o
    0x0002d2ec   0x0002d2ec   0x0000001c   Code   RO         3679    i.sd_mem_init       sf_mem.o
    0x0002d308   0x0002d308   0x00000030   Code   RO         5263    i.set_flash_clk     flash.o
    0x0002d338   0x0002d338   0x000001bc   Code   RO          409    i.set_master_srand_num_handler  lock_dp_parser.o
    0x0002d4f4   0x0002d4f4   0x0000000e   Code   RO         3623    i.sf_free           sf_port.o
    0x0002d502   0x0002d502   0x00000008   Code   RO         3626    i.sf_malloc         sf_port.o
    0x0002d50a   0x0002d50a   0x00000008   Code   RO         3627    i.sf_mem_init       sf_port.o
    0x0002d512   0x0002d512   0x00000002   PAD
    0x0002d514   0x0002d514   0x00000020   Code   RO         3557    i.sf_next_unit_addr  sf_nv.o
    0x0002d534   0x0002d534   0x000000b4   Code   RO         3558    i.sf_nv_delete      sf_nv.o
    0x0002d5e8   0x0002d5e8   0x00000170   Code   RO         3559    i.sf_nv_init        sf_nv.o
    0x0002d758   0x0002d758   0x000000d4   Code   RO         3560    i.sf_nv_read        sf_nv.o
    0x0002d82c   0x0002d82c   0x0000030c   Code   RO         3562    i.sf_nv_write       sf_nv.o
    0x0002db38   0x0002db38   0x0000000a   Code   RO         3628    i.sf_port_flash_erase  sf_port.o
    0x0002db42   0x0002db42   0x0000000a   Code   RO         3629    i.sf_port_flash_read  sf_port.o
    0x0002db4c   0x0002db4c   0x0000000a   Code   RO         3630    i.sf_port_flash_write  sf_port.o
    0x0002db56   0x0002db56   0x00000002   PAD
    0x0002db58   0x0002db58   0x00000064   Code   RO         6859    i.sqrt              m_5s.l(sqrt.o)
    0x0002dbbc   0x0002dbbc   0x000000a0   Code   RO         4306    i.suble_buzzer_start  bk_gpio.o
    0x0002dc5c   0x0002dc5c   0x0000000a   Code   RO         4307    i.suble_buzzer_stop  bk_gpio.o
    0x0002dc66   0x0002dc66   0x00000002   PAD
    0x0002dc68   0x0002dc68   0x00000104   Code   RO         4308    i.suble_buzzer_timeout_handler  bk_gpio.o
    0x0002dd6c   0x0002dd6c   0x00000008   Code   RO         4311    i.suble_gpio_get_input  bk_gpio.o
    0x0002dd74   0x0002dd74   0x00000030   Code   RO         4312    i.suble_gpio_get_output  bk_gpio.o
    0x0002dda4   0x0002dda4   0x00000030   Code   RO         4313    i.suble_gpio_init   bk_gpio.o
    0x0002ddd4   0x0002ddd4   0x0000000c   Code   RO         4314    i.suble_gpio_init_input  bk_gpio.o
    0x0002dde0   0x0002dde0   0x0000003c   Code   RO         4315    i.suble_gpio_init_output  bk_gpio.o
    0x0002de1c   0x0002de1c   0x00000094   Code   RO         4316    i.suble_gpio_int_config  bk_gpio.o
    0x0002deb0   0x0002deb0   0x0000000e   Code   RO         4317    i.suble_gpio_irq_cb  bk_gpio.o
    0x0002debe   0x0002debe   0x00000002   PAD
    0x0002dec0   0x0002dec0   0x00000044   Code   RO         4318    i.suble_gpio_irq_handler  bk_gpio.o
    0x0002df04   0x0002df04   0x0000001c   Code   RO         4319    i.suble_gpio_irq_init  bk_gpio.o
    0x0002df20   0x0002df20   0x00000008   Code   RO         4322    i.suble_gpio_led_reverse  bk_gpio.o
    0x0002df28   0x0002df28   0x0000001a   Code   RO         4323    i.suble_gpio_reverse  bk_gpio.o
    0x0002df42   0x0002df42   0x00000002   PAD
    0x0002df44   0x0002df44   0x00000034   Code   RO         4326    i.suble_gpio_set    bk_gpio.o
    0x0002df78   0x0002df78   0x0000001c   Code   RO         4327    i.suble_key_state_handler  bk_gpio.o
    0x0002df94   0x0002df94   0x000000f4   Code   RO         4328    i.suble_key_timeout_handler  bk_gpio.o
    0x0002e088   0x0002e088   0x00000068   Code   RO         5093    i.switch_clk        icu.o
    0x0002e0f0   0x0002e0f0   0x0000000c   Code   RO         4554    i.sys_mode_init     arch_main.o
    0x0002e0fc   0x0002e0fc   0x00000022   Code   RO         2577    i.sys_settings_crc_ok  tuya_ble_storage.o
    0x0002e11e   0x0002e11e   0x00000002   PAD
    0x0002e120   0x0002e120   0x0000001c   Code   RO         5094    i.system_sleep_init  icu.o
    0x0002e13c   0x0002e13c   0x000000f4   Code   RO          410    i.temp_pw_creat_handler  lock_dp_parser.o
    0x0002e230   0x0002e230   0x000000e4   Code   RO          411    i.temp_pw_delete_handler  lock_dp_parser.o
    0x0002e314   0x0002e314   0x000000e4   Code   RO          412    i.temp_pw_modify_handler  lock_dp_parser.o
    0x0002e3f8   0x0002e3f8   0x00000002   Code   RO         5547    i.timer_init        timer.o
    0x0002e3fa   0x0002e3fa   0x0000002e   Code   RO         3490    i.to_byte_str       fpe_str.o
    0x0002e428   0x0002e428   0x00000048   Code   RO         3491    i.to_byte_str_with_bignum  fpe_str.o
    0x0002e470   0x0002e470   0x0000000a   Code   RO         2820    i.trsmitr_init      tuya_ble_mutli_tsf_protocol.o
    0x0002e47a   0x0002e47a   0x0000010c   Code   RO         2821    i.trsmitr_recv_pkg_decode  tuya_ble_mutli_tsf_protocol.o
    0x0002e586   0x0002e586   0x00000002   PAD
    0x0002e588   0x0002e588   0x000000fc   Code   RO         2822    i.trsmitr_send_pkg_encode  tuya_ble_mutli_tsf_protocol.o
    0x0002e684   0x0002e684   0x00000044   Code   RO         6581    i.tuya_ble_Add_Pkcs  tuya_ble_sdk_bk3431q.lib(tuya_ble_cryption_api.o)
    0x0002e6c8   0x0002e6c8   0x000000f8   Code   RO         2389    i.tuya_ble_adv_change  tuya_ble_main.o
    0x0002e7c0   0x0002e7c0   0x00000042   Code   RO         1666    i.tuya_ble_aes128_cbc_decrypt  tuya_ble_port_bk3431q.o
    0x0002e802   0x0002e802   0x00000042   Code   RO         1667    i.tuya_ble_aes128_cbc_encrypt  tuya_ble_port_bk3431q.o
    0x0002e844   0x0002e844   0x0000004c   Code   RO         1669    i.tuya_ble_aes128_ecb_encrypt  tuya_ble_port_bk3431q.o
    0x0002e890   0x0002e890   0x00000008   Code   RO         1670    i.tuya_ble_app_production_test_process  tuya_ble_port_bk3431q.o
    0x0002e898   0x0002e898   0x00000030   Code   RO         1878    i.tuya_ble_callback_queue_register  tuya_ble_api.o
    0x0002e8c8   0x0002e8c8   0x0000002c   Code   RO         2390    i.tuya_ble_cb_event_send  tuya_ble_main.o
    0x0002e8f4   0x0002e8f4   0x000001c8   Code   RO         2685    i.tuya_ble_commData_send  tuya_ble_data_handler.o
    0x0002eabc   0x0002eabc   0x0000015c   Code   RO         2686    i.tuya_ble_commonData_rx_proc  tuya_ble_data_handler.o
    0x0002ec18   0x0002ec18   0x00000002   Code   RO         1879    i.tuya_ble_connect_monitor_timer_start  tuya_ble_api.o
    0x0002ec1a   0x0002ec1a   0x00000002   Code   RO         1880    i.tuya_ble_connect_monitor_timer_stop  tuya_ble_api.o
    0x0002ec1c   0x0002ec1c   0x0000000c   Code   RO         2391    i.tuya_ble_connect_status_get  tuya_ble_main.o
    0x0002ec28   0x0002ec28   0x00000018   Code   RO         2392    i.tuya_ble_connect_status_set  tuya_ble_main.o
    0x0002ec40   0x0002ec40   0x00000016   Code   RO         1881    i.tuya_ble_connected_handler  tuya_ble_api.o
    0x0002ec56   0x0002ec56   0x00000002   PAD
    0x0002ec58   0x0002ec58   0x0000003c   Code   RO         2197    i.tuya_ble_crc16_compute  tuya_ble_utils.o
    0x0002ec94   0x0002ec94   0x0000003c   Code   RO         2198    i.tuya_ble_crc32_compute  tuya_ble_utils.o
    0x0002ecd0   0x0002ecd0   0x00000038   Code   RO         2393    i.tuya_ble_custom_event_send  tuya_ble_main.o
    0x0002ed08   0x0002ed08   0x0000009c   Code   RO         6582    i.tuya_ble_decryption  tuya_ble_sdk_bk3431q.lib(tuya_ble_cryption_api.o)
    0x0002eda4   0x0002eda4   0x00000008   Code   RO         1671    i.tuya_ble_device_delay_ms  tuya_ble_port_bk3431q.o
    0x0002edac   0x0002edac   0x00000008   Code   RO         1673    i.tuya_ble_device_enter_critical  tuya_ble_port_bk3431q.o
    0x0002edb4   0x0002edb4   0x00000008   Code   RO         1674    i.tuya_ble_device_exit_critical  tuya_ble_port_bk3431q.o
    0x0002edbc   0x0002edbc   0x0000001a   Code   RO         1883    i.tuya_ble_device_factory_reset  tuya_ble_api.o
    0x0002edd6   0x0002edd6   0x00000002   PAD
    0x0002edd8   0x0002edd8   0x00000060   Code   RO         6583    i.tuya_ble_device_id_encrypt  tuya_ble_sdk_bk3431q.lib(tuya_ble_cryption_api.o)
    0x0002ee38   0x0002ee38   0x0000000a   Code   RO         1675    i.tuya_ble_device_reset  tuya_ble_port_bk3431q.o
    0x0002ee42   0x0002ee42   0x00000002   PAD
    0x0002ee44   0x0002ee44   0x0000002c   Code   RO         2687    i.tuya_ble_device_unbond  tuya_ble_data_handler.o
    0x0002ee70   0x0002ee70   0x00000016   Code   RO         1887    i.tuya_ble_disconnected_handler  tuya_ble_api.o
    0x0002ee86   0x0002ee86   0x00000076   Code   RO         1888    i.tuya_ble_dp_data_report  tuya_ble_api.o
    0x0002eefc   0x0002eefc   0x00000078   Code   RO         1889    i.tuya_ble_dp_data_with_time_report  tuya_ble_api.o
    0x0002ef74   0x0002ef74   0x00000042   Code   RO         6584    i.tuya_ble_encrypt_old_with_key  tuya_ble_sdk_bk3431q.lib(tuya_ble_cryption_api.o)
    0x0002efb6   0x0002efb6   0x00000002   PAD
    0x0002efb8   0x0002efb8   0x0000009c   Code   RO         6585    i.tuya_ble_encryption  tuya_ble_sdk_bk3431q.lib(tuya_ble_cryption_api.o)
    0x0002f054   0x0002f054   0x00000020   Code   RO         2394    i.tuya_ble_event_init  tuya_ble_main.o
    0x0002f074   0x0002f074   0x000000fc   Code   RO         2395    i.tuya_ble_event_process  tuya_ble_main.o
    0x0002f170   0x0002f170   0x00000014   Code   RO         2532    i.tuya_ble_event_queue_init  tuya_ble_event.o
    0x0002f184   0x0002f184   0x00000020   Code   RO         2396    i.tuya_ble_event_send  tuya_ble_main.o
    0x0002f1a4   0x0002f1a4   0x00000170   Code   RO         2688    i.tuya_ble_evt_process  tuya_ble_data_handler.o
    0x0002f314   0x0002f314   0x0000000e   Code   RO         2503    i.tuya_ble_free     tuya_ble_mem.o
    0x0002f322   0x0002f322   0x00000002   PAD
    0x0002f324   0x0002f324   0x00000020   Code   RO         1677    i.tuya_ble_gap_advertising_adv_data_update  tuya_ble_port_bk3431q.o
    0x0002f344   0x0002f344   0x00000020   Code   RO         1678    i.tuya_ble_gap_advertising_scan_rsp_data_update  tuya_ble_port_bk3431q.o
    0x0002f364   0x0002f364   0x0000000a   Code   RO         1679    i.tuya_ble_gap_disconnect  tuya_ble_port_bk3431q.o
    0x0002f36e   0x0002f36e   0x0000002e   Code   RO         1890    i.tuya_ble_gatt_receive_data  tuya_ble_api.o
    0x0002f39c   0x0002f39c   0x00000010   Code   RO         1680    i.tuya_ble_gatt_send_data  tuya_ble_port_bk3431q.o
    0x0002f3ac   0x0002f3ac   0x0000009c   Code   RO         2689    i.tuya_ble_handle_ble_factory_test_req  tuya_ble_data_handler.o
    0x0002f448   0x0002f448   0x00000060   Code   RO         2397    i.tuya_ble_handle_connect_change_evt  tuya_ble_main.o
    0x0002f4a8   0x0002f4a8   0x000000c8   Code   RO         2690    i.tuya_ble_handle_dev_infor_req  tuya_ble_data_handler.o
    0x0002f570   0x0002f570   0x00000034   Code   RO         2398    i.tuya_ble_handle_device_info_update_evt  tuya_ble_main.o
    0x0002f5a4   0x0002f5a4   0x00000068   Code   RO         2691    i.tuya_ble_handle_device_reset_req  tuya_ble_data_handler.o
    0x0002f60c   0x0002f60c   0x0000006c   Code   RO         2399    i.tuya_ble_handle_dp_data_with_time_reported_evt  tuya_ble_main.o
    0x0002f678   0x0002f678   0x00000072   Code   RO         2692    i.tuya_ble_handle_dp_query_req  tuya_ble_data_handler.o
    0x0002f6ea   0x0002f6ea   0x00000002   PAD
    0x0002f6ec   0x0002f6ec   0x000000c4   Code   RO         2693    i.tuya_ble_handle_dp_write_req  tuya_ble_data_handler.o
    0x0002f7b0   0x0002f7b0   0x00000082   Code   RO         2694    i.tuya_ble_handle_net_config_info_req  tuya_ble_data_handler.o
    0x0002f832   0x0002f832   0x00000070   Code   RO         2695    i.tuya_ble_handle_ota_req  tuya_ble_data_handler.o
    0x0002f8a2   0x0002f8a2   0x0000004c   Code   RO         2400    i.tuya_ble_handle_ota_response_evt  tuya_ble_main.o
    0x0002f8ee   0x0002f8ee   0x00000002   PAD
    0x0002f8f0   0x0002f8f0   0x000000f0   Code   RO         2696    i.tuya_ble_handle_pair_req  tuya_ble_data_handler.o
    0x0002f9e0   0x0002f9e0   0x000000a4   Code   RO         2401    i.tuya_ble_handle_uart_cmd_evt  tuya_ble_main.o
    0x0002fa84   0x0002fa84   0x0000006c   Code   RO         2697    i.tuya_ble_handle_unix_time_char_ms_resp  tuya_ble_data_handler.o
    0x0002faf0   0x0002faf0   0x00000046   Code   RO         2204    i.tuya_ble_hextoascii  tuya_ble_utils.o
    0x0002fb36   0x0002fb36   0x0000002a   Code   RO         2402    i.tuya_ble_inter_event_response  tuya_ble_main.o
    0x0002fb60   0x0002fb60   0x0000000c   Code   RO         2205    i.tuya_ble_is_word_aligned_tuya  tuya_ble_utils.o
    0x0002fb6c   0x0002fb6c   0x0000014c   Code   RO         6586    i.tuya_ble_key_generate  tuya_ble_sdk_bk3431q.lib(tuya_ble_cryption_api.o)
    0x0002fcb8   0x0002fcb8   0x0000001c   Code   RO         2698    i.tuya_ble_lock_test_rsp  tuya_ble_data_handler.o
    0x0002fcd4   0x0002fcd4   0x00000008   Code   RO         2403    i.tuya_ble_main_tasks_exec  tuya_ble_main.o
    0x0002fcdc   0x0002fcdc   0x00000016   Code   RO         2505    i.tuya_ble_malloc   tuya_ble_mem.o
    0x0002fcf2   0x0002fcf2   0x00000034   Code   RO         1681    i.tuya_ble_md5_crypt  tuya_ble_port_bk3431q.o
    0x0002fd26   0x0002fd26   0x00000002   PAD
    0x0002fd28   0x0002fd28   0x00000010   Code   RO         2533    i.tuya_ble_message_send  tuya_ble_event.o
    0x0002fd38   0x0002fd38   0x00000014   Code   RO         1682    i.tuya_ble_nv_erase  tuya_ble_port_bk3431q.o
    0x0002fd4c   0x0002fd4c   0x00000004   Code   RO         1683    i.tuya_ble_nv_init  tuya_ble_port_bk3431q.o
    0x0002fd50   0x0002fd50   0x0000000a   Code   RO         1684    i.tuya_ble_nv_read  tuya_ble_port_bk3431q.o
    0x0002fd5a   0x0002fd5a   0x0000000a   Code   RO         1685    i.tuya_ble_nv_write  tuya_ble_port_bk3431q.o
    0x0002fd64   0x0002fd64   0x0000006c   Code   RO         1892    i.tuya_ble_ota_response  tuya_ble_api.o
    0x0002fdd0   0x0002fdd0   0x0000001c   Code   RO         2701    i.tuya_ble_pair_rand_clear  tuya_ble_data_handler.o
    0x0002fdec   0x0002fdec   0x0000000c   Code   RO         2702    i.tuya_ble_pair_rand_valid_get  tuya_ble_data_handler.o
    0x0002fdf8   0x0002fdf8   0x0000003a   Code   RO         1686    i.tuya_ble_rand_generator  tuya_ble_port_bk3431q.o
    0x0002fe32   0x0002fe32   0x00000002   PAD
    0x0002fe34   0x0002fe34   0x0000001c   Code   RO         2703    i.tuya_ble_reset_ble_sn  tuya_ble_data_handler.o
    0x0002fe50   0x0002fe50   0x00000064   Code   RO         2534    i.tuya_ble_sched_event_put  tuya_ble_event.o
    0x0002feb4   0x0002feb4   0x0000002c   Code   RO         2535    i.tuya_ble_sched_init  tuya_ble_event.o
    0x0002fee0   0x0002fee0   0x00000104   Code   RO         1893    i.tuya_ble_sdk_init  tuya_ble_api.o
    0x0002ffe4   0x0002ffe4   0x0000000c   Code   RO         2704    i.tuya_ble_set_device_version  tuya_ble_data_handler.o
    0x0002fff0   0x0002fff0   0x0000004c   Code   RO         2578    i.tuya_ble_storage_init  tuya_ble_storage.o
    0x0003003c   0x0003003c   0x000000cc   Code   RO         2579    i.tuya_ble_storage_load_settings  tuya_ble_storage.o
    0x00030108   0x00030108   0x00000068   Code   RO         2581    i.tuya_ble_storage_save_auth_settings  tuya_ble_storage.o
    0x00030170   0x00030170   0x00000068   Code   RO         2582    i.tuya_ble_storage_save_sys_settings  tuya_ble_storage.o
    0x000301d8   0x000301d8   0x0000000a   Code   RO         1689    i.tuya_ble_timer_create  tuya_ble_port_bk3431q.o
    0x000301e2   0x000301e2   0x0000000a   Code   RO         1691    i.tuya_ble_timer_start  tuya_ble_port_bk3431q.o
    0x000301ec   0x000301ec   0x0000000a   Code   RO         1692    i.tuya_ble_timer_stop  tuya_ble_port_bk3431q.o
    0x000301f6   0x000301f6   0x00000002   Code   RO         2913    i.tuya_ble_uart_common_process  tuya_ble_app_uart_common_handler.o
    0x000301f8   0x000301f8   0x000000f4   Code   RO         1894    i.tuya_ble_uart_data_unpack  tuya_ble_api.o
    0x000302ec   0x000302ec   0x00000004   Code   RO         1693    i.tuya_ble_uart_init  tuya_ble_port_bk3431q.o
    0x000302f0   0x000302f0   0x00000088   Code   RO         1895    i.tuya_ble_uart_receive_data  tuya_ble_api.o
    0x00030378   0x00030378   0x0000000a   Code   RO         1694    i.tuya_ble_uart_send_data  tuya_ble_port_bk3431q.o
    0x00030382   0x00030382   0x00000002   PAD
    0x00030384   0x00030384   0x00000088   Code   RO         2647    i.tuya_ble_utc_sec_2_mytime  tuya_ble_unix_time.o
    0x0003040c   0x0003040c   0x00000044   Code   RO         2537    i.tuya_sched_execute  tuya_ble_event.o
    0x00030450   0x00030450   0x00000030   Code   RO         2979    i.ty_string_op_hex2hexstr  cpt_string_op.o
    0x00030480   0x00030480   0x00000098   Code   RO         2980    i.ty_string_op_hex2int  cpt_string_op.o
    0x00030518   0x00030518   0x00000036   Code   RO         2981    i.ty_string_op_hexstr2hex  cpt_string_op.o
    0x0003054e   0x0003054e   0x0000005e   Code   RO         2983    i.ty_string_op_int2hex  cpt_string_op.o
    0x000305ac   0x000305ac   0x00000032   Code   RO         2984    i.ty_string_op_intstr2int  cpt_string_op.o
    0x000305de   0x000305de   0x00000008   Code   RO         4118    i.uart1_rx_handler  bk_uart.o
    0x000305e6   0x000305e6   0x00000002   PAD
    0x000305e8   0x000305e8   0x00000010   Code   RO         5596    i.uart2_cb_register  uart.o
    0x000305f8   0x000305f8   0x000000c4   Code   RO         5597    i.uart2_init        uart.o
    0x000306bc   0x000306bc   0x00000080   Code   RO         5598    i.uart2_isr         uart.o
    0x0003073c   0x0003073c   0x00000044   Code   RO         5599    i.uart2_printf      uart.o
    0x00030780   0x00030780   0x00000028   Code   RO         5601    i.uart2_putchar     uart.o
    0x000307a8   0x000307a8   0x00000008   Code   RO         4119    i.uart2_rx_handler  bk_uart.o
    0x000307b0   0x000307b0   0x00000010   Code   RO         5604    i.uart_cb_register  uart.o
    0x000307c0   0x000307c0   0x00000024   Code   RO         5605    i.uart_clear_rxfifo  uart.o
    0x000307e4   0x000307e4   0x0000001c   Code   RO         5606    i.uart_finish_transfers  uart.o
    0x00030800   0x00030800   0x00000004   Code   RO         5607    i.uart_flow_off     uart.o
    0x00030804   0x00030804   0x00000002   Code   RO         5608    i.uart_flow_on      uart.o
    0x00030806   0x00030806   0x00000002   PAD
    0x00030808   0x00030808   0x000000c4   Code   RO         5609    i.uart_init         uart.o
    0x000308cc   0x000308cc   0x00000100   Code   RO         5610    i.uart_isr          uart.o
    0x000309cc   0x000309cc   0x00000044   Code   RO         5612    i.uart_printf       uart.o
    0x00030a10   0x00030a10   0x00000028   Code   RO         5614    i.uart_putchar      uart.o
    0x00030a38   0x00030a38   0x0000000c   Code   RO         5615    i.uart_read         uart.o
    0x00030a44   0x00030a44   0x00000020   Code   RO         5616    i.uart_send         uart.o
    0x00030a64   0x00030a64   0x00000048   Code   RO         5617    i.uart_write        uart.o
    0x00030aac   0x00030aac   0x0000006c   Code   RO         5264    i.udi_exchange_fdata_to_adjoining_next_sector  flash.o
    0x00030b18   0x00030b18   0x00000068   Code   RO         5265    i.udi_exchange_fdata_to_adjoining_previous_sector  flash.o
    0x00030b80   0x00030b80   0x00000034   Code   RO         3563    i.update_area_header  sf_nv.o
    0x00030bb4   0x00030bb4   0x00000020   Code   RO          413    i.user_freeze_or_unfreeze_handler  lock_dp_parser.o
    0x00030bd4   0x00030bd4   0x0000003c   Code   RO         2340    i.vTuyaPortFree     tuya_ble_heap.o
    0x00030c10   0x00030c10   0x000001a4   Code   RO          752    i.verify_dynamic_pwd_token  lock_dynamic_pwd.o
    0x00030db4   0x00030db4   0x0000002c   Code   RO         5785    i.wdt_enable        wdt.o
    0x00030de0   0x00030de0   0x00000024   Code   RO         5786    i.wdt_feed          wdt.o
    0x00030e04   0x00030e04   0x0000005a   Data   RO           11    .constdata          lock_common.o
    0x00030e5e   0x00030e5e   0x00000018   Data   RO          334    .constdata          lock_hard.o
    0x00030e76   0x00030e76   0x00000159   Data   RO          415    .constdata          lock_dp_parser.o
    0x00030fcf   0x00030fcf   0x00000018   Data   RO          515    .constdata          lock_dp_report.o
    0x00030fe7   0x00030fe7   0x00000049   Data   RO          619    .constdata          lock_timer.o
    0x00031030   0x00031030   0x0000002a   Data   RO          753    .constdata          lock_dynamic_pwd.o
    0x0003105a   0x0003105a   0x00000096   Data   RO          853    .constdata          lock_offline_pwd.o
    0x000310f0   0x000310f0   0x0000003b   Data   RO          922    .constdata          lock_test.o
    0x0003112b   0x0003112b   0x00000021   Data   RO          950    .constdata          app_common.o
    0x0003114c   0x0003114c   0x0000000e   Data   RO         1027    .constdata          app_flash.o
    0x0003115a   0x0003115a   0x00000083   Data   RO         1237    .constdata          app_ota.o
    0x000311dd   0x000311dd   0x00000061   Data   RO         1302    .constdata          app_active_report.o
    0x0003123e   0x0003123e   0x00000014   Data   RO         1341    .constdata          app_test.o
    0x00031252   0x00031252   0x00000049   Data   RO         1434    .constdata          app_port.o
    0x0003129b   0x0003129b   0x00000001   PAD
    0x0003129c   0x0003129c   0x00000004   Data   RO         2214    .constdata          tuya_ble_utils.o
    0x000312a0   0x000312a0   0x0000003a   Data   RO         2405    .constdata          tuya_ble_main.o
    0x000312da   0x000312da   0x00000032   Data   RO         2587    .constdata          tuya_ble_storage.o
    0x0003130c   0x0003130c   0x0000000c   Data   RO         2649    .constdata          tuya_ble_unix_time.o
    0x00031318   0x00031318   0x00000004   Data   RO         2931    .constdata          cpt_math.o
    0x0003131c   0x0003131c   0x00000010   Data   RO         3102    .constdata          sha1.o
    0x0003132c   0x0003132c   0x00002228   Data   RO         3151    .constdata          aes.o
    0x00033554   0x00033554   0x00000008   Data   RO         3419    .constdata          fpe_cipher.o
    0x0003355c   0x0003355c   0x00000010   Data   RO         3492    .constdata          fpe_str.o
    0x0003356c   0x0003356c   0x00000033   Data   RO         3565    .constdata          sf_nv.o
    0x0003359f   0x0003359f   0x0000008c   Data   RO         3725    .constdata          elog.o
    0x0003362b   0x0003362b   0x00000023   Data   RO         3855    .constdata          elog_utils.o
    0x0003364e   0x0003364e   0x00000012   Data   RO         4331    .constdata          bk_gpio.o
    0x00033660   0x00033660   0x00000010   Data   RO         4332    .constdata          bk_gpio.o
    0x00033670   0x00033670   0x00000020   Data   RO         4333    .constdata          bk_gpio.o
    0x00033690   0x00033690   0x00000054   Data   RO         4334    .constdata          bk_gpio.o
    0x000336e4   0x000336e4   0x0000005b   Data   RO         4556    .constdata          arch_main.o
    0x0003373f   0x0003373f   0x00000001   PAD
    0x00033740   0x00033740   0x00000040   Data   RO         6086    .constdata          fff0s.o
    0x00033780   0x00033780   0x00000028   Data   RO         6149    .constdata          fff0s_task.o
    0x000337a8   0x000337a8   0x00000008   Data   RO         6150    .constdata          fff0s_task.o
    0x000337b0   0x000337b0   0x00000075   Data   RO         6193    .constdata          app.o
    0x00033825   0x00033825   0x00000003   PAD
    0x00033828   0x00033828   0x00000020   Data   RO         6285    .constdata          app_fff0.o
    0x00033848   0x00033848   0x00000008   Data   RO         6286    .constdata          app_fff0.o
    0x00033850   0x00033850   0x0000001a   Data   RO         6287    .constdata          app_fff0.o
    0x0003386a   0x0003386a   0x00000002   PAD
    0x0003386c   0x0003386c   0x00000158   Data   RO         6382    .constdata          app_task.o
    0x000339c4   0x000339c4   0x00000008   Data   RO         6383    .constdata          app_task.o
    0x000339cc   0x000339cc   0x000000e2   Data   RO         6384    .constdata          app_task.o
    0x00033aae   0x00033aae   0x00000045   Data   RO         6589    .constdata          tuya_ble_sdk_bk3431q.lib(tuya_ble_cryption_api.o)
    0x00033af3   0x00033af3   0x00000050   Data   RO         6828    .constdata          bk3435_fcc_mode.lib(rf_test.o)
    0x00033b43   0x00033b43   0x00000005   PAD
    0x00033b48   0x00033b48   0x00000088   Data   RO         6846    .constdata          m_5s.l(pow.o)
    0x00033bd0   0x00033bd0   0x00000008   Data   RO         7207    .constdata          m_5s.l(qnan.o)
    0x00033bd8   0x00033bd8   0x00000081   Data   RO         7257    .constdata          mc_5.l(ctype_o.o)
    0x00033c59   0x00033c59   0x00000003   PAD
    0x00033c5c   0x00033c5c   0x00000004   Data   RO         7258    .constdata          mc_5.l(ctype_o.o)
    0x00033c60   0x00033c60   0x00000041   Data   RO          416    .conststring        lock_dp_parser.o
    0x00033ca1   0x00033ca1   0x00000003   PAD
    0x00033ca4   0x00033ca4   0x00000042   Data   RO         1303    .conststring        app_active_report.o
    0x00033ce6   0x00033ce6   0x00000002   PAD
    0x00033ce8   0x00033ce8   0x00000017   Data   RO         3726    .conststring        elog.o
    0x00033cff   0x00033cff   0x00000001   PAD
    0x00033d00   0x00033d00   0x00000048   Data   RO         6590    .conststring        tuya_ble_sdk_bk3431q.lib(tuya_ble_cryption_api.o)


    Execution Region RAM_DATA (Exec base: 0x00400800, Load base: 0x00033d48, Size: 0x00000418, Max: 0xffffffff, ABSOLUTE)

    Exec Addr    Load Addr    Size         Type   Attr      Idx    E Section Name        Object

    0x00400800   0x00033d48   0x00000002   Data   RW          335    .data               lock_hard.o
    0x00400802   0x00033d4a   0x00000002   PAD
    0x00400804   0x00033d4c   0x00000004   Data   RW          516    .data               lock_dp_report.o
    0x00400808   0x00033d50   0x00000008   Data   RW          854    .data               lock_offline_pwd.o
    0x00400810   0x00033d58   0x00000004   Data   RW          923    .data               lock_test.o
    0x00400814   0x00033d5c   0x0000005c   Data   RW          951    .data               app_common.o
    0x00400870   0x00033db8   0x00000013   Data   RW         1028    .data               app_flash.o
    0x00400883   0x00033dcb   0x00000006   Data   RW         1029    .data               app_flash.o
    0x00400889   0x00033dd1   0x00000003   PAD
    0x0040088c   0x00033dd4   0x00000010   Data   RW         1238    .data               app_ota.o
    0x0040089c   0x00033de4   0x00000002   Data   RW         1304    .data               app_active_report.o
    0x0040089e   0x00033de6   0x00000004   Data   RW         1342    .data               app_test.o
    0x004008a2   0x00033dea   0x00000009   Data   RW         1897    .data               tuya_ble_api.o
    0x004008ab   0x00033df3   0x00000001   PAD
    0x004008ac   0x00033df4   0x00000018   Data   RW         2345    .data               tuya_ble_heap.o
    0x004008c4   0x00033e0c   0x00000008   Data   RW         2406    .data               tuya_ble_main.o
    0x004008cc   0x00033e14   0x0000000c   Data   RW         2539    .data               tuya_ble_event.o
    0x004008d8   0x00033e20   0x00000036   Data   RW         2706    .data               tuya_ble_data_handler.o
    0x0040090e   0x00033e56   0x00000001   Data   RW         2823    .data               tuya_ble_mutli_tsf_protocol.o
    0x0040090f   0x00033e57   0x00000001   PAD
    0x00400910   0x00033e58   0x00000004   Data   RW         3336    .data               platform_util.o
    0x00400914   0x00033e5c   0x00000014   Data   RW         3566    .data               sf_nv.o
    0x00400928   0x00033e70   0x0000001c   Data   RW         3727    .data               elog.o
    0x00400944   0x00033e8c   0x00000001   Data   RW         3933    .data               bk_common.o
    0x00400945   0x00033e8d   0x00000003   PAD
    0x00400948   0x00033e90   0x00000008   Data   RW         3934    .data               bk_common.o
    0x00400950   0x00033e98   0x00000018   Data   RW         3998    .data               bk_scan_adv.o
    0x00400968   0x00033eb0   0x0000004a   Data   RW         3999    .data               bk_scan_adv.o
    0x004009b2   0x00033efa   0x0000000c   Data   RW         4036    .data               bk_ble.o
    0x004009be   0x00033f06   0x00000002   PAD
    0x004009c0   0x00033f08   0x0000000c   Data   RW         4076    .data               bk_svc.o
    0x004009cc   0x00033f14   0x0000014c   Data   RW         4172    .data               bk_timer.o
    0x00400b18   0x00034060   0x00000045   Data   RW         4335    .data               bk_gpio.o
    0x00400b5d   0x000340a5   0x00000003   PAD
    0x00400b60   0x000340a8   0x00000024   Data   RW         4336    .data               bk_gpio.o
    0x00400b84   0x000340cc   0x00000001   Data   RW         4557    .data               arch_main.o
    0x00400b85   0x000340cd   0x00000002   Data   RW         5095    .data               icu.o
    0x00400b87   0x000340cf   0x00000001   PAD
    0x00400b88   0x000340d0   0x0000002c   Data   RW         5167    .data               gpio.o
    0x00400bb4   0x000340fc   0x0000000c   Data   RW         5267    .data               flash.o
    0x00400bc0   0x00034108   0x00000018   Data   RW         5621    .data               uart.o
    0x00400bd8   0x00034120   0x00000001   Data   RW         5787    .data               wdt.o
    0x00400bd9   0x00034121   0x00000003   PAD
    0x00400bdc   0x00034124   0x00000004   Data   RW         5918    .data               rtc.o
    0x00400be0   0x00034128   0x00000001   Data   RW         6385    .data               app_task.o
    0x00400be1   0x00034129   0x00000009   Data   RW         6829    .data               bk3435_fcc_mode.lib(rf_test.o)
    0x00400bea   0x00034132   0x00000002   PAD
    0x00400bec   0x00034134   0x00000026   Data   RW         6832    .data               bk3435_pn9_mode.lib(rf_pn9_test.o)
    0x00400c12   0x0003415a   0x00000002   PAD
    0x00400c14   0x0003415c   0x00000004   Data   RW         7220    .data               mc_5.l(errno.o)


    Execution Region RAM_BSS (Exec base: 0x00400c18, Load base: 0x00034160, Size: 0x000049d0, Max: 0xffffffff, ABSOLUTE)

    Exec Addr    Load Addr    Size         Type   Attr      Idx    E Section Name        Object

    0x00400c18        -       0x00000365   Zero   RW          414    .bss                lock_dp_parser.o
    0x00400f7d        -       0x0000021c   Zero   RW          514    .bss                lock_dp_report.o
    0x00401199   0x00034160   0x00000003   PAD
    0x0040119c        -       0x00000028   Zero   RW          618    .bss                lock_timer.o
    0x004011c4        -       0x00000100   Zero   RW          921    .bss                lock_test.o
    0x004012c4        -       0x0000012f   Zero   RW         1026    .bss                app_flash.o
    0x004013f3        -       0x000000f0   Zero   RW         1236    .bss                app_ota.o
    0x004014e3        -       0x00000200   Zero   RW         1340    .bss                app_test.o
    0x004016e3        -       0x0000012c   Zero   RW         1896    .bss                tuya_ble_api.o
    0x0040180f        -       0x00000800   Zero   RW         2344    .bss                tuya_ble_heap.o
    0x0040200f   0x00034160   0x00000001   PAD
    0x00402010        -       0x00000334   Zero   RW         2404    .bss                tuya_ble_main.o
    0x00402344        -       0x0000086c   Zero   RW         2538    .bss                tuya_ble_event.o
    0x00402bb0        -       0x00000168   Zero   RW         2586    .bss                tuya_ble_storage.o
    0x00402d18        -       0x000004b0   Zero   RW         2705    .bss                tuya_ble_data_handler.o
    0x004031c8        -       0x00000212   Zero   RW         3564    .bss                sf_nv.o
    0x004033da   0x00034160   0x00000002   PAD
    0x004033dc        -       0x00000800   Zero   RW         3680    .bss                sf_mem.o
    0x00403bdc        -       0x00000250   Zero   RW         3724    .bss                elog.o
    0x00403e2c        -       0x00000c00   Zero   RW         4075    .bss                bk_svc.o
    0x00404a2c        -       0x000000f0   Zero   RW         4171    .bss                bk_timer.o
    0x00404b1c        -       0x00000010   Zero   RW         4555    .bss                arch_main.o
    0x00404b2c        -       0x00000010   Zero   RW         4929    .bss                rwip.o
    0x00404b3c        -       0x0000000c   Zero   RW         5266    .bss                flash.o
    0x00404b48        -       0x00000014   Zero   RW         5490    .bss                pwm.o
    0x00404b5c        -       0x00000828   Zero   RW         5618    .bss                uart.o
    0x00405384        -       0x00000040   Zero   RW         5825    .bss                rf_xvr.o
    0x004053c4        -       0x0000011c   Zero   RW         5986    .bss                prf.o
    0x004054e0        -       0x00000028   Zero   RW         6192    .bss                app.o
    0x00405508        -       0x000000e0   Zero   RW         6588    .bss                tuya_ble_sdk_bk3431q.lib(tuya_ble_cryption_api.o)


    Execution Region RAM_STACK_UNUSED (Exec base: 0x0040b70c, Load base: 0x00034160, Size: 0x00000020, Max: 0x00000020, ABSOLUTE)

    Exec Addr    Load Addr    Size         Type   Attr      Idx    E Section Name        Object

    0x0040b70c        -       0x00000020   Zero   RW            1    RAM_STACK_UNUSED.bss  anon$$obj.o


    Execution Region RAM_STACK_SVC (Exec base: 0x0040b72c, Load base: 0x00034160, Size: 0x000004f0, Max: 0x000004f0, ABSOLUTE)

    Exec Addr    Load Addr    Size         Type   Attr      Idx    E Section Name        Object

    0x0040b72c        -       0x000004f0   Zero   RW            2    RAM_STACK_SVC.bss   anon$$obj.o


    Execution Region RAM_STACK_IRQ (Exec base: 0x0040bc1c, Load base: 0x00034160, Size: 0x000001f0, Max: 0x000001f0, ABSOLUTE)

    Exec Addr    Load Addr    Size         Type   Attr      Idx    E Section Name        Object

    0x0040bc1c        -       0x000001f0   Zero   RW            3    RAM_STACK_IRQ.bss   anon$$obj.o


    Execution Region RAM_STACK_FIQ (Exec base: 0x0040be0c, Load base: 0x00034160, Size: 0x000001f0, Max: 0x000001f0, ABSOLUTE)

    Exec Addr    Load Addr    Size         Type   Attr      Idx    E Section Name        Object

    0x0040be0c        -       0x000001f0   Zero   RW            4    RAM_STACK_FIQ.bss   anon$$obj.o


    Execution Region RAM_BSS_1 (Exec base: 0x00815000, Load base: 0x00034160, Size: 0x00001258, Max: 0xffffffff, ABSOLUTE)

    Exec Addr    Load Addr    Size         Type   Attr      Idx    E Section Name        Object

    0x00815000        -       0x00001258   Zero   RW         4930    ke_heap             rwip.o


==============================================================================

Image component sizes


      Code (inc. data)   RO Data    RW Data    ZI Data      Debug   Object Name

      2888         74       8744          0          0      20550   aes.o
       704        176        117          0         40      10331   app.o
       556        312        163          2          0       3163   app_active_report.o
       970        424         33         92          0       5263   app_common.o
       152         26         66          0          0       6545   app_fff0.o
      1802        216         14         25        303      26079   app_flash.o
      2940       1198        131         16        240      10747   app_ota.o
       984        356         73          0          0      29019   app_port.o
      2298        856        578          1          0      27433   app_task.o
      1502        462         20          4        512       8165   app_test.o
      1372        660         91          1         16      12550   arch_main.o
       258         38          0         12          0       4039   bk_ble.o
       158         18          0          9          0       4778   bk_common.o
       106          0          0          0          0       2934   bk_flash.o
      1454        358        150        105          0      15401   bk_gpio.o
        60          8          0         98          0       3803   bk_scan_adv.o
       240         24          0         12       3072       4225   bk_svc.o
         2          0          0          0          0        486   bk_test.o
       508         90          0        332        240       9605   bk_timer.o
        72         12          0          0          0       3216   bk_uart.o
       500         76          0          0          0        440   boot_handlers.o
        92         32          0          0          0        384   boot_vectors.o
       212         14          4          0          0       4649   cpt_math.o
       398         38          0          0          0       5576   cpt_string_op.o
      2172        824        163         28        592      15772   elog.o
         0          0          0          0          0       3075   elog_async.o
        84         40          0          0          0       4177   elog_port.o
       276        126         35          0          0       3077   elog_utils.o
        24          4          0          0          0        591   emi.o
       784         26          0          0          0       5516   ff1.o
       416         16         64          0          0       9395   fff0s.o
       530         22         48          0          0       7956   fff0s_task.o
      1814        234          0         12         12      15733   flash.o
       136          6          8          0          0       2266   fpe_cipher.o
       112          6          0          0          0       1662   fpe_decrypt.o
       174          0          0          0          0       4368   fpe_math.o
       546         10         16          0          0      10192   fpe_str.o
       288         36          0         44          0      11626   gpio.o
       162          0          0          0          0       1588   hmac-sha1.o
       392         72          0          2          0       5195   icu.o
       248         20          0          0          0     110046   intc.o
       668        456         90          0          0      99927   lock_common.o
      7308       3102        410          0        869      28823   lock_dp_parser.o
      1268        190         24          4        540      19446   lock_dp_report.o
       788        322         42          0          0       4894   lock_dynamic_pwd.o
      1808        760         24          2          0       9233   lock_hard.o
      3574       1356        150          8          0      12220   lock_offline_pwd.o
      1056        506         59          4        256       3956   lock_test.o
       786        322         73          0         40      14414   lock_timer.o
      2554        266          0          0          0      10079   md5.o
        16          6          0          4          0       1663   platform_util.o
       564         30          0          0        284       9340   prf.o
         0          0          0          0          0       8427   prf_utils.o
       336         32          0          0         20       6568   pwm.o
      1130        284          0          0         64     114176   rf_xvr.o
       152         28          0          4          0       2151   rtc.o
       386         24          0          0          0     111083   rwble.o
        56          0          0          0          0       2197   rwble_hl.o
       704         78          0          0       4712     116363   rwip.o
       160         16          0          0       2048       3525   sf_mem.o
      2110        542         51         20        530      12372   sf_nv.o
        60          0          0          0          0       3857   sf_port.o
       844         18         16          0          0       5731   sha1.o
         2          0          0          0          0        485   timer.o
      1154        116          0          9        300      15732   tuya_ble_api.o
         2          0          0          0          0       1695   tuya_ble_app_uart_common_handler.o
      2836        216          0         54       1200      21179   tuya_ble_data_handler.o
       248         32          0         12       2156       5627   tuya_ble_event.o
       356         22          0         24       2048       4411   tuya_ble_heap.o
      1246        138         58          8        820      13257   tuya_ble_main.o
        36          0          0          0          0       1914   tuya_ble_mem.o
       778          4          0          1          0       8566   tuya_ble_mutli_tsf_protocol.o
       538         16          0          0          0      21325   tuya_ble_port_bk3431q.o
       556         38         50          0        360       6436   tuya_ble_storage.o
       340         16         12          0          0       4496   tuya_ble_unix_time.o
       226         14          4          0          0       5168   tuya_ble_utils.o
      1250        228          0         24       2088      34161   uart.o
        80         16          0          1          0       1340   wdt.o

    ----------------------------------------------------------------------
     64524      16124      11594        993      25656    1177853   Object Totals
        48         20          0          0       2288          0   (incl. Generated)
       114          0         13         19          6          0   (incl. Padding)

    ----------------------------------------------------------------------

      Code (inc. data)   RO Data    RW Data    ZI Data      Debug   Library Member Name

      1164        268         80          9          0        236   rf_test.o
       764        190          0         38          0        344   rf_pn9_test.o
        88         12          0          0          0        340   dunder.o
        48          4          0          0          0         68   fpclassify.o
       240          0          0          0          0         92   poly.o
      3764        148        136          0          0        328   pow.o
         0          0          8          0          0          0   qnan.o
       100          4          0          0          0         84   sqrt.o
       138          0          0          0          0         80   __strtoll.o
        30          0          0          0          0         60   _chval.o
       216          0          0          0          0         84   _strtoull.o
        26          0          0          0          0         72   atoll.o
         8          4        133          0          0         60   ctype_o.o
        28         10          0          4          0        120   errno.o
         0          0          0          0          0          0   iusefp.o
       126          0          0          0          0         84   llmul.o
        32          0          0          0          0         68   llshl.o
        38          0          0          0          0         68   llsshr.o
        34          0          0          0          0         68   llushr.o
        38          0          0          0          0        100   memseta.o
      2432        108          0          0          0        760   printfa.o
        14          0          0          0          0         60   strlen.o
        30          0          0          0          0         72   strncmp.o
        26          0          0          0          0         68   strncpy.o
        40          0          0          0          0         72   strstr.o
        96          0          0          0          0         84   uldiv.o
        20          0          0          0          0         60   uread4.o
        18          0          0          0          0         60   uwrite4.o
        40          2          0          0          0         68   cdrcmple.o
       364          4          0          0          0        140   dadd.o
       248          6          0          0          0         84   ddiv.o
       190          0          0          0          0        156   depilogue.o
        72         10          0          0          0         72   dfixi.o
        60         10          0          0          0         68   dfixui.o
        64         10          0          0          0         68   dfixul.o
        48          6          0          0          0         68   dflti.o
        28          4          0          0          0         68   dfltui.o
       216          6          0          0          0         88   dmul.o
        52          0          0          0          0         72   dscalb.o
       162          0          0          0          0         80   dsqrt.o
        40          0          0          0          0         60   ffixui.o
       124          0          0          0          0         72   fmul.o
       874         54        141          0        224       8318   tuya_ble_cryption_api.o

    ----------------------------------------------------------------------
     12144        860        506         55        224      13074   Library Totals
         4          0          8          4          0          0   (incl. Padding)

    ----------------------------------------------------------------------

      Code (inc. data)   RO Data    RW Data    ZI Data      Debug   Library Name

      1164        268         80          9          0        236   bk3435_fcc_mode.lib
       764        190          0         38          0        344   bk3435_pn9_mode.lib
      4240        168        144          0          0        912   m_5s.l
      3390        122        133          4          0       2100   mc_5.l
      1708         58          0          0          0       1164   mf_5.l
       874         54        141          0        224       8318   tuya_ble_sdk_bk3431q.lib

    ----------------------------------------------------------------------
     12144        860        506         55        224      13074   Library Totals

    ----------------------------------------------------------------------

==============================================================================


      Code (inc. data)   RO Data    RW Data    ZI Data      Debug   

     76668      16984      12100       1048      25880    1160759   Grand Totals
     76668      16984      12100       1048      25880    1160759   ELF Image Totals
     76668      16984      12100       1048          0          0   ROM Totals

==============================================================================

    Total RO  Size (Code + RO Data)                88768 (  86.69kB)
    Total RW  Size (RW Data + ZI Data)             26928 (  26.30kB)
    Total ROM Size (Code + RO Data + RW Data)      89816 (  87.71kB)

==============================================================================

