Component: ARM Compiler 5.06 update 6 (build 750) Tool: armlink [4d35ed]

==============================================================================

Section Cross References

    lock_common.o(i.lock_common_init) refers to app_ota.o(i.app_ota_init) for app_ota_init
    lock_common.o(i.lock_common_init) refers to app_port.o(i.app_port_nv_init) for app_port_nv_init
    lock_common.o(i.lock_common_init) refers to app_port.o(i.app_port_local_clock_start) for app_port_local_clock_start
    lock_common.o(i.lock_common_init) refers to lock_timer.o(i.lock_timer_creat) for lock_timer_creat
    lock_common.o(i.lock_common_init) refers to app_common.o(i.app_common_init) for app_common_init
    lock_common.o(i.lock_common_init) refers to bk_common.o(i.bk_log_hexdump) for bk_log_hexdump
    lock_common.o(i.lock_common_init) refers to tuya_ble_main.o(.bss) for tuya_ble_current_para
    lock_common.o(i.lock_factory_handler) refers to app_port.o(i.app_port_tuya_ble_device_factory_reset) for app_port_tuya_ble_device_factory_reset
    lock_common.o(i.lock_factory_handler) refers to app_flash.o(i.lock_flash_erease_all) for lock_flash_erease_all
    lock_common.o(i.lock_open_with_bt) refers to bk_gpio.o(i.suble_gpio_rled_blink) for suble_gpio_rled_blink
    lock_common.o(i.lock_open_with_bt) refers to bk_gpio.o(i.lock_play_music) for lock_play_music
    lock_common.o(i.lock_open_with_bt) refers to elog.o(i.elog_output) for elog_output
    lock_common.o(i.lock_open_with_bt) refers to lock_hard.o(.data) for g_auto_switch
    lock_common.o(i.lock_open_with_bt) refers to lock_common.o(.constdata) for .constdata
    lock_common.o(i.lock_open_with_master) refers to bk_gpio.o(i.suble_gpio_rled_blink) for suble_gpio_rled_blink
    lock_common.o(i.lock_open_with_master) refers to bk_gpio.o(i.lock_play_music) for lock_play_music
    lock_common.o(i.lock_open_with_master) refers to elog.o(i.elog_output) for elog_output
    lock_common.o(i.lock_open_with_master) refers to lock_hard.o(.data) for g_auto_switch
    lock_common.o(i.lock_open_with_master) refers to lock_common.o(.constdata) for .constdata
    lock_common.o(i.lock_open_with_nopwd_remote) refers to bk_gpio.o(i.suble_gpio_rled_blink) for suble_gpio_rled_blink
    lock_common.o(i.lock_open_with_nopwd_remote) refers to bk_gpio.o(i.lock_play_music) for lock_play_music
    lock_common.o(i.lock_open_with_nopwd_remote) refers to elog.o(i.elog_output) for elog_output
    lock_common.o(i.lock_open_with_nopwd_remote) refers to lock_hard.o(.data) for g_auto_switch
    lock_common.o(i.lock_open_with_nopwd_remote) refers to lock_common.o(.constdata) for .constdata
    lock_common.o(i.lock_remote_anti_lock) refers to elog.o(i.elog_output) for elog_output
    lock_common.o(i.lock_remote_anti_lock) refers to lock_common.o(.constdata) for .constdata
    lock_hard.o(i.lock_hard_uart_simulate) refers to elog.o(i.elog_output) for elog_output
    lock_hard.o(i.lock_hard_uart_simulate) refers to bk_common.o(i.bk_log_hexdump) for bk_log_hexdump
    lock_hard.o(i.lock_hard_uart_simulate) refers to app_flash.o(i.lock_get_hardid) for lock_get_hardid
    lock_hard.o(i.lock_hard_uart_simulate) refers to lock_dp_report.o(i.lock_state_sync_report) for lock_state_sync_report
    lock_hard.o(i.lock_hard_uart_simulate) refers to app_port.o(i.app_port_dp_data_report) for app_port_dp_data_report
    lock_hard.o(i.lock_hard_uart_simulate) refers to app_port.o(i.app_port_nv_set_default) for app_port_nv_set_default
    lock_hard.o(i.lock_hard_uart_simulate) refers to lock_dp_report.o(i.lock_hard_creat_sub_report) for lock_hard_creat_sub_report
    lock_hard.o(i.lock_hard_uart_simulate) refers to app_flash.o(i.lock_hard_save_in_local_flash) for lock_hard_save_in_local_flash
    lock_hard.o(i.lock_hard_uart_simulate) refers to lock_dp_report.o(i.lock_open_record_report) for lock_open_record_report
    lock_hard.o(i.lock_hard_uart_simulate) refers to lock_dp_report.o(i.lock_open_record_combine_report) for lock_open_record_combine_report
    lock_hard.o(i.lock_hard_uart_simulate) refers to lock_dp_report.o(i.lock_alarm_record_report) for lock_alarm_record_report
    lock_hard.o(i.lock_hard_uart_simulate) refers to lock_dynamic_pwd.o(i.lock_dynamic_pwd_verify) for lock_dynamic_pwd_verify
    lock_hard.o(i.lock_hard_uart_simulate) refers to memseta.o(.text) for __aeabi_memset
    lock_hard.o(i.lock_hard_uart_simulate) refers to app_port.o(i.app_port_get_timestamp) for app_port_get_timestamp
    lock_hard.o(i.lock_hard_uart_simulate) refers to lock_offline_pwd.o(i.lock_offline_pwd_verify) for lock_offline_pwd_verify
    lock_hard.o(i.lock_hard_uart_simulate) refers to app_port.o(i.app_port_aes128_cbc_encrypt) for app_port_aes128_cbc_encrypt
    lock_hard.o(i.lock_hard_uart_simulate) refers to lock_hard.o(.constdata) for .constdata
    lock_hard.o(i.lock_hard_uart_simulate) refers to lock_hard.o(.data) for .data
    lock_hard.o(i.lock_hard_uart_simulate) refers to tuya_ble_main.o(.bss) for tuya_ble_current_para
[...]
    0x00020c94   0x00020c94   0x000001e8   Code   RO          955    i.app_common_tuya_ble_sdk_callback  app_common.o
    0x00020e7c   0x00020e7c   0x00000030   Code   RO         6514    i.app_fff0_add_fff0s  app_fff0.o
    0x00020eac   0x00020eac   0x0000001c   Code   RO         6516    i.app_fff0_msg_dflt_handler  app_fff0.o
    0x00020ec8   0x00020ec8   0x00000034   Code   RO         6517    i.app_fff1_send_lvl  app_fff0.o
    0x00020efc   0x00020efc   0x0000025c   Code   RO         1231    i.app_ota_data_handler  app_ota.o
    0x00021158   0x00021158   0x00000014   Code   RO         1232    i.app_ota_disconn_handler  app_ota.o
    0x0002116c   0x0002116c   0x00000220   Code   RO         1233    i.app_ota_end_handler  app_ota.o
    0x0002138c   0x0002138c   0x00000018   Code   RO         1234    i.app_ota_exit      app_ota.o
    0x000213a4   0x000213a4   0x00000254   Code   RO         1235    i.app_ota_file_info_handler  app_ota.o
    0x000215f8   0x000215f8   0x000001ac   Code   RO         1236    i.app_ota_file_offset_handler  app_ota.o
    0x000217a4   0x000217a4   0x00000060   Code   RO         1237    i.app_ota_get_crc32_in_flash  app_ota.o
    0x00021804   0x00021804   0x000000e8   Code   RO         1239    i.app_ota_handler   app_ota.o
    0x000218ec   0x000218ec   0x00000004   Code   RO         1240    i.app_ota_init      app_ota.o
    0x000218f0   0x000218f0   0x0000017c   Code   RO         1241    i.app_ota_req_handler  app_ota.o
    0x00021a6c   0x00021a6c   0x0000000c   Code   RO         1242    i.app_ota_rsp       app_ota.o
    0x00021a78   0x00021a78   0x0000000c   Code   RO         1396    i.app_port_aes128_cbc_encrypt  app_port.o
    0x00021a84   0x00021a84   0x00000008   Code   RO         1397    i.app_port_ble_callback_queue_register  app_port.o
    0x00021a8c   0x00021a8c   0x00000004   Code   RO         1398    i.app_port_ble_conn_evt_ext  app_port.o
    0x00021a90   0x00021a90   0x00000008   Code   RO         1399    i.app_port_ble_custom_event_send  app_port.o
    0x00021a98   0x00021a98   0x00000008   Code   RO         1400    i.app_port_ble_gap_disconnect  app_port.o
    0x00021aa0   0x00021aa0   0x00000008   Code   RO         1401    i.app_port_ble_sdk_init  app_port.o
    0x00021aa8   0x00021aa8   0x00000008   Code   RO         1402    i.app_port_check_sum  app_port.o
    0x00021ab0   0x00021ab0   0x0000000a   Code   RO         1404    i.app_port_conn_param_update  app_port.o
    0x00021aba   0x00021aba   0x00000008   Code   RO         1405    i.app_port_crc16_compute  app_port.o
    0x00021ac2   0x00021ac2   0x00000008   Code   RO         1406    i.app_port_crc32_compute  app_port.o
    0x00021aca   0x00021aca   0x00000002   PAD
    0x00021acc   0x00021acc   0x00000078   Code   RO         1408    i.app_port_device_reset  app_port.o
    0x00021b44   0x00021b44   0x00000048   Code   RO         1409    i.app_port_dp_data_report  app_port.o
    0x00021b8c   0x00021b8c   0x000000e8   Code   RO         1410    i.app_port_dp_data_with_time_report  app_port.o
    0x00021c74   0x00021c74   0x00000008   Code   RO         1411    i.app_port_factory_test_process  app_port.o
    0x00021c7c   0x00021c7c   0x00000008   Code   RO         1412    i.app_port_free     app_port.o
    0x00021c84   0x00021c84   0x0000000e   Code   RO         1413    i.app_port_get_bt_mac_addr  app_port.o
    0x00021c92   0x00021c92   0x00000008   Code   RO         1414    i.app_port_get_connect_status  app_port.o
    0x00021c9a   0x00021c9a   0x00000008   Code   RO         1415    i.app_port_get_old_timestamp  app_port.o
    0x00021ca2   0x00021ca2   0x00000008   Code   RO         1416    i.app_port_get_timestamp  app_port.o
    0x00021caa   0x00021caa   0x0000000a   Code   RO         1417    i.app_port_local_clock_start  app_port.o
    0x00021cb4   0x00021cb4   0x0000000c   Code   RO         1418    i.app_port_malloc   app_port.o
    0x00021cc0   0x00021cc0   0x00000008   Code   RO         1419    i.app_port_num_array_2_int  app_port.o
    0x00021cc8   0x00021cc8   0x00000008   Code   RO         1420    i.app_port_nv_del   app_port.o
    0x00021cd0   0x00021cd0   0x00000008   Code   RO         1421    i.app_port_nv_erase  app_port.o
    0x00021cd8   0x00021cd8   0x00000008   Code   RO         1422    i.app_port_nv_get   app_port.o
    0x00021ce0   0x00021ce0   0x00000028   Code   RO         1423    i.app_port_nv_init  app_port.o
    0x00021d08   0x00021d08   0x00000008   Code   RO         1424    i.app_port_nv_read  app_port.o
    0x00021d10   0x00021d10   0x00000008   Code   RO         1425    i.app_port_nv_set   app_port.o
    0x00021d18   0x00021d18   0x00000038   Code   RO         1426    i.app_port_nv_set_default  app_port.o
    0x00021d50   0x00021d50   0x00000008   Code   RO         1427    i.app_port_nv_write  app_port.o
    0x00021d58   0x00021d58   0x000000a0   Code   RO         1428    i.app_port_ota_rsp  app_port.o
    0x00021df8   0x00021df8   0x00000008   Code   RO         1429    i.app_port_reverse_byte  app_port.o
    0x00021e00   0x00021e00   0x00000008   Code   RO         1430    i.app_port_set_bt_mac_addr  app_port.o
    0x00021e08   0x00021e08   0x00000008   Code   RO         1431    i.app_port_string_op_hex2hexstr  app_port.o
    0x00021e10   0x00021e10   0x00000008   Code   RO         1432    i.app_port_string_op_hexstr2hex  app_port.o
    0x00021e18   0x00021e18   0x00000008   Code   RO         1433    i.app_port_string_op_intstr2int  app_port.o
    0x00021e20   0x00021e20   0x00000008   Code   RO         1434    i.app_port_timer_create  app_port.o
    0x00021e28   0x00021e28   0x00000008   Code   RO         1436    i.app_port_timer_start  app_port.o
    0x00021e30   0x00021e30   0x00000008   Code   RO         1437    i.app_port_timer_stop  app_port.o
    0x00021e38   0x00021e38   0x00000008   Code   RO         1438    i.app_port_tuya_ble_device_factory_reset  app_port.o
    0x00021e40   0x00021e40   0x00000008   Code   RO         1439    i.app_port_uart_send_data  app_port.o
    0x00021e48   0x00021e48   0x0000000a   Code   RO         1440    i.app_port_update_timestamp  app_port.o
    0x00021e52   0x00021e52   0x0000000a   Code   RO         1339    i.app_test_init     app_test.o
    0x00021e5c   0x00021e5c   0x0000000a   Code   RO          602    i.app_test_outtime_cb  lock_timer.o
    0x00021e66   0x00021e66   0x00000008   Code   RO          603    i.app_test_outtime_cb_handler  lock_timer.o
    0x00021e6e   0x00021e6e   0x00000002   PAD
    0x00021e70   0x00021e70   0x00000010   Code   RO         1340    i.app_test_outtime_handler  app_test.o
    0x00021e80   0x00021e80   0x00000040   Code   RO         1341    i.app_test_pre_process  app_test.o
    0x00021ec0   0x00021ec0   0x000001d0   Code   RO         1342    i.app_test_process  app_test.o
    0x00022090   0x00022090   0x00000244   Code   RO         1343    i.app_test_query_info_handler  app_test.o
    0x000222d4   0x000222d4   0x0000000a   Code   RO          604    i.app_test_reset_outtime_cb  lock_timer.o
    0x000222de   0x000222de   0x00000008   Code   RO          605    i.app_test_reset_outtime_cb_handler  lock_timer.o
    0x000222e6   0x000222e6   0x00000002   PAD
    0x000222e8   0x000222e8   0x00000044   Code   RO         1344    i.app_test_rsp      app_test.o
    0x0002232c   0x0002232c   0x000000a8   Code   RO         1345    i.app_test_write_auth_info_handler  app_test.o
    0x000223d4   0x000223d4   0x00000078   Code   RO         2668    i.applib_dt_dayindex  tuya_ble_unix_time.o
    0x0002244c   0x0002244c   0x00000028   Code   RO         2669    i.applib_dt_is_leap_year  tuya_ble_unix_time.o
    0x00022474   0x00022474   0x0000002c   Code   RO         2670    i.applib_dt_last_day_of_mon  tuya_ble_unix_time.o
    0x000224a0   0x000224a0   0x00000028   Code   RO         6420    i.appm_add_svc      app.o
    0x000224c8   0x000224c8   0x0000002c   Code   RO         6421    i.appm_disconnect   app.o
    0x000224f4   0x000224f4   0x00000014   Code   RO         6422    i.appm_get_dev_name  app.o
    0x00022508   0x00022508   0x0000005c   Code   RO         6423    i.appm_init         app.o
    0x00022564   0x00022564   0x00000058   Code   RO         6575    i.appm_msg_handler  app_task.o
    0x000225bc   0x000225bc   0x000000ec   Code   RO         6424    i.appm_start_advertising  app.o
    0x000226a8   0x000226a8   0x00000074   Code   RO         6425    i.appm_stop_advertising  app.o
    0x0002271c   0x0002271c   0x00000058   Code   RO         6426    i.appm_update_adv_data  app.o
    0x00022774   0x00022774   0x00000044   Code   RO         6427    i.appm_update_param  app.o
    0x000227b8   0x000227b8   0x00000064   Code   RO         4599    i.assert_err        arch_main.o
    0x0002281c   0x0002281c   0x00000074   Code   RO         4600    i.assert_param      arch_main.o
    0x00022890   0x00022890   0x00000022   Code   RO         2601    i.auth_settings_crc_ok  tuya_ble_storage.o
    0x000228b2   0x000228b2   0x00000002   PAD
    0x000228b4   0x000228b4   0x0000001c   Code   RO         4051    i.bk_adv_param_set  bk_scan_adv.o
    0x000228d0   0x000228d0   0x00000008   Code   RO         4052    i.bk_adv_start      bk_scan_adv.o
    0x000228d8   0x000228d8   0x00000018   Code   RO         4054    i.bk_adv_update_advDataAndScanRsp  bk_scan_adv.o
    0x000228f0   0x000228f0   0x00000068   Code   RO         4126    i.bk_ble_notify     bk_svc.o
    0x00022958   0x00022958   0x00000054   Code   RO         4127    i.bk_ble_notify_handler  bk_svc.o
    0x000229ac   0x000229ac   0x00000032   Code   RO         4088    i.bk_conn_param_update  bk_ble.o
    0x000229de   0x000229de   0x00000008   Code   RO         4211    i.bk_delay_ms       bk_timer.o
    0x000229e6   0x000229e6   0x00000008   Code   RO         4089    i.bk_disconnect     bk_ble.o
    0x000229ee   0x000229ee   0x00000002   PAD
    0x000229f0   0x000229f0   0x00000018   Code   RO         3982    i.bk_enter_critical  bk_common.o
    0x00022a08   0x00022a08   0x00000020   Code   RO         3983    i.bk_exit_critical  bk_common.o
    0x00022a28   0x00022a28   0x00000020   Code   RO         4322    i.bk_flash_erase    bk_flash.o
    0x00022a48   0x00022a48   0x00000002   Code   RO         4323    i.bk_flash_init     bk_flash.o
    0x00022a4a   0x00022a4a   0x00000024   Code   RO         4324    i.bk_flash_read     bk_flash.o
    0x00022a6e   0x00022a6e   0x00000024   Code   RO         4325    i.bk_flash_write    bk_flash.o
    0x00022a92   0x00022a92   0x00000020   Code   RO         4090    i.bk_get_bt_mac_addr  bk_ble.o
    0x00022ab2   0x00022ab2   0x00000002   PAD
    0x00022ab4   0x00022ab4   0x00000014   Code   RO         4215    i.bk_get_old_timestamp  bk_timer.o
    0x00022ac8   0x00022ac8   0x00000010   Code   RO         4216    i.bk_get_timestamp  bk_timer.o
    0x00022ad8   0x00022ad8   0x0000007c   Code   RO         4091    i.bk_init_bt_mac_addr  bk_ble.o
    0x00022b54   0x00022b54   0x00000018   Code   RO         4217    i.bk_local_timer_start  bk_timer.o
    0x00022b6c   0x00022b6c   0x0000000e   Code   RO         3984    i.bk_log_hexdump    bk_common.o
    0x00022b7a   0x00022b7a   0x00000002   Code   RO         3985    i.bk_log_hexdump_empty  bk_common.o
    0x00022b7c   0x00022b7c   0x0000003c   Code   RO         3987    i.bk_log_init       bk_common.o
    0x00022bb8   0x00022bb8   0x00000010   Code   RO         4218    i.bk_rtc_handler    bk_timer.o
    0x00022bc8   0x00022bc8   0x0000002c   Code   RO         4092    i.bk_set_bt_mac_addr  bk_ble.o
    0x00022bf4   0x00022bf4   0x00000008   Code   RO         4129    i.bk_svc_receive_data  bk_svc.o
    0x00022bfc   0x00022bfc   0x0000000c   Code   RO         4130    i.bk_svc_send_data  bk_svc.o
    0x00022c08   0x00022c08   0x00000020   Code   RO         4131    i.bk_svc_send_data_complete  bk_svc.o
    0x00022c28   0x00022c28   0x0000000a   Code   RO         3988    i.bk_system_reset   bk_common.o
    0x00022c32   0x00022c32   0x00000002   Code   RO         4570    i.bk_test           bk_test.o
    0x00022c34   0x00022c34   0x00000010   Code   RO         6576    i.bk_timer0_handler  app_task.o
    0x00022c44   0x00022c44   0x00000010   Code   RO         6577    i.bk_timer100_handler  app_task.o
    0x00022c54   0x00022c54   0x00000010   Code   RO         6578    i.bk_timer101_handler  app_task.o
    0x00022c64   0x00022c64   0x00000010   Code   RO         6579    i.bk_timer102_handler  app_task.o
    0x00022c74   0x00022c74   0x00000010   Code   RO         6580    i.bk_timer103_handler  app_task.o
    0x00022c84   0x00022c84   0x00000010   Code   RO         6581    i.bk_timer104_handler  app_task.o
    0x00022c94   0x00022c94   0x00000010   Code   RO         6582    i.bk_timer105_handler  app_task.o
    0x00022ca4   0x00022ca4   0x00000010   Code   RO         6583    i.bk_timer106_handler  app_task.o
    0x00022cb4   0x00022cb4   0x00000010   Code   RO         6584    i.bk_timer107_handler  app_task.o
    0x00022cc4   0x00022cc4   0x00000010   Code   RO         6585    i.bk_timer108_handler  app_task.o
    0x00022cd4   0x00022cd4   0x00000010   Code   RO         6586    i.bk_timer109_handler  app_task.o
    0x00022ce4   0x00022ce4   0x00000010   Code   RO         6587    i.bk_timer10_handler  app_task.o
    0x00022cf4   0x00022cf4   0x00000010   Code   RO         6588    i.bk_timer11_handler  app_task.o
    0x00022d04   0x00022d04   0x00000010   Code   RO         6589    i.bk_timer12_handler  app_task.o
    0x00022d14   0x00022d14   0x00000010   Code   RO         6590    i.bk_timer13_handler  app_task.o
    0x00022d24   0x00022d24   0x00000010   Code   RO         6591    i.bk_timer14_handler  app_task.o
    0x00022d34   0x00022d34   0x0000000e   Code   RO         6592    i.bk_timer15_handler  app_task.o
    0x00022d42   0x00022d42   0x00000002   PAD
    0x00022d44   0x00022d44   0x00000010   Code   RO         6593    i.bk_timer16_handler  app_task.o
    0x00022d54   0x00022d54   0x00000010   Code   RO         6594    i.bk_timer17_handler  app_task.o
    0x00022d64   0x00022d64   0x00000010   Code   RO         6595    i.bk_timer18_handler  app_task.o
    0x00022d74   0x00022d74   0x00000010   Code   RO         6596    i.bk_timer19_handler  app_task.o
    0x00022d84   0x00022d84   0x00000010   Code   RO         6597    i.bk_timer1_handler  app_task.o
    0x00022d94   0x00022d94   0x00000010   Code   RO         6598    i.bk_timer2_handler  app_task.o
    0x00022da4   0x00022da4   0x00000010   Code   RO         6599    i.bk_timer3_handler  app_task.o
    0x00022db4   0x00022db4   0x00000010   Code   RO         6600    i.bk_timer4_handler  app_task.o
    0x00022dc4   0x00022dc4   0x00000010   Code   RO         6601    i.bk_timer5_handler  app_task.o
    0x00022dd4   0x00022dd4   0x00000010   Code   RO         6602    i.bk_timer6_handler  app_task.o
    0x00022de4   0x00022de4   0x00000010   Code   RO         6603    i.bk_timer7_handler  app_task.o
    0x00022df4   0x00022df4   0x00000010   Code   RO         6604    i.bk_timer8_handler  app_task.o
    0x00022e04   0x00022e04   0x00000010   Code   RO         6605    i.bk_timer9_handler  app_task.o
    0x00022e14   0x00022e14   0x00000044   Code   RO         4219    i.bk_timer_create   bk_timer.o
    0x00022e58   0x00022e58   0x000000a4   Code   RO         4221    i.bk_timer_handler  bk_timer.o
    0x00022efc   0x00022efc   0x00000034   Code   RO         4223    i.bk_timer_start    bk_timer.o
    0x00022f30   0x00022f30   0x00000040   Code   RO         4224    i.bk_timer_start_0  bk_timer.o
    0x00022f70   0x00022f70   0x0000000c   Code   RO         4225    i.bk_timer_stop     bk_timer.o
    0x00022f7c   0x00022f7c   0x00000030   Code   RO         4226    i.bk_timer_stop_0   bk_timer.o
    0x00022fac   0x00022fac   0x00000018   Code   RO         4171    i.bk_uart1_init     bk_uart.o
    0x00022fc4   0x00022fc4   0x00000008   Code   RO         4172    i.bk_uart1_send     bk_uart.o
    0x00022fcc   0x00022fcc   0x00000018   Code   RO         4173    i.bk_uart2_init     bk_uart.o
    0x00022fe4   0x00022fe4   0x00000010   Code   RO         4227    i.bk_update_timestamp  bk_timer.o
    0x00022ff4   0x00022ff4   0x00000010   Code   RO         3989    i.bk_wdt_feed       bk_common.o
    0x00023004   0x00023004   0x00000098   Code   RO         2712    i.ble_data_unpack   tuya_ble_data_handler.o
    0x0002309c   0x0002309c   0x0000000a   Code   RO          606    i.bonding_conn_outtime_cb  lock_timer.o
    0x000230a6   0x000230a6   0x0000000a   Code   RO          607    i.bonding_conn_outtime_cb_handler  lock_timer.o
    0x000230b0   0x000230b0   0x00000050   Code   RO         3531    i.byte_str_concatenate  fpe_str.o
    0x00023100   0x00023100   0x0000004c   Code   RO         3532    i.byte_str_copy_of_range  fpe_str.o
    0x0002314c   0x0002314c   0x00000004   Code   RO         3533    i.byte_str_to_num   fpe_str.o
    0x00023150   0x00023150   0x0000001c   Code   RO         3408    i.calcb             ff1.o
    0x0002316c   0x0002316c   0x0000004a   Code   RO         3409    i.calcc             ff1.o
    0x000231b6   0x000231b6   0x0000000e   Code   RO         3410    i.calcd             ff1.o
    0x000231c4   0x000231c4   0x00000016   Code   RO         3496    i.ceil2             fpe_math.o
    0x000231da   0x000231da   0x00000018   Code   RO         2205    i.check_sum         tuya_ble_utils.o
    0x000231f2   0x000231f2   0x00000002   PAD
    0x000231f4   0x000231f4   0x00000010   Code   RO         5721    i.check_uart_stop   uart.o
    0x00023204   0x00023204   0x00000064   Code   RO         5361    i.clr_flash_qwfr    flash.o
    0x00023268   0x00023268   0x0000000a   Code   RO          608    i.communication_monitor_outtime_cb  lock_timer.o
    0x00023272   0x00023272   0x00000002   PAD
    0x00023274   0x00023274   0x000000a0   Code   RO          609    i.communication_monitor_outtime_cb_handler  lock_timer.o
    0x00023314   0x00023314   0x0000000a   Code   RO          610    i.conn_monitor_outtime_cb  lock_timer.o
    0x0002331e   0x0002331e   0x00000002   PAD
    0x00023320   0x00023320   0x000000a4   Code   RO          611    i.conn_monitor_outtime_cb_handler  lock_timer.o
    0x000233c4   0x000233c4   0x0000000a   Code   RO          612    i.conn_param_update_outtime_cb  lock_timer.o
    0x000233ce   0x000233ce   0x00000002   PAD
    0x000233d0   0x000233d0   0x00000014   Code   RO          613    i.conn_param_update_outtime_cb_handler  lock_timer.o
    0x000233e4   0x000233e4   0x0000001a   Code   RO         2956    i.cpt_check_sum     cpt_math.o
    0x000233fe   0x000233fe   0x00000002   PAD
    0x00023400   0x00023400   0x0000003c   Code   RO         2958    i.cpt_crc16_compute  cpt_math.o
    0x0002343c   0x0002343c   0x0000003c   Code   RO         2959    i.cpt_crc32_compute  cpt_math.o
    0x00023478   0x00023478   0x00000024   Code   RO         2960    i.cpt_num_array_2_int  cpt_math.o
    0x0002349c   0x0002349c   0x0000001e   Code   RO         2961    i.cpt_reverse_byte  cpt_math.o
    0x000234ba   0x000234ba   0x00000008   Code   RO         5203    i.cpu_idle_sleep    icu.o
    0x000234c2   0x000234c2   0x00000002   PAD
    0x000234c4   0x000234c4   0x00000054   Code   RO         5204    i.cpu_reduce_voltage_sleep  icu.o
    0x00023518   0x00023518   0x00000040   Code   RO         5205    i.cpu_wakeup        icu.o
    0x00023558   0x00023558   0x0000001c   Code   RO         3534    i.create_byte_str   fpe_str.o
    0x00023574   0x00023574   0x000000d4   Code   RO         2838    i.data_2_klvlist    tuya_ble_mutli_tsf_protocol.o
    0x00023648   0x00023648   0x00000118   Code   RO          403    i.data_passthrough_handler  lock_dp_parser.o
    0x00023760   0x00023760   0x0000029c   Code   RO         3411    i.decrypt           ff1.o
    0x000239fc   0x000239fc   0x0000000a   Code   RO          614    i.delay_report_outtime_cb  lock_timer.o
    0x00023a06   0x00023a06   0x00000008   Code   RO          615    i.delay_report_outtime_cb_handler  lock_timer.o
    0x00023a0e   0x00023a0e   0x00000002   PAD
    0x00023a10   0x00023a10   0x00000050   Code   RO          507    i.delay_report_outtime_handler  lock_dp_report.o
    0x00023a60   0x00023a60   0x00000180   Code   RO         3759    i.elog_hexdump      elog.o
    0x00023be0   0x00023be0   0x00000028   Code   RO         3760    i.elog_init         elog.o
    0x00023c08   0x00023c08   0x00000350   Code   RO         3761    i.elog_output       elog.o
    0x00023f58   0x00023f58   0x0000001c   Code   RO         3762    i.elog_output_lock  elog.o
    0x00023f74   0x00023f74   0x0000002c   Code   RO         3763    i.elog_output_lock_enabled  elog.o
    0x00023fa0   0x00023fa0   0x0000001c   Code   RO         3764    i.elog_output_unlock  elog.o
    0x00023fbc   0x00023fbc   0x00000010   Code   RO         3927    i.elog_port_get_p_info  elog_port.o
    0x00023fcc   0x00023fcc   0x0000000c   Code   RO         3928    i.elog_port_get_t_info  elog_port.o
    0x00023fd8   0x00023fd8   0x00000010   Code   RO         3929    i.elog_port_get_time  elog_port.o
    0x00023fe8   0x00023fe8   0x00000004   Code   RO         3930    i.elog_port_init    elog_port.o
    0x00023fec   0x00023fec   0x00000014   Code   RO         3931    i.elog_port_output  elog_port.o
    0x00024000   0x00024000   0x00000008   Code   RO         3932    i.elog_port_output_lock  elog_port.o
    0x00024008   0x00024008   0x00000008   Code   RO         3933    i.elog_port_output_unlock  elog_port.o
    0x00024010   0x00024010   0x000000cc   Code   RO         3768    i.elog_set_filter_lvl  elog.o
    0x000240dc   0x000240dc   0x000000d8   Code   RO         3770    i.elog_set_fmt      elog.o
    0x000241b4   0x000241b4   0x000000a0   Code   RO         3772    i.elog_start        elog.o
    0x00024254   0x00024254   0x00000114   Code   RO         3904    i.elog_strcpy       elog_utils.o
    0x00024368   0x00024368   0x00000018   Code   RO         5498    i.emi_init          emi.o
    0x00024380   0x00024380   0x00000084   Code   RO         1346    i.factory_test_process  app_test.o
    0x00024404   0x00024404   0x0000000e   Code   RO         6298    i.fff0s_cleanup     fff0s.o
    0x00024412   0x00024412   0x0000000e   Code   RO         6299    i.fff0s_create      fff0s.o
    0x00024420   0x00024420   0x0000001c   Code   RO         6300    i.fff0s_destroy     fff0s.o
    0x0002443c   0x0002443c   0x00000004   Code   RO         6518    i.fff0s_fff1_level_ntf_cfg_ind_handler  app_fff0.o
    0x00024440   0x00024440   0x00000038   Code   RO         6376    i.fff0s_fff1_level_upd_req_handler  fff0s_task.o
    0x00024478   0x00024478   0x00000032   Code   RO         6301    i.fff0s_get_att_handle  fff0s.o
    0x000244aa   0x000244aa   0x0000003e   Code   RO         6302    i.fff0s_get_att_idx  fff0s.o
    0x000244e8   0x000244e8   0x000000b0   Code   RO         6303    i.fff0s_init        fff0s.o
    0x00024598   0x00024598   0x00000040   Code   RO         6304    i.fff0s_notify_fff1_lvl  fff0s.o
    0x000245d8   0x000245d8   0x00000008   Code   RO         6305    i.fff0s_prf_itf_get  fff0s.o
    0x000245e0   0x000245e0   0x00000004   Code   RO         6519    i.fff1_level_upd_handler  app_fff0.o
    0x000245e4   0x000245e4   0x00000010   Code   RO         6520    i.fff2_writer_req_handler  app_fff0.o
    0x000245f4   0x000245f4   0x0000007c   Code   RO         5362    i.flash_advance_init  flash.o
    0x00024670   0x00024670   0x000000b8   Code   RO         5363    i.flash_erase       flash.o
    0x00024728   0x00024728   0x0000003c   Code   RO         5364    i.flash_erase_sector  flash.o
    0x00024764   0x00024764   0x0000002c   Code   RO         5365    i.flash_init        flash.o
    0x00024790   0x00024790   0x0000002e   Code   RO         5366    i.flash_read        flash.o
    0x000247be   0x000247be   0x00000002   PAD
    0x000247c0   0x000247c0   0x0000008c   Code   RO         5367    i.flash_read_data   flash.o
    0x0002484c   0x0002484c   0x00000024   Code   RO         5368    i.flash_read_sr     flash.o
    0x00024870   0x00024870   0x00000024   Code   RO         5369    i.flash_set_dual_mode  flash.o
    0x00024894   0x00024894   0x00000060   Code   RO         5373    i.flash_wp_ALL      flash.o
    0x000248f4   0x000248f4   0x00000060   Code   RO         5374    i.flash_wp_NONE     flash.o
    0x00024954   0x00024954   0x0000007c   Code   RO         5375    i.flash_write       flash.o
    0x000249d0   0x000249d0   0x000000d8   Code   RO         5376    i.flash_write_data  flash.o
    0x00024aa8   0x00024aa8   0x000000d0   Code   RO         5377    i.flash_write_sr    flash.o
    0x00024b78   0x00024b78   0x00000070   Code   RO         3477    i.fpe_decrypt       fpe_decrypt.o
    0x00024be8   0x00024be8   0x00000012   Code   RO         3497    i.fpe_int_pow       fpe_math.o
    0x00024bfa   0x00024bfa   0x00000010   Code   RO         3498    i.fpe_mod           fpe_math.o
    0x00024c0a   0x00024c0a   0x00000020   Code   RO         3499    i.fpe_mod_pow       fpe_math.o
    0x00024c2a   0x00024c2a   0x00000056   Code   RO         3500    i.fpe_mod_pow_radix  fpe_math.o
    0x00024c80   0x00024c80   0x0000001c   Code   RO         2840    i.free_klv_list     tuya_ble_mutli_tsf_protocol.o
    0x00024c9c   0x00024c9c   0x00000160   Code   RO         6606    i.gapc_cmp_evt_handler  app_task.o
    0x00024dfc   0x00024dfc   0x00000094   Code   RO         6607    i.gapc_connection_req_ind_handler  app_task.o
    0x00024e90   0x00024e90   0x00000078   Code   RO         6608    i.gapc_disconnect_ind_handler  app_task.o
    0x00024f08   0x00024f08   0x00000070   Code   RO         6609    i.gapc_get_dev_info_req_ind_handler  app_task.o
    0x00024f78   0x00024f78   0x000000f4   Code   RO         6610    i.gapc_le_pkt_size_ind_handler  app_task.o
    0x0002506c   0x0002506c   0x00000068   Code   RO         6611    i.gapc_param_update_req_ind_handler  app_task.o
    0x000250d4   0x000250d4   0x000000ac   Code   RO         6612    i.gapc_param_updated_ind_handler  app_task.o
    0x00025180   0x00025180   0x00000024   Code   RO         6613    i.gapc_set_dev_info_req_ind_handler  app_task.o
    0x000251a4   0x000251a4   0x00000118   Code   RO         6614    i.gapm_cmp_evt_handler  app_task.o
    0x000252bc   0x000252bc   0x00000020   Code   RO         6615    i.gapm_device_ready_ind_handler  app_task.o
    0x000252dc   0x000252dc   0x0000000c   Code   RO         6616    i.gapm_profile_added_ind_handler  app_task.o
    0x000252e8   0x000252e8   0x00000050   Code   RO         6377    i.gattc_att_info_req_ind_handler  fff0s_task.o
    0x00025338   0x00025338   0x00000022   Code   RO         6378    i.gattc_cmp_evt_handler  fff0s_task.o
    0x0002535a   0x0002535a   0x00000002   PAD
    0x0002535c   0x0002535c   0x00000078   Code   RO         6617    i.gattc_mtu_changed_ind_handler  app_task.o
    0x000253d4   0x000253d4   0x00000090   Code   RO         6379    i.gattc_read_req_ind_handler  fff0s_task.o
    0x00025464   0x00025464   0x000000d8   Code   RO         6380    i.gattc_write_req_ind_handler  fff0s_task.o
    0x0002553c   0x0002553c   0x0000002c   Code   RO         5378    i.get_flash_ID      flash.o
    0x00025568   0x00025568   0x000000dc   Code   RO         3773    i.get_fmt_enabled   elog.o
    0x00025644   0x00025644   0x000000f8   Code   RO          750    i.get_timer_string  lock_dynamic_pwd.o
    0x0002573c   0x0002573c   0x00000004   Code   RO         2844    i.get_trsmitr_subpkg  tuya_ble_mutli_tsf_protocol.o
    0x00025740   0x00025740   0x00000004   Code   RO         2845    i.get_trsmitr_subpkg_len  tuya_ble_mutli_tsf_protocol.o
    0x00025744   0x00025744   0x00000010   Code   RO         5271    i.gpio_cb_register  gpio.o
    0x00025754   0x00025754   0x00000094   Code   RO         5272    i.gpio_config       gpio.o
    0x000257e8   0x000257e8   0x00000020   Code   RO         5273    i.gpio_get_input    gpio.o
    0x00025808   0x00025808   0x00000034   Code   RO         5275    i.gpio_isr          gpio.o
    0x0002583c   0x0002583c   0x00000028   Code   RO         5276    i.gpio_set          gpio.o
    0x00025864   0x00025864   0x0000000c   Code   RO         5206    i.icu_get_sleep_mode  icu.o
    0x00025870   0x00025870   0x0000005c   Code   RO         5207    i.icu_init          icu.o
    0x000258cc   0x000258cc   0x00000128   Code   RO         5949    i.init_analog_xvr_reg  rf_xvr.o
    0x000259f4   0x000259f4   0x0000017c   Code   RO         5950    i.initial_xver_BK3435V2_openLoop  rf_xvr.o
    0x00025b70   0x00025b70   0x00000024   Code   RO         5549    i.intc_init         intc.o
    0x00025b94   0x00025b94   0x00000052   Code   RO          847    i.is_offline_pwd_exist  lock_offline_pwd.o
    0x00025be6   0x00025be6   0x00000002   PAD
    0x00025be8   0x00025be8   0x00000124   Code   RO         5951    i.kmod_calibration  rf_xvr.o
    0x00025d0c   0x00025d0c   0x00000038   Code   RO          508    i.lock_alarm_record_report  lock_dp_report.o
    0x00025d44   0x00025d44   0x0000004c   Code   RO            5    i.lock_common_init  lock_common.o
    0x00025d90   0x00025d90   0x000007cc   Code   RO          404    i.lock_dp_parser_handler  lock_dp_parser.o
    0x0002655c   0x0002655c   0x00000020   Code   RO          753    i.lock_dynamic_pwd_verify  lock_dynamic_pwd.o
    0x0002657c   0x0002657c   0x00000014   Code   RO          994    i.lock_evt_delete   app_flash.o
    0x00026590   0x00026590   0x00000016   Code   RO          996    i.lock_evt_load     app_flash.o
    0x000265a6   0x000265a6   0x00000002   PAD
    0x000265a8   0x000265a8   0x000000d8   Code   RO          997    i.lock_evt_save     app_flash.o
    0x00026680   0x00026680   0x00000018   Code   RO          998    i.lock_evtid_load   app_flash.o
    0x00026698   0x00026698   0x00000010   Code   RO          999    i.lock_evtid_save   app_flash.o
    0x000266a8   0x000266a8   0x00000010   Code   RO            6    i.lock_factory_handler  lock_common.o
    0x000266b8   0x000266b8   0x0000000a   Code   RO         1000    i.lock_flash_erease_all  app_flash.o
    0x000266c2   0x000266c2   0x00000002   PAD
    0x000266c4   0x000266c4   0x00000064   Code   RO         1001    i.lock_flash_init   app_flash.o
    0x00026728   0x00026728   0x0000003c   Code   RO         1002    i.lock_get_hardid   app_flash.o
    0x00026764   0x00026764   0x00000020   Code   RO          509    i.lock_hard_creat_sub_report  lock_dp_report.o
    0x00026784   0x00026784   0x00000024   Code   RO          510    i.lock_hard_creat_sub_report_with_delay  lock_dp_report.o
    0x000267a8   0x000267a8   0x00000034   Code   RO         1004    i.lock_hard_delete  app_flash.o
    0x000267dc   0x000267dc   0x00000070   Code   RO         1006    i.lock_hard_delete_all_by_memberid  app_flash.o
    0x0002684c   0x0002684c   0x00000002   Code   RO          330    i.lock_hard_doorcard_cancel_reg  lock_hard.o
    0x0002684e   0x0002684e   0x00000004   Code   RO          331    i.lock_hard_doorcard_delete  lock_hard.o
    0x00026852   0x00026852   0x00000002   Code   RO          332    i.lock_hard_doorcard_start_reg  lock_hard.o
    0x00026854   0x00026854   0x00000002   Code   RO          333    i.lock_hard_face_cancel_reg  lock_hard.o
    0x00026856   0x00026856   0x00000004   Code   RO          334    i.lock_hard_face_delete  lock_hard.o
    0x0002685a   0x0002685a   0x00000002   Code   RO          335    i.lock_hard_face_start_reg  lock_hard.o
    0x0002685c   0x0002685c   0x00000002   Code   RO          336    i.lock_hard_finger_cancel_reg  lock_hard.o
    0x0002685e   0x0002685e   0x00000004   Code   RO          337    i.lock_hard_finger_delete  lock_hard.o
    0x00026862   0x00026862   0x00000002   Code   RO          338    i.lock_hard_finger_start_reg  lock_hard.o
    0x00026864   0x00026864   0x0000001e   Code   RO         1007    i.lock_hard_freezeorunfreeze  app_flash.o
    0x00026882   0x00026882   0x00000002   PAD
    0x00026884   0x00026884   0x0000004c   Code   RO         1008    i.lock_hard_freezeorunfreeze_all_by_memberid  app_flash.o
    0x000268d0   0x000268d0   0x00000018   Code   RO         1009    i.lock_hard_load    app_flash.o
    0x000268e8   0x000268e8   0x00000054   Code   RO         1011    i.lock_hard_modify_all_by_memberid  app_flash.o
    0x0002693c   0x0002693c   0x00000054   Code   RO         1012    i.lock_hard_modify_in_local_flash  app_flash.o
    0x00026990   0x00026990   0x00000038   Code   RO         1013    i.lock_hard_save    app_flash.o
    0x000269c8   0x000269c8   0x000000a4   Code   RO         1014    i.lock_hard_save_in_local_flash  app_flash.o
    0x00026a6c   0x00026a6c   0x000006f8   Code   RO          339    i.lock_hard_uart_simulate  lock_hard.o
    0x00027164   0x00027164   0x0000006c   Code   RO         1016    i.lock_hardid_load_by_memberid  app_flash.o
    0x000271d0   0x000271d0   0x0000000c   Code   RO         1017    i.lock_last_evtid   app_flash.o
    0x000271dc   0x000271dc   0x00000034   Code   RO         1018    i.lock_master_info_delete  app_flash.o
    0x00027210   0x00027210   0x00000034   Code   RO         1020    i.lock_master_info_is_empty  app_flash.o
    0x00027244   0x00027244   0x00000028   Code   RO         1021    i.lock_master_info_load  app_flash.o
    0x0002726c   0x0002726c   0x0000002c   Code   RO         1022    i.lock_master_info_masterid_is_exist  app_flash.o
    0x00027298   0x00027298   0x0000003c   Code   RO         1023    i.lock_master_info_masterid_srand_is_exist  app_flash.o
    0x000272d4   0x000272d4   0x00000068   Code   RO         1024    i.lock_master_info_save  app_flash.o
    0x0002733c   0x0002733c   0x000000fc   Code   RO          511    i.lock_offline_evt_report  lock_dp_report.o
    0x00027438   0x00027438   0x000001cc   Code   RO          848    i.lock_offline_pwd_calculate_T2_T3  lock_offline_pwd.o
    0x00027604   0x00027604   0x00000200   Code   RO          849    i.lock_offline_pwd_clear  lock_offline_pwd.o
    0x00027804   0x00027804   0x00000240   Code   RO          852    i.lock_offline_pwd_find  lock_offline_pwd.o
    0x00027a44   0x00027a44   0x00000094   Code   RO          853    i.lock_offline_pwd_get_T0  lock_offline_pwd.o
    0x00027ad8   0x00027ad8   0x0000001e   Code   RO          854    i.lock_offline_pwd_load  lock_offline_pwd.o
    0x00027af6   0x00027af6   0x0000001e   Code   RO          855    i.lock_offline_pwd_save  lock_offline_pwd.o
    0x00027b14   0x00027b14   0x000000cc   Code   RO          856    i.lock_offline_pwd_set_T0  lock_offline_pwd.o
    0x00027be0   0x00027be0   0x00000070   Code   RO          857    i.lock_offline_pwd_storage_calculate_T2_T3  lock_offline_pwd.o
    0x00027c50   0x00027c50   0x0000058c   Code   RO          858    i.lock_offline_pwd_verify  lock_offline_pwd.o
    0x000281dc   0x000281dc   0x00000160   Code   RO          512    i.lock_open_meth_sync_new_report  lock_dp_report.o
    0x0002833c   0x0002833c   0x00000038   Code   RO          513    i.lock_open_record_combine_report  lock_dp_report.o
    0x00028374   0x00028374   0x00000054   Code   RO          514    i.lock_open_record_report  lock_dp_report.o
    0x000283c8   0x000283c8   0x00000058   Code   RO          515    i.lock_open_record_report_common  lock_dp_report.o
    0x00028420   0x00028420   0x00000030   Code   RO          516    i.lock_open_record_report_common_with_delay  lock_dp_report.o
    0x00028450   0x00028450   0x00000040   Code   RO          517    i.lock_open_record_report_offline_pwd  lock_dp_report.o
    0x00028490   0x00028490   0x00000024   Code   RO          518    i.lock_open_record_report_with_delay  lock_dp_report.o
    0x000284b4   0x000284b4   0x00000094   Code   RO            7    i.lock_open_with_bt  lock_common.o
    0x00028548   0x00028548   0x00000098   Code   RO            8    i.lock_open_with_master  lock_common.o
    0x000285e0   0x000285e0   0x0000009c   Code   RO            9    i.lock_open_with_nopwd_remote  lock_common.o
    0x0002867c   0x0002867c   0x000000e8   Code   RO         4360    i.lock_play_music   bk_gpio.o
    0x00028764   0x00028764   0x0000009c   Code   RO           10    i.lock_remote_anti_lock  lock_common.o
    0x00028800   0x00028800   0x00000058   Code   RO         1026    i.lock_settings_default  app_flash.o
    0x00028858   0x00028858   0x00000014   Code   RO         1028    i.lock_settings_load  app_flash.o
    0x0002886c   0x0002886c   0x00000014   Code   RO         1029    i.lock_settings_save  app_flash.o
    0x00028880   0x00028880   0x00000014   Code   RO         1030    i.lock_slave_info_load  app_flash.o
    0x00028894   0x00028894   0x00000014   Code   RO         1031    i.lock_slave_info_save  app_flash.o
    0x000288a8   0x000288a8   0x00000084   Code   RO          519    i.lock_state_sync_report  lock_dp_report.o
    0x0002892c   0x0002892c   0x00000088   Code   RO          924    i.lock_test_mode_exit  lock_test.o
    0x000289b4   0x000289b4   0x00000348   Code   RO          925    i.lock_test_process  lock_test.o
    0x00028cfc   0x00028cfc   0x00000050   Code   RO          926    i.lock_test_rsp     lock_test.o
    0x00028d4c   0x00028d4c   0x000000dc   Code   RO          616    i.lock_timer_creat  lock_timer.o
    0x00028e28   0x00028e28   0x0000001c   Code   RO          618    i.lock_timer_start  lock_timer.o
    0x00028e44   0x00028e44   0x0000001c   Code   RO          619    i.lock_timer_stop   lock_timer.o
    0x00028e60   0x00028e60   0x00000090   Code   RO         3176    i.mbedtls_aes_crypt_cbc  aes.o
    0x00028ef0   0x00028ef0   0x0000001c   Code   RO         3179    i.mbedtls_aes_crypt_ecb  aes.o
    0x00028f0c   0x00028f0c   0x00000010   Code   RO         3182    i.mbedtls_aes_free  aes.o
    0x00028f1c   0x00028f1c   0x0000000c   Code   RO         3183    i.mbedtls_aes_init  aes.o
    0x00028f28   0x00028f28   0x000000d0   Code   RO         3184    i.mbedtls_aes_setkey_dec  aes.o
    0x00028ff8   0x00028ff8   0x0000019c   Code   RO         3185    i.mbedtls_aes_setkey_enc  aes.o
    0x00029194   0x00029194   0x00000408   Code   RO         3186    i.mbedtls_internal_aes_decrypt  aes.o
    0x0002959c   0x0002959c   0x0000040c   Code   RO         3187    i.mbedtls_internal_aes_encrypt  aes.o
    0x000299a8   0x000299a8   0x00000848   Code   RO         3272    i.mbedtls_internal_md5_process  md5.o
    0x0002a1f0   0x0002a1f0   0x00000008   Code   RO         3275    i.mbedtls_md5_finish  md5.o
    0x0002a1f8   0x0002a1f8   0x000000de   Code   RO         3276    i.mbedtls_md5_finish_ret  md5.o
    0x0002a2d6   0x0002a2d6   0x0000000e   Code   RO         3277    i.mbedtls_md5_free  md5.o
    0x0002a2e4   0x0002a2e4   0x0000000a   Code   RO         3278    i.mbedtls_md5_init  md5.o
    0x0002a2ee   0x0002a2ee   0x00000008   Code   RO         3281    i.mbedtls_md5_starts  md5.o
    0x0002a2f6   0x0002a2f6   0x00000002   PAD
    0x0002a2f8   0x0002a2f8   0x00000028   Code   RO         3282    i.mbedtls_md5_starts_ret  md5.o
    0x0002a320   0x0002a320   0x00000008   Code   RO         3283    i.mbedtls_md5_update  md5.o
    0x0002a328   0x0002a328   0x0000007c   Code   RO         3284    i.mbedtls_md5_update_ret  md5.o
    0x0002a3a4   0x0002a3a4   0x00000010   Code   RO         3372    i.mbedtls_platform_zeroize  platform_util.o
    0x0002a3b4   0x0002a3b4   0x00000050   Code   RO         3535    i.num_str_concatenate  fpe_str.o
    0x0002a404   0x0002a404   0x00000040   Code   RO         3536    i.num_str_copy_of_range  fpe_str.o
    0x0002a444   0x0002a444   0x0000001e   Code   RO         3537    i.num_str_to_num    fpe_str.o
    0x0002a462   0x0002a462   0x00000036   Code   RO         3538    i.num_to_num_str    fpe_str.o
    0x0002a498   0x0002a498   0x0000000a   Code   RO         3604    i.nv_erase          sf_nv.o
    0x0002a4a2   0x0002a4a2   0x00000002   PAD
    0x0002a4a4   0x0002a4a4   0x000000d4   Code   RO         3605    i.nv_read           sf_nv.o
    0x0002a578   0x0002a578   0x000000d8   Code   RO         3606    i.nv_write          sf_nv.o
    0x0002a650   0x0002a650   0x0000040c   Code   RO          405    i.open_meth_creat_handler  lock_dp_parser.o
    0x0002aa5c   0x0002aa5c   0x000001a0   Code   RO          406    i.open_meth_delete_handler  lock_dp_parser.o
    0x0002abfc   0x0002abfc   0x00000020   Code   RO          407    i.open_meth_freeze_or_unfreeze_handler  lock_dp_parser.o
    0x0002ac1c   0x0002ac1c   0x00000188   Code   RO          408    i.open_meth_modify_handler  lock_dp_parser.o
    0x0002ada4   0x0002ada4   0x00000174   Code   RO          409    i.open_meth_sync_handler  lock_dp_parser.o
    0x0002af18   0x0002af18   0x0000007c   Code   RO          410    i.open_meth_sync_new_handler  lock_dp_parser.o
    0x0002af94   0x0002af94   0x000001b8   Code   RO          411    i.open_with_master_handler  lock_dp_parser.o
    0x0002b14c   0x0002b14c   0x000001bc   Code   RO          412    i.open_with_nopwd_remote_handler  lock_dp_parser.o
    0x0002b308   0x0002b308   0x000000d8   Code   RO          413    i.open_with_nopwd_remote_setkey_handler  lock_dp_parser.o
    0x0002b3e0   0x0002b3e0   0x00000198   Code   RO          414    i.open_with_remote_setkey_handler  lock_dp_parser.o
    0x0002b578   0x0002b578   0x0000006c   Code   RO         4603    i.platform_reset    arch_main.o
    0x0002b5e4   0x0002b5e4   0x00000eb4   Code   RO         7084    i.pow               m_5s.l(pow.o)
    0x0002c498   0x0002c498   0x00000088   Code   RO         3455    i.prf               fpe_cipher.o
    0x0002c520   0x0002c520   0x00000088   Code   RO         6181    i.prf_add_profile   prf.o
    0x0002c5a8   0x0002c5a8   0x00000034   Code   RO         6182    i.prf_cleanup       prf.o
    0x0002c5dc   0x0002c5dc   0x00000030   Code   RO         6183    i.prf_create        prf.o
    0x0002c60c   0x0002c60c   0x00000010   Code   RO         6184    i.prf_dst_task_get  prf.o
    0x0002c61c   0x0002c61c   0x00000030   Code   RO         6185    i.prf_env_get       prf.o
    0x0002c64c   0x0002c64c   0x00000038   Code   RO         6186    i.prf_get_id_from_task  prf.o
    0x0002c684   0x0002c684   0x00000038   Code   RO         6187    i.prf_get_task_from_id  prf.o
    0x0002c6bc   0x0002c6bc   0x00000074   Code   RO         6188    i.prf_init          prf.o
    0x0002c730   0x0002c730   0x00000014   Code   RO         6189    i.prf_itf_get       prf.o
    0x0002c744   0x0002c744   0x00000010   Code   RO         6190    i.prf_src_task_get  prf.o
    0x0002c754   0x0002c754   0x00000044   Code   RO         2350    i.prvHeapInit       tuya_ble_heap.o
    0x0002c798   0x0002c798   0x0000004c   Code   RO         2351    i.prvInsertBlockIntoFreeList  tuya_ble_heap.o
    0x0002c7e4   0x0002c7e4   0x00000098   Code   RO         2352    i.pvTuyaPortMalloc  tuya_ble_heap.o
    0x0002c87c   0x0002c87c   0x00000020   Code   RO         5606    i.pwm_disable       pwm.o
    0x0002c89c   0x0002c89c   0x00000018   Code   RO         5607    i.pwm_enable        pwm.o
    0x0002c8b4   0x0002c8b4   0x000000dc   Code   RO         5608    i.pwm_init          pwm.o
    0x0002c990   0x0002c990   0x0000003c   Code   RO         5612    i.pwm_isr           pwm.o
    0x0002c9cc   0x0002c9cc   0x0000000c   Code   RO         3539    i.release_str       fpe_str.o
    0x0002c9d8   0x0002c9d8   0x0000000a   Code   RO          620    i.reset_with_disconn2_outtime_cb  lock_timer.o
    0x0002c9e2   0x0002c9e2   0x00000008   Code   RO          621    i.reset_with_disconn2_outtime_cb_handler  lock_timer.o
    0x0002c9ea   0x0002c9ea   0x0000000a   Code   RO          622    i.reset_with_disconn_outtime_cb  lock_timer.o
    0x0002c9f4   0x0002c9f4   0x0000000e   Code   RO          623    i.reset_with_disconn_outtime_cb_handler  lock_timer.o
    0x0002ca02   0x0002ca02   0x00000002   PAD
    0x0002ca04   0x0002ca04   0x00000014   Code   RO         5952    i.rf_force_agc_enable  rf_xvr.o
    0x0002ca18   0x0002ca18   0x00000048   Code   RO         5953    i.rf_init           rf_xvr.o
    0x0002ca60   0x0002ca60   0x00000002   Code   RO         5954    i.rf_reset          rf_xvr.o
    0x0002ca62   0x0002ca62   0x00000004   Code   RO         5955    i.rf_rpl_reg_rd     rf_xvr.o
    0x0002ca66   0x0002ca66   0x00000004   Code   RO         5956    i.rf_rpl_reg_wr     rf_xvr.o
    0x0002ca6a   0x0002ca6a   0x0000000a   Code   RO         5957    i.rf_rssi_convert   rf_xvr.o
    0x0002ca74   0x0002ca74   0x0000000e   Code   RO         5958    i.rf_sleep          rf_xvr.o
    0x0002ca82   0x0002ca82   0x00000004   Code   RO         5959    i.rf_txpwr_dbm_get  rf_xvr.o
    0x0002ca86   0x0002ca86   0x00000002   PAD
    0x0002ca88   0x0002ca88   0x000000a4   Code   RO         4605    i.rom_env_init      arch_main.o
    0x0002cb2c   0x0002cb2c   0x00000074   Code   RO         6112    i.rtc_alarm_init    rtc.o
    0x0002cba0   0x0002cba0   0x00000024   Code   RO         6118    i.rtc_isr           rtc.o
    0x0002cbc4   0x0002cbc4   0x00000068   Code   RO         4606    i.rw_app_enter      arch_main.o
    0x0002cc2c   0x0002cc2c   0x00000008   Ven    RO         4608    i.rw_main           arch_main.o
    0x0002cc34   0x0002cc34   0x00000190   Code   RO         4608    i.rw_main           arch_main.o
    0x0002cdc4   0x0002cdc4   0x0000001c   Code   RO         4934    i.rwble_hl_init     rwble_hl.o
    0x0002cde0   0x0002cde0   0x0000001c   Code   RO         4935    i.rwble_hl_reset    rwble_hl.o
    0x0002cdfc   0x0002cdfc   0x0000001c   Code   RO         4787    i.rwble_init        rwble.o
    0x0002ce18   0x0002ce18   0x000000fc   Code   RO         4788    i.rwble_isr         rwble.o
    0x0002cf14   0x0002cf14   0x00000056   Code   RO         4789    i.rwble_reset       rwble.o
    0x0002cf6a   0x0002cf6a   0x00000002   PAD
    0x0002cf6c   0x0002cf6c   0x00000014   Code   RO         4790    i.rwble_sleep_check  rwble.o
    0x0002cf80   0x0002cf80   0x00000022   Code   RO         5026    i.rwip_check_wakeup_boundary  rwip.o
    0x0002cfa2   0x0002cfa2   0x00000002   PAD
    0x0002cfa4   0x0002cfa4   0x00000028   Code   RO         4609    i.rwip_eif_api_init  arch_main.o
    0x0002cfcc   0x0002cfcc   0x00000014   Code   RO         4610    i.rwip_eif_get      arch_main.o
    0x0002cfe0   0x0002cfe0   0x000000d4   Code   RO         5028    i.rwip_init         rwip.o
    0x0002d0b4   0x0002d0b4   0x00000030   Code   RO         5029    i.rwip_prevent_sleep_clear  rwip.o
    0x0002d0e4   0x0002d0e4   0x00000030   Code   RO         5031    i.rwip_prevent_sleep_set  rwip.o
    0x0002d114   0x0002d114   0x0000003c   Code   RO         5032    i.rwip_reset        rwip.o
    0x0002d150   0x0002d150   0x00000014   Code   RO         5033    i.rwip_schedule     rwip.o
    0x0002d164   0x0002d164   0x0000009c   Code   RO         5034    i.rwip_sleep        rwip.o
    0x0002d200   0x0002d200   0x00000024   Code   RO         5036    i.rwip_sleep_lpcycles_2_us  rwip.o
    0x0002d224   0x0002d224   0x00000010   Code   RO         5037    i.rwip_us_2_lpcycles  rwip.o
    0x0002d234   0x0002d234   0x00000012   Code   RO         5039    i.rwip_wakeup       rwip.o
    0x0002d246   0x0002d246   0x00000002   PAD
    0x0002d248   0x0002d248   0x00000010   Code   RO         5040    i.rwip_wakeup_delay_set  rwip.o
    0x0002d258   0x0002d258   0x00000028   Code   RO         5041    i.rwip_wakeup_end   rwip.o
    0x0002d280   0x0002d280   0x00000034   Code   RO         3727    i.sd_free           sf_mem.o
    0x0002d2b4   0x0002d2b4   0x00000050   Code   RO         3728    i.sd_malloc         sf_mem.o
    0x0002d304   0x0002d304   0x0000001c   Code   RO         3729    i.sd_mem_init       sf_mem.o
    0x0002d320   0x0002d320   0x00000030   Code   RO         5379    i.set_flash_clk     flash.o
    0x0002d350   0x0002d350   0x000001bc   Code   RO          415    i.set_master_srand_num_handler  lock_dp_parser.o
    0x0002d50c   0x0002d50c   0x0000000e   Code   RO         3673    i.sf_free           sf_port.o
    0x0002d51a   0x0002d51a   0x00000008   Code   RO         3676    i.sf_malloc         sf_port.o
    0x0002d522   0x0002d522   0x00000008   Code   RO         3677    i.sf_mem_init       sf_port.o
    0x0002d52a   0x0002d52a   0x00000002   PAD
    0x0002d52c   0x0002d52c   0x00000020   Code   RO         3607    i.sf_next_unit_addr  sf_nv.o
    0x0002d54c   0x0002d54c   0x000000b4   Code   RO         3608    i.sf_nv_delete      sf_nv.o
    0x0002d600   0x0002d600   0x00000170   Code   RO         3609    i.sf_nv_init        sf_nv.o
    0x0002d770   0x0002d770   0x000000d4   Code   RO         3610    i.sf_nv_read        sf_nv.o
    0x0002d844   0x0002d844   0x0000030c   Code   RO         3612    i.sf_nv_write       sf_nv.o
    0x0002db50   0x0002db50   0x0000000a   Code   RO         3678    i.sf_port_flash_erase  sf_port.o
    0x0002db5a   0x0002db5a   0x0000000a   Code   RO         3679    i.sf_port_flash_read  sf_port.o
    0x0002db64   0x0002db64   0x0000000a   Code   RO         3680    i.sf_port_flash_write  sf_port.o
    0x0002db6e   0x0002db6e   0x00000002   PAD
    0x0002db70   0x0002db70   0x00000064   Code   RO         7098    i.sqrt              m_5s.l(sqrt.o)
    0x0002dbd4   0x0002dbd4   0x000000a0   Code   RO         4363    i.suble_buzzer_start  bk_gpio.o
    0x0002dc74   0x0002dc74   0x0000000a   Code   RO         4364    i.suble_buzzer_stop  bk_gpio.o
    0x0002dc7e   0x0002dc7e   0x00000002   PAD
    0x0002dc80   0x0002dc80   0x00000104   Code   RO         4365    i.suble_buzzer_timeout_handler  bk_gpio.o
    0x0002dd84   0x0002dd84   0x00000008   Code   RO         4368    i.suble_gpio_get_input  bk_gpio.o
    0x0002dd8c   0x0002dd8c   0x00000030   Code   RO         4369    i.suble_gpio_get_output  bk_gpio.o
    0x0002ddbc   0x0002ddbc   0x00000030   Code   RO         4370    i.suble_gpio_init   bk_gpio.o
    0x0002ddec   0x0002ddec   0x0000000c   Code   RO         4371    i.suble_gpio_init_input  bk_gpio.o
    0x0002ddf8   0x0002ddf8   0x0000003c   Code   RO         4372    i.suble_gpio_init_output  bk_gpio.o
    0x0002de34   0x0002de34   0x00000094   Code   RO         4373    i.suble_gpio_int_config  bk_gpio.o
    0x0002dec8   0x0002dec8   0x0000000e   Code   RO         4374    i.suble_gpio_irq_cb  bk_gpio.o
    0x0002ded6   0x0002ded6   0x00000002   PAD
    0x0002ded8   0x0002ded8   0x00000044   Code   RO         4375    i.suble_gpio_irq_handler  bk_gpio.o
    0x0002df1c   0x0002df1c   0x0000001c   Code   RO         4376    i.suble_gpio_irq_init  bk_gpio.o
    0x0002df38   0x0002df38   0x0000000a   Code   RO         4377    i.suble_gpio_led_off  bk_gpio.o
    0x0002df42   0x0002df42   0x00000008   Code   RO         4379    i.suble_gpio_led_reverse  bk_gpio.o
    0x0002df4a   0x0002df4a   0x0000001a   Code   RO         4380    i.suble_gpio_reverse  bk_gpio.o
    0x0002df64   0x0002df64   0x0000001c   Code   RO         4381    i.suble_gpio_rled_blink  bk_gpio.o
    0x0002df80   0x0002df80   0x00000034   Code   RO         4383    i.suble_gpio_set    bk_gpio.o
    0x0002dfb4   0x0002dfb4   0x0000001c   Code   RO         4384    i.suble_key_state_handler  bk_gpio.o
    0x0002dfd0   0x0002dfd0   0x000000f4   Code   RO         4385    i.suble_key_timeout_handler  bk_gpio.o
    0x0002e0c4   0x0002e0c4   0x00000068   Code   RO         5209    i.switch_clk        icu.o
    0x0002e12c   0x0002e12c   0x0000000c   Code   RO         4611    i.sys_mode_init     arch_main.o
    0x0002e138   0x0002e138   0x00000022   Code   RO         2602    i.sys_settings_crc_ok  tuya_ble_storage.o
    0x0002e15a   0x0002e15a   0x00000002   PAD
    0x0002e15c   0x0002e15c   0x0000001c   Code   RO         5210    i.system_sleep_init  icu.o
    0x0002e178   0x0002e178   0x000000f4   Code   RO          416    i.temp_pw_creat_handler  lock_dp_parser.o
    0x0002e26c   0x0002e26c   0x000000e4   Code   RO          417    i.temp_pw_delete_handler  lock_dp_parser.o
    0x0002e350   0x0002e350   0x000000e4   Code   RO          418    i.temp_pw_modify_handler  lock_dp_parser.o
    0x0002e434   0x0002e434   0x00000002   Code   RO         5670    i.timer_init        timer.o
    0x0002e436   0x0002e436   0x0000002e   Code   RO         3540    i.to_byte_str       fpe_str.o
    0x0002e464   0x0002e464   0x00000048   Code   RO         3541    i.to_byte_str_with_bignum  fpe_str.o
    0x0002e4ac   0x0002e4ac   0x0000000a   Code   RO         2848    i.trsmitr_init      tuya_ble_mutli_tsf_protocol.o
    0x0002e4b6   0x0002e4b6   0x0000010c   Code   RO         2849    i.trsmitr_recv_pkg_decode  tuya_ble_mutli_tsf_protocol.o
    0x0002e5c2   0x0002e5c2   0x00000002   PAD
    0x0002e5c4   0x0002e5c4   0x000000fc   Code   RO         2850    i.trsmitr_send_pkg_encode  tuya_ble_mutli_tsf_protocol.o
    0x0002e6c0   0x0002e6c0   0x00000044   Code   RO         6820    i.tuya_ble_Add_Pkcs  tuya_ble_sdk_bk3431q.lib(tuya_ble_cryption_api.o)
    0x0002e704   0x0002e704   0x000000f8   Code   RO         2402    i.tuya_ble_adv_change  tuya_ble_main.o
    0x0002e7fc   0x0002e7fc   0x00000042   Code   RO         1673    i.tuya_ble_aes128_cbc_decrypt  tuya_ble_port_bk3431q.o
    0x0002e83e   0x0002e83e   0x00000042   Code   RO         1674    i.tuya_ble_aes128_cbc_encrypt  tuya_ble_port_bk3431q.o
    0x0002e880   0x0002e880   0x0000004c   Code   RO         1676    i.tuya_ble_aes128_ecb_encrypt  tuya_ble_port_bk3431q.o
    0x0002e8cc   0x0002e8cc   0x00000008   Code   RO         1677    i.tuya_ble_app_production_test_process  tuya_ble_port_bk3431q.o
    0x0002e8d4   0x0002e8d4   0x00000030   Code   RO         1888    i.tuya_ble_callback_queue_register  tuya_ble_api.o
    0x0002e904   0x0002e904   0x0000002c   Code   RO         2403    i.tuya_ble_cb_event_send  tuya_ble_main.o
    0x0002e930   0x0002e930   0x000001c8   Code   RO         2713    i.tuya_ble_commData_send  tuya_ble_data_handler.o
    0x0002eaf8   0x0002eaf8   0x0000015c   Code   RO         2714    i.tuya_ble_commonData_rx_proc  tuya_ble_data_handler.o
    0x0002ec54   0x0002ec54   0x00000002   Code   RO         1889    i.tuya_ble_connect_monitor_timer_start  tuya_ble_api.o
    0x0002ec56   0x0002ec56   0x00000002   Code   RO         1890    i.tuya_ble_connect_monitor_timer_stop  tuya_ble_api.o
    0x0002ec58   0x0002ec58   0x0000000c   Code   RO         2404    i.tuya_ble_connect_status_get  tuya_ble_main.o
    0x0002ec64   0x0002ec64   0x00000018   Code   RO         2405    i.tuya_ble_connect_status_set  tuya_ble_main.o
    0x0002ec7c   0x0002ec7c   0x00000016   Code   RO         1891    i.tuya_ble_connected_handler  tuya_ble_api.o
    0x0002ec92   0x0002ec92   0x00000002   PAD
    0x0002ec94   0x0002ec94   0x0000003c   Code   RO         2210    i.tuya_ble_crc16_compute  tuya_ble_utils.o
    0x0002ecd0   0x0002ecd0   0x0000003c   Code   RO         2211    i.tuya_ble_crc32_compute  tuya_ble_utils.o
    0x0002ed0c   0x0002ed0c   0x00000038   Code   RO         2406    i.tuya_ble_custom_event_send  tuya_ble_main.o
    0x0002ed44   0x0002ed44   0x0000009c   Code   RO         6821    i.tuya_ble_decryption  tuya_ble_sdk_bk3431q.lib(tuya_ble_cryption_api.o)
    0x0002ede0   0x0002ede0   0x00000008   Code   RO         1678    i.tuya_ble_device_delay_ms  tuya_ble_port_bk3431q.o
    0x0002ede8   0x0002ede8   0x00000008   Code   RO         1680    i.tuya_ble_device_enter_critical  tuya_ble_port_bk3431q.o
    0x0002edf0   0x0002edf0   0x00000008   Code   RO         1681    i.tuya_ble_device_exit_critical  tuya_ble_port_bk3431q.o
    0x0002edf8   0x0002edf8   0x0000001a   Code   RO         1893    i.tuya_ble_device_factory_reset  tuya_ble_api.o
    0x0002ee12   0x0002ee12   0x00000002   PAD
    0x0002ee14   0x0002ee14   0x00000060   Code   RO         6822    i.tuya_ble_device_id_encrypt  tuya_ble_sdk_bk3431q.lib(tuya_ble_cryption_api.o)
    0x0002ee74   0x0002ee74   0x0000000a   Code   RO         1682    i.tuya_ble_device_reset  tuya_ble_port_bk3431q.o
    0x0002ee7e   0x0002ee7e   0x00000002   PAD
    0x0002ee80   0x0002ee80   0x0000002c   Code   RO         2715    i.tuya_ble_device_unbond  tuya_ble_data_handler.o
    0x0002eeac   0x0002eeac   0x00000016   Code   RO         1897    i.tuya_ble_disconnected_handler  tuya_ble_api.o
    0x0002eec2   0x0002eec2   0x00000076   Code   RO         1898    i.tuya_ble_dp_data_report  tuya_ble_api.o
    0x0002ef38   0x0002ef38   0x00000078   Code   RO         1899    i.tuya_ble_dp_data_with_time_report  tuya_ble_api.o
    0x0002efb0   0x0002efb0   0x00000042   Code   RO         6823    i.tuya_ble_encrypt_old_with_key  tuya_ble_sdk_bk3431q.lib(tuya_ble_cryption_api.o)
    0x0002eff2   0x0002eff2   0x00000002   PAD
    0x0002eff4   0x0002eff4   0x0000009c   Code   RO         6824    i.tuya_ble_encryption  tuya_ble_sdk_bk3431q.lib(tuya_ble_cryption_api.o)
    0x0002f090   0x0002f090   0x00000020   Code   RO         2407    i.tuya_ble_event_init  tuya_ble_main.o
    0x0002f0b0   0x0002f0b0   0x000000fc   Code   RO         2408    i.tuya_ble_event_process  tuya_ble_main.o
    0x0002f1ac   0x0002f1ac   0x00000014   Code   RO         2557    i.tuya_ble_event_queue_init  tuya_ble_event.o
    0x0002f1c0   0x0002f1c0   0x00000020   Code   RO         2409    i.tuya_ble_event_send  tuya_ble_main.o
    0x0002f1e0   0x0002f1e0   0x00000170   Code   RO         2716    i.tuya_ble_evt_process  tuya_ble_data_handler.o
    0x0002f350   0x0002f350   0x0000000e   Code   RO         2516    i.tuya_ble_free     tuya_ble_mem.o
    0x0002f35e   0x0002f35e   0x00000002   PAD
    0x0002f360   0x0002f360   0x00000020   Code   RO         1684    i.tuya_ble_gap_advertising_adv_data_update  tuya_ble_port_bk3431q.o
    0x0002f380   0x0002f380   0x00000020   Code   RO         1685    i.tuya_ble_gap_advertising_scan_rsp_data_update  tuya_ble_port_bk3431q.o
    0x0002f3a0   0x0002f3a0   0x0000000a   Code   RO         1686    i.tuya_ble_gap_disconnect  tuya_ble_port_bk3431q.o
    0x0002f3aa   0x0002f3aa   0x0000002e   Code   RO         1900    i.tuya_ble_gatt_receive_data  tuya_ble_api.o
    0x0002f3d8   0x0002f3d8   0x00000010   Code   RO         1687    i.tuya_ble_gatt_send_data  tuya_ble_port_bk3431q.o
    0x0002f3e8   0x0002f3e8   0x0000009c   Code   RO         2717    i.tuya_ble_handle_ble_factory_test_req  tuya_ble_data_handler.o
    0x0002f484   0x0002f484   0x00000060   Code   RO         2410    i.tuya_ble_handle_connect_change_evt  tuya_ble_main.o
    0x0002f4e4   0x0002f4e4   0x000000c8   Code   RO         2718    i.tuya_ble_handle_dev_infor_req  tuya_ble_data_handler.o
    0x0002f5ac   0x0002f5ac   0x00000034   Code   RO         2411    i.tuya_ble_handle_device_info_update_evt  tuya_ble_main.o
    0x0002f5e0   0x0002f5e0   0x00000068   Code   RO         2719    i.tuya_ble_handle_device_reset_req  tuya_ble_data_handler.o
    0x0002f648   0x0002f648   0x0000006c   Code   RO         2412    i.tuya_ble_handle_dp_data_with_time_reported_evt  tuya_ble_main.o
    0x0002f6b4   0x0002f6b4   0x00000072   Code   RO         2720    i.tuya_ble_handle_dp_query_req  tuya_ble_data_handler.o
    0x0002f726   0x0002f726   0x00000002   PAD
    0x0002f728   0x0002f728   0x000000c4   Code   RO         2721    i.tuya_ble_handle_dp_write_req  tuya_ble_data_handler.o
    0x0002f7ec   0x0002f7ec   0x00000082   Code   RO         2722    i.tuya_ble_handle_net_config_info_req  tuya_ble_data_handler.o
    0x0002f86e   0x0002f86e   0x00000070   Code   RO         2723    i.tuya_ble_handle_ota_req  tuya_ble_data_handler.o
    0x0002f8de   0x0002f8de   0x0000004c   Code   RO         2413    i.tuya_ble_handle_ota_response_evt  tuya_ble_main.o
    0x0002f92a   0x0002f92a   0x00000002   PAD
    0x0002f92c   0x0002f92c   0x000000f0   Code   RO         2724    i.tuya_ble_handle_pair_req  tuya_ble_data_handler.o
    0x0002fa1c   0x0002fa1c   0x000000a4   Code   RO         2414    i.tuya_ble_handle_uart_cmd_evt  tuya_ble_main.o
    0x0002fac0   0x0002fac0   0x0000006c   Code   RO         2725    i.tuya_ble_handle_unix_time_char_ms_resp  tuya_ble_data_handler.o
    0x0002fb2c   0x0002fb2c   0x00000046   Code   RO         2217    i.tuya_ble_hextoascii  tuya_ble_utils.o
    0x0002fb72   0x0002fb72   0x0000002a   Code   RO         2415    i.tuya_ble_inter_event_response  tuya_ble_main.o
    0x0002fb9c   0x0002fb9c   0x0000000c   Code   RO         2218    i.tuya_ble_is_word_aligned_tuya  tuya_ble_utils.o
    0x0002fba8   0x0002fba8   0x0000014c   Code   RO         6825    i.tuya_ble_key_generate  tuya_ble_sdk_bk3431q.lib(tuya_ble_cryption_api.o)
    0x0002fcf4   0x0002fcf4   0x0000001c   Code   RO         2726    i.tuya_ble_lock_test_rsp  tuya_ble_data_handler.o
    0x0002fd10   0x0002fd10   0x00000008   Code   RO         2416    i.tuya_ble_main_tasks_exec  tuya_ble_main.o
    0x0002fd18   0x0002fd18   0x00000016   Code   RO         2518    i.tuya_ble_malloc   tuya_ble_mem.o
    0x0002fd2e   0x0002fd2e   0x00000034   Code   RO         1688    i.tuya_ble_md5_crypt  tuya_ble_port_bk3431q.o
    0x0002fd62   0x0002fd62   0x00000002   PAD
    0x0002fd64   0x0002fd64   0x00000010   Code   RO         2558    i.tuya_ble_message_send  tuya_ble_event.o
    0x0002fd74   0x0002fd74   0x00000014   Code   RO         1689    i.tuya_ble_nv_erase  tuya_ble_port_bk3431q.o
    0x0002fd88   0x0002fd88   0x00000004   Code   RO         1690    i.tuya_ble_nv_init  tuya_ble_port_bk3431q.o
    0x0002fd8c   0x0002fd8c   0x0000000a   Code   RO         1691    i.tuya_ble_nv_read  tuya_ble_port_bk3431q.o
    0x0002fd96   0x0002fd96   0x0000000a   Code   RO         1692    i.tuya_ble_nv_write  tuya_ble_port_bk3431q.o
    0x0002fda0   0x0002fda0   0x0000006c   Code   RO         1902    i.tuya_ble_ota_response  tuya_ble_api.o
    0x0002fe0c   0x0002fe0c   0x0000001c   Code   RO         2729    i.tuya_ble_pair_rand_clear  tuya_ble_data_handler.o
    0x0002fe28   0x0002fe28   0x0000000c   Code   RO         2730    i.tuya_ble_pair_rand_valid_get  tuya_ble_data_handler.o
    0x0002fe34   0x0002fe34   0x0000003a   Code   RO         1693    i.tuya_ble_rand_generator  tuya_ble_port_bk3431q.o
    0x0002fe6e   0x0002fe6e   0x00000002   PAD
    0x0002fe70   0x0002fe70   0x0000001c   Code   RO         2731    i.tuya_ble_reset_ble_sn  tuya_ble_data_handler.o
    0x0002fe8c   0x0002fe8c   0x00000064   Code   RO         2559    i.tuya_ble_sched_event_put  tuya_ble_event.o
    0x0002fef0   0x0002fef0   0x0000002c   Code   RO         2560    i.tuya_ble_sched_init  tuya_ble_event.o
    0x0002ff1c   0x0002ff1c   0x00000104   Code   RO         1903    i.tuya_ble_sdk_init  tuya_ble_api.o
    0x00030020   0x00030020   0x0000000c   Code   RO         2732    i.tuya_ble_set_device_version  tuya_ble_data_handler.o
    0x0003002c   0x0003002c   0x0000004c   Code   RO         2603    i.tuya_ble_storage_init  tuya_ble_storage.o
    0x00030078   0x00030078   0x000000cc   Code   RO         2604    i.tuya_ble_storage_load_settings  tuya_ble_storage.o
    0x00030144   0x00030144   0x00000068   Code   RO         2606    i.tuya_ble_storage_save_auth_settings  tuya_ble_storage.o
    0x000301ac   0x000301ac   0x00000068   Code   RO         2607    i.tuya_ble_storage_save_sys_settings  tuya_ble_storage.o
    0x00030214   0x00030214   0x0000000a   Code   RO         1696    i.tuya_ble_timer_create  tuya_ble_port_bk3431q.o
    0x0003021e   0x0003021e   0x0000000a   Code   RO         1698    i.tuya_ble_timer_start  tuya_ble_port_bk3431q.o
    0x00030228   0x00030228   0x0000000a   Code   RO         1699    i.tuya_ble_timer_stop  tuya_ble_port_bk3431q.o
    0x00030232   0x00030232   0x00000002   Code   RO         2944    i.tuya_ble_uart_common_process  tuya_ble_app_uart_common_handler.o
    0x00030234   0x00030234   0x000000f4   Code   RO         1904    i.tuya_ble_uart_data_unpack  tuya_ble_api.o
    0x00030328   0x00030328   0x00000004   Code   RO         1700    i.tuya_ble_uart_init  tuya_ble_port_bk3431q.o
    0x0003032c   0x0003032c   0x00000088   Code   RO         1905    i.tuya_ble_uart_receive_data  tuya_ble_api.o
    0x000303b4   0x000303b4   0x0000000a   Code   RO         1701    i.tuya_ble_uart_send_data  tuya_ble_port_bk3431q.o
    0x000303be   0x000303be   0x00000002   PAD
    0x000303c0   0x000303c0   0x00000088   Code   RO         2672    i.tuya_ble_utc_sec_2_mytime  tuya_ble_unix_time.o
    0x00030448   0x00030448   0x00000044   Code   RO         2562    i.tuya_sched_execute  tuya_ble_event.o
    0x0003048c   0x0003048c   0x00000030   Code   RO         3010    i.ty_string_op_hex2hexstr  cpt_string_op.o
    0x000304bc   0x000304bc   0x00000098   Code   RO         3011    i.ty_string_op_hex2int  cpt_string_op.o
    0x00030554   0x00030554   0x00000036   Code   RO         3012    i.ty_string_op_hexstr2hex  cpt_string_op.o
    0x0003058a   0x0003058a   0x0000005e   Code   RO         3014    i.ty_string_op_int2hex  cpt_string_op.o
    0x000305e8   0x000305e8   0x00000032   Code   RO         3015    i.ty_string_op_intstr2int  cpt_string_op.o
    0x0003061a   0x0003061a   0x00000008   Code   RO         4175    i.uart1_rx_handler  bk_uart.o
    0x00030622   0x00030622   0x00000002   PAD
    0x00030624   0x00030624   0x00000010   Code   RO         5725    i.uart2_cb_register  uart.o
    0x00030634   0x00030634   0x000000c4   Code   RO         5726    i.uart2_init        uart.o
    0x000306f8   0x000306f8   0x00000080   Code   RO         5727    i.uart2_isr         uart.o
    0x00030778   0x00030778   0x00000044   Code   RO         5728    i.uart2_printf      uart.o
    0x000307bc   0x000307bc   0x00000028   Code   RO         5730    i.uart2_putchar     uart.o
    0x000307e4   0x000307e4   0x00000008   Code   RO         4176    i.uart2_rx_handler  bk_uart.o
    0x000307ec   0x000307ec   0x00000010   Code   RO         5733    i.uart_cb_register  uart.o
    0x000307fc   0x000307fc   0x00000024   Code   RO         5734    i.uart_clear_rxfifo  uart.o
    0x00030820   0x00030820   0x0000001c   Code   RO         5735    i.uart_finish_transfers  uart.o
    0x0003083c   0x0003083c   0x00000004   Code   RO         5736    i.uart_flow_off     uart.o
    0x00030840   0x00030840   0x00000002   Code   RO         5737    i.uart_flow_on      uart.o
    0x00030842   0x00030842   0x00000002   PAD
    0x00030844   0x00030844   0x000000c4   Code   RO         5738    i.uart_init         uart.o
    0x00030908   0x00030908   0x00000100   Code   RO         5739    i.uart_isr          uart.o
    0x00030a08   0x00030a08   0x00000044   Code   RO         5741    i.uart_printf       uart.o
    0x00030a4c   0x00030a4c   0x00000028   Code   RO         5743    i.uart_putchar      uart.o
    0x00030a74   0x00030a74   0x0000000c   Code   RO         5744    i.uart_read         uart.o
    0x00030a80   0x00030a80   0x00000020   Code   RO         5745    i.uart_send         uart.o
    0x00030aa0   0x00030aa0   0x00000048   Code   RO         5746    i.uart_write        uart.o
    0x00030ae8   0x00030ae8   0x0000006c   Code   RO         5380    i.udi_exchange_fdata_to_adjoining_next_sector  flash.o
    0x00030b54   0x00030b54   0x00000068   Code   RO         5381    i.udi_exchange_fdata_to_adjoining_previous_sector  flash.o
    0x00030bbc   0x00030bbc   0x00000034   Code   RO         3613    i.update_area_header  sf_nv.o
    0x00030bf0   0x00030bf0   0x00000020   Code   RO          419    i.user_freeze_or_unfreeze_handler  lock_dp_parser.o
    0x00030c10   0x00030c10   0x0000003c   Code   RO         2353    i.vTuyaPortFree     tuya_ble_heap.o
    0x00030c4c   0x00030c4c   0x000001a4   Code   RO          758    i.verify_dynamic_pwd_token  lock_dynamic_pwd.o
    0x00030df0   0x00030df0   0x0000002c   Code   RO         5914    i.wdt_enable        wdt.o
    0x00030e1c   0x00030e1c   0x00000024   Code   RO         5915    i.wdt_feed          wdt.o
    0x00030e40   0x00030e40   0x0000005a   Data   RO           11    .constdata          lock_common.o
    0x00030e9a   0x00030e9a   0x00000018   Data   RO          340    .constdata          lock_hard.o
    0x00030eb2   0x00030eb2   0x00000159   Data   RO          421    .constdata          lock_dp_parser.o
    0x0003100b   0x0003100b   0x00000018   Data   RO          521    .constdata          lock_dp_report.o
    0x00031023   0x00031023   0x00000049   Data   RO          625    .constdata          lock_timer.o
    0x0003106c   0x0003106c   0x0000002a   Data   RO          759    .constdata          lock_dynamic_pwd.o
    0x00031096   0x00031096   0x00000096   Data   RO          859    .constdata          lock_offline_pwd.o
    0x0003112c   0x0003112c   0x0000003b   Data   RO          928    .constdata          lock_test.o
    0x00031167   0x00031167   0x00000021   Data   RO          956    .constdata          app_common.o
    0x00031188   0x00031188   0x0000000e   Data   RO         1033    .constdata          app_flash.o
    0x00031196   0x00031196   0x00000083   Data   RO         1244    .constdata          app_ota.o
    0x00031219   0x00031219   0x00000061   Data   RO         1309    .constdata          app_active_report.o
    0x0003127a   0x0003127a   0x00000014   Data   RO         1348    .constdata          app_test.o
    0x0003128e   0x0003128e   0x00000049   Data   RO         1441    .constdata          app_port.o
    0x000312d7   0x000312d7   0x00000001   PAD
    0x000312d8   0x000312d8   0x00000004   Data   RO         2227    .constdata          tuya_ble_utils.o
    0x000312dc   0x000312dc   0x0000003a   Data   RO         2418    .constdata          tuya_ble_main.o
    0x00031316   0x00031316   0x00000032   Data   RO         2612    .constdata          tuya_ble_storage.o
    0x00031348   0x00031348   0x0000000c   Data   RO         2674    .constdata          tuya_ble_unix_time.o
    0x00031354   0x00031354   0x00000004   Data   RO         2962    .constdata          cpt_math.o
    0x00031358   0x00031358   0x00000010   Data   RO         3139    .constdata          sha1.o
    0x00031368   0x00031368   0x00002228   Data   RO         3188    .constdata          aes.o
    0x00033590   0x00033590   0x00000008   Data   RO         3456    .constdata          fpe_cipher.o
    0x00033598   0x00033598   0x00000010   Data   RO         3542    .constdata          fpe_str.o
    0x000335a8   0x000335a8   0x00000033   Data   RO         3615    .constdata          sf_nv.o
    0x000335db   0x000335db   0x0000008c   Data   RO         3775    .constdata          elog.o
    0x00033667   0x00033667   0x00000023   Data   RO         3905    .constdata          elog_utils.o
    0x0003368a   0x0003368a   0x00000012   Data   RO         4388    .constdata          bk_gpio.o
    0x0003369c   0x0003369c   0x00000010   Data   RO         4389    .constdata          bk_gpio.o
    0x000336ac   0x000336ac   0x00000020   Data   RO         4390    .constdata          bk_gpio.o
    0x000336cc   0x000336cc   0x00000054   Data   RO         4391    .constdata          bk_gpio.o
    0x00033720   0x00033720   0x0000005b   Data   RO         4613    .constdata          arch_main.o
    0x0003377b   0x0003377b   0x00000001   PAD
    0x0003377c   0x0003377c   0x00000040   Data   RO         6306    .constdata          fff0s.o
    0x000337bc   0x000337bc   0x00000028   Data   RO         6381    .constdata          fff0s_task.o
    0x000337e4   0x000337e4   0x00000008   Data   RO         6382    .constdata          fff0s_task.o
    0x000337ec   0x000337ec   0x00000075   Data   RO         6429    .constdata          app.o
    0x00033861   0x00033861   0x00000003   PAD
    0x00033864   0x00033864   0x00000020   Data   RO         6521    .constdata          app_fff0.o
    0x00033884   0x00033884   0x00000008   Data   RO         6522    .constdata          app_fff0.o
    0x0003388c   0x0003388c   0x0000001a   Data   RO         6523    .constdata          app_fff0.o
    0x000338a6   0x000338a6   0x00000002   PAD
    0x000338a8   0x000338a8   0x00000158   Data   RO         6618    .constdata          app_task.o
    0x00033a00   0x00033a00   0x00000008   Data   RO         6619    .constdata          app_task.o
    0x00033a08   0x00033a08   0x000000e2   Data   RO         6620    .constdata          app_task.o
    0x00033aea   0x00033aea   0x00000045   Data   RO         6828    .constdata          tuya_ble_sdk_bk3431q.lib(tuya_ble_cryption_api.o)
    0x00033b2f   0x00033b2f   0x00000050   Data   RO         7067    .constdata          bk3435_fcc_mode.lib(rf_test.o)
    0x00033b7f   0x00033b7f   0x00000001   PAD
    0x00033b80   0x00033b80   0x00000088   Data   RO         7085    .constdata          m_5s.l(pow.o)
    0x00033c08   0x00033c08   0x00000008   Data   RO         7446    .constdata          m_5s.l(qnan.o)
    0x00033c10   0x00033c10   0x00000081   Data   RO         7496    .constdata          mc_5.l(ctype_o.o)
    0x00033c91   0x00033c91   0x00000003   PAD
    0x00033c94   0x00033c94   0x00000004   Data   RO         7497    .constdata          mc_5.l(ctype_o.o)
    0x00033c98   0x00033c98   0x00000041   Data   RO          422    .conststring        lock_dp_parser.o
    0x00033cd9   0x00033cd9   0x00000003   PAD
    0x00033cdc   0x00033cdc   0x00000042   Data   RO         1310    .conststring        app_active_report.o
    0x00033d1e   0x00033d1e   0x00000002   PAD
    0x00033d20   0x00033d20   0x00000017   Data   RO         3776    .conststring        elog.o
    0x00033d37   0x00033d37   0x00000001   PAD
    0x00033d38   0x00033d38   0x00000048   Data   RO         6829    .conststring        tuya_ble_sdk_bk3431q.lib(tuya_ble_cryption_api.o)


    Execution Region RAM_DATA (Exec base: 0x00400800, Load base: 0x00033d80, Size: 0x00000418, Max: 0xffffffff, ABSOLUTE)

    Exec Addr    Load Addr    Size         Type   Attr      Idx    E Section Name        Object

    0x00400800   0x00033d80   0x00000002   Data   RW          341    .data               lock_hard.o
    0x00400802   0x00033d82   0x00000002   PAD
    0x00400804   0x00033d84   0x00000004   Data   RW          522    .data               lock_dp_report.o
    0x00400808   0x00033d88   0x00000008   Data   RW          860    .data               lock_offline_pwd.o
    0x00400810   0x00033d90   0x00000004   Data   RW          929    .data               lock_test.o
    0x00400814   0x00033d94   0x0000005c   Data   RW          957    .data               app_common.o
    0x00400870   0x00033df0   0x0000000f   Data   RW         1034    .data               app_flash.o
    0x0040087f   0x00033dff   0x00000006   Data   RW         1035    .data               app_flash.o
    0x00400885   0x00033e05   0x00000003   PAD
    0x00400888   0x00033e08   0x00000004   Data   RW         1036    .data               app_flash.o
    0x0040088c   0x00033e0c   0x00000010   Data   RW         1245    .data               app_ota.o
    0x0040089c   0x00033e1c   0x00000002   Data   RW         1311    .data               app_active_report.o
    0x0040089e   0x00033e1e   0x00000004   Data   RW         1349    .data               app_test.o
    0x004008a2   0x00033e22   0x00000009   Data   RW         1907    .data               tuya_ble_api.o
    0x004008ab   0x00033e2b   0x00000001   PAD
    0x004008ac   0x00033e2c   0x00000018   Data   RW         2358    .data               tuya_ble_heap.o
    0x004008c4   0x00033e44   0x00000008   Data   RW         2419    .data               tuya_ble_main.o
    0x004008cc   0x00033e4c   0x0000000c   Data   RW         2564    .data               tuya_ble_event.o
    0x004008d8   0x00033e58   0x00000036   Data   RW         2734    .data               tuya_ble_data_handler.o
    0x0040090e   0x00033e8e   0x00000001   Data   RW         2851    .data               tuya_ble_mutli_tsf_protocol.o
    0x0040090f   0x00033e8f   0x00000001   PAD
    0x00400910   0x00033e90   0x00000004   Data   RW         3373    .data               platform_util.o
    0x00400914   0x00033e94   0x00000014   Data   RW         3616    .data               sf_nv.o
    0x00400928   0x00033ea8   0x0000001c   Data   RW         3777    .data               elog.o
    0x00400944   0x00033ec4   0x00000001   Data   RW         3990    .data               bk_common.o
    0x00400945   0x00033ec5   0x00000003   PAD
    0x00400948   0x00033ec8   0x00000008   Data   RW         3991    .data               bk_common.o
    0x00400950   0x00033ed0   0x00000018   Data   RW         4055    .data               bk_scan_adv.o
    0x00400968   0x00033ee8   0x0000004a   Data   RW         4056    .data               bk_scan_adv.o
    0x004009b2   0x00033f32   0x0000000c   Data   RW         4093    .data               bk_ble.o
    0x004009be   0x00033f3e   0x00000002   PAD
    0x004009c0   0x00033f40   0x0000000c   Data   RW         4133    .data               bk_svc.o
    0x004009cc   0x00033f4c   0x0000014c   Data   RW         4229    .data               bk_timer.o
    0x00400b18   0x00034098   0x00000045   Data   RW         4392    .data               bk_gpio.o
    0x00400b5d   0x000340dd   0x00000003   PAD
    0x00400b60   0x000340e0   0x00000024   Data   RW         4393    .data               bk_gpio.o
    0x00400b84   0x00034104   0x00000001   Data   RW         4614    .data               arch_main.o
    0x00400b85   0x00034105   0x00000002   Data   RW         5211    .data               icu.o
    0x00400b87   0x00034107   0x00000001   PAD
    0x00400b88   0x00034108   0x0000002c   Data   RW         5283    .data               gpio.o
    0x00400bb4   0x00034134   0x0000000c   Data   RW         5383    .data               flash.o
    0x00400bc0   0x00034140   0x00000018   Data   RW         5750    .data               uart.o
    0x00400bd8   0x00034158   0x00000001   Data   RW         5916    .data               wdt.o
    0x00400bd9   0x00034159   0x00000003   PAD
    0x00400bdc   0x0003415c   0x00000004   Data   RW         6120    .data               rtc.o
    0x00400be0   0x00034160   0x00000001   Data   RW         6621    .data               app_task.o
    0x00400be1   0x00034161   0x00000009   Data   RW         7068    .data               bk3435_fcc_mode.lib(rf_test.o)
    0x00400bea   0x0003416a   0x00000002   PAD
    0x00400bec   0x0003416c   0x00000026   Data   RW         7071    .data               bk3435_pn9_mode.lib(rf_pn9_test.o)
    0x00400c12   0x00034192   0x00000002   PAD
    0x00400c14   0x00034194   0x00000004   Data   RW         7459    .data               mc_5.l(errno.o)


    Execution Region RAM_BSS (Exec base: 0x00400c18, Load base: 0x00034198, Size: 0x000049d0, Max: 0xffffffff, ABSOLUTE)

    Exec Addr    Load Addr    Size         Type   Attr      Idx    E Section Name        Object

    0x00400c18        -       0x00000365   Zero   RW          420    .bss                lock_dp_parser.o
    0x00400f7d        -       0x0000021c   Zero   RW          520    .bss                lock_dp_report.o
    0x00401199   0x00034198   0x00000003   PAD
    0x0040119c        -       0x00000028   Zero   RW          624    .bss                lock_timer.o
    0x004011c4        -       0x00000100   Zero   RW          927    .bss                lock_test.o
    0x004012c4        -       0x0000012f   Zero   RW         1032    .bss                app_flash.o
    0x004013f3        -       0x000000f0   Zero   RW         1243    .bss                app_ota.o
    0x004014e3        -       0x00000200   Zero   RW         1347    .bss                app_test.o
    0x004016e3        -       0x0000012c   Zero   RW         1906    .bss                tuya_ble_api.o
    0x0040180f        -       0x00000800   Zero   RW         2357    .bss                tuya_ble_heap.o
    0x0040200f   0x00034198   0x00000001   PAD
    0x00402010        -       0x00000334   Zero   RW         2417    .bss                tuya_ble_main.o
    0x00402344        -       0x0000086c   Zero   RW         2563    .bss                tuya_ble_event.o
    0x00402bb0        -       0x00000168   Zero   RW         2611    .bss                tuya_ble_storage.o
    0x00402d18        -       0x000004b0   Zero   RW         2733    .bss                tuya_ble_data_handler.o
    0x004031c8        -       0x00000212   Zero   RW         3614    .bss                sf_nv.o
    0x004033da   0x00034198   0x00000002   PAD
    0x004033dc        -       0x00000800   Zero   RW         3730    .bss                sf_mem.o
    0x00403bdc        -       0x00000250   Zero   RW         3774    .bss                elog.o
    0x00403e2c        -       0x00000c00   Zero   RW         4132    .bss                bk_svc.o
    0x00404a2c        -       0x000000f0   Zero   RW         4228    .bss                bk_timer.o
    0x00404b1c        -       0x00000010   Zero   RW         4612    .bss                arch_main.o
    0x00404b2c        -       0x00000010   Zero   RW         5042    .bss                rwip.o
    0x00404b3c        -       0x0000000c   Zero   RW         5382    .bss                flash.o
    0x00404b48        -       0x00000014   Zero   RW         5613    .bss                pwm.o
    0x00404b5c        -       0x00000828   Zero   RW         5747    .bss                uart.o
    0x00405384        -       0x00000040   Zero   RW         5960    .bss                rf_xvr.o
    0x004053c4        -       0x0000011c   Zero   RW         6191    .bss                prf.o
    0x004054e0        -       0x00000028   Zero   RW         6428    .bss                app.o
    0x00405508        -       0x000000e0   Zero   RW         6827    .bss                tuya_ble_sdk_bk3431q.lib(tuya_ble_cryption_api.o)


    Execution Region RAM_STACK_UNUSED (Exec base: 0x0040b70c, Load base: 0x00034198, Size: 0x00000020, Max: 0x00000020, ABSOLUTE)

    Exec Addr    Load Addr    Size         Type   Attr      Idx    E Section Name        Object

    0x0040b70c        -       0x00000020   Zero   RW            1    RAM_STACK_UNUSED.bss  anon$$obj.o


    Execution Region RAM_STACK_SVC (Exec base: 0x0040b72c, Load base: 0x00034198, Size: 0x000004f0, Max: 0x000004f0, ABSOLUTE)

    Exec Addr    Load Addr    Size         Type   Attr      Idx    E Section Name        Object

    0x0040b72c        -       0x000004f0   Zero   RW            2    RAM_STACK_SVC.bss   anon$$obj.o


    Execution Region RAM_STACK_IRQ (Exec base: 0x0040bc1c, Load base: 0x00034198, Size: 0x000001f0, Max: 0x000001f0, ABSOLUTE)

    Exec Addr    Load Addr    Size         Type   Attr      Idx    E Section Name        Object

    0x0040bc1c        -       0x000001f0   Zero   RW            3    RAM_STACK_IRQ.bss   anon$$obj.o


    Execution Region RAM_STACK_FIQ (Exec base: 0x0040be0c, Load base: 0x00034198, Size: 0x000001f0, Max: 0x000001f0, ABSOLUTE)

    Exec Addr    Load Addr    Size         Type   Attr      Idx    E Section Name        Object

    0x0040be0c        -       0x000001f0   Zero   RW            4    RAM_STACK_FIQ.bss   anon$$obj.o


    Execution Region RAM_BSS_1 (Exec base: 0x00815000, Load base: 0x00034198, Size: 0x00001258, Max: 0xffffffff, ABSOLUTE)

    Exec Addr    Load Addr    Size         Type   Attr      Idx    E Section Name        Object

    0x00815000        -       0x00001258   Zero   RW         5043    ke_heap             rwip.o


==============================================================================

Image component sizes


      Code (inc. data)   RO Data    RW Data    ZI Data      Debug   Object Name

      2888         74       8744          0          0      20402   aes.o
       704        176        117          0         40      10331   app.o
       556        312        163          2          0       3163   app_active_report.o
       898        360         33         92          0       5255   app_common.o
       152         26         66          0          0       6545   app_fff0.o
      1790        212         14         25        303      26067   app_flash.o
      2940       1198        131         16        240      10747   app_ota.o
       984        356         73          0          0      29019   app_port.o
      2298        856        578          1          0      27433   app_task.o
      1502        462         20          4        512       8165   app_test.o
      1372        660         91          1         16      12550   arch_main.o
       258         38          0         12          0       4039   bk_ble.o
       158         18          0          9          0       4778   bk_common.o
       106          0          0          0          0       2934   bk_flash.o
      1492        364        150        105          0      16517   bk_gpio.o
        60          8          0         98          0       3803   bk_scan_adv.o
       240         24          0         12       3072       4225   bk_svc.o
         2          0          0          0          0        486   bk_test.o
       508         90          0        332        240       9605   bk_timer.o
        72         12          0          0          0       3216   bk_uart.o
       500         76          0          0          0        424   boot_handlers.o
        92         32          0          0          0        372   boot_vectors.o
       212         14          4          0          0       4649   cpt_math.o
       398         38          0          0          0       5576   cpt_string_op.o
      2172        824        163         28        592      15552   elog.o
        84         40          0          0          0       7252   elog_port.o
       276        126         35          0          0       3041   elog_utils.o
        24          4          0          0          0        579   emi.o
       784         26          0          0          0       5432   ff1.o
       416         16         64          0          0      15591   fff0s.o
       530         22         48          0          0      11247   fff0s_task.o
      1814        234          0         12         12      15733   flash.o
       136          6          8          0          0       2226   fpe_cipher.o
       112          6          0          0          0       1638   fpe_decrypt.o
       174          0          0          0          0       4296   fpe_math.o
       546         10         16          0          0      10040   fpe_str.o
       288         36          0         44          0      11626   gpio.o
       162          0          0          0          0       2268   hmac-sha1.o
       392         72          0          2          0       5195   icu.o
       248         20          0          0          0     110046   intc.o
       704        450         90          0          0      98595   lock_common.o
      7332       3104        410          0        869      28843   lock_dp_parser.o
      1316        196         24          4        540      20262   lock_dp_report.o
       788        322         42          0          0       4894   lock_dynamic_pwd.o
      1808        760         24          2          0       9233   lock_hard.o
      3574       1356        150          8          0      12220   lock_offline_pwd.o
      1056        506         59          4        256       3956   lock_test.o
       786        322         73          0         40      14414   lock_timer.o
      2554        266          0          0          0       9919   md5.o
        16          6          0          4          0       1627   platform_util.o
       564         30          0          0        284      16692   prf.o
       336         32          0          0         20       6568   pwm.o
      1130        284          0          0         64     113976   rf_xvr.o
       152         28          0          4          0       2723   rtc.o
       386         24          0          0          0     111083   rwble.o
        56          0          0          0          0      12891   rwble_hl.o
       704         78          0          0       4712     116363   rwip.o
       160         16          0          0       2048       3525   sf_mem.o
      2110        542         51         20        530      12372   sf_nv.o
        60          0          0          0          0       3857   sf_port.o
       844         18         16          0          0       5643   sha1.o
         2          0          0          0          0        473   timer.o
      1154        116          0          9        300      15732   tuya_ble_api.o
         2          0          0          0          0       1695   tuya_ble_app_uart_common_handler.o
      2836        216          0         54       1200      21179   tuya_ble_data_handler.o
       248         32          0         12       2156       5627   tuya_ble_event.o
       356         22          0         24       2048       4411   tuya_ble_heap.o
      1246        138         58          8        820      13257   tuya_ble_main.o
        36          0          0          0          0       9938   tuya_ble_mem.o
       778          4          0          1          0      10022   tuya_ble_mutli_tsf_protocol.o
       538         16          0          0          0      21325   tuya_ble_port_bk3431q.o
       556         38         50          0        360       6436   tuya_ble_storage.o
       340         16         12          0          0       5064   tuya_ble_unix_time.o
       226         14          4          0          0       5168   tuya_ble_utils.o
      1250        228          0         24       2088      34161   uart.o
        80         16          0          1          0       1304   wdt.o

    ----------------------------------------------------------------------
     64584      16064      11594        993      25656    1207511   Object Totals
        48         20          0          0       2288          0   (incl. Generated)
       112          0         13         19          6          0   (incl. Padding)

    ----------------------------------------------------------------------

      Code (inc. data)   RO Data    RW Data    ZI Data      Debug   Library Member Name

      1164        268         80          9          0        236   rf_test.o
       764        190          0         38          0        344   rf_pn9_test.o
        88         12          0          0          0        340   dunder.o
        48          4          0          0          0         68   fpclassify.o
       240          0          0          0          0         92   poly.o
      3764        148        136          0          0        328   pow.o
         0          0          8          0          0          0   qnan.o
       100          4          0          0          0         84   sqrt.o
       138          0          0          0          0         80   __strtoll.o
        30          0          0          0          0         60   _chval.o
       216          0          0          0          0         84   _strtoull.o
        26          0          0          0          0         72   atoll.o
         8          4        133          0          0         60   ctype_o.o
        28         10          0          4          0        120   errno.o
         0          0          0          0          0          0   iusefp.o
       126          0          0          0          0         84   llmul.o
        32          0          0          0          0         68   llshl.o
        38          0          0          0          0         68   llsshr.o
        34          0          0          0          0         68   llushr.o
        38          0          0          0          0        100   memseta.o
      2432        108          0          0          0        760   printfa.o
        14          0          0          0          0         60   strlen.o
        30          0          0          0          0         72   strncmp.o
        26          0          0          0          0         68   strncpy.o
        40          0          0          0          0         72   strstr.o
        96          0          0          0          0         84   uldiv.o
        20          0          0          0          0         60   uread4.o
        18          0          0          0          0         60   uwrite4.o
        40          2          0          0          0         68   cdrcmple.o
       364          4          0          0          0        140   dadd.o
       248          6          0          0          0         84   ddiv.o
       190          0          0          0          0        156   depilogue.o
        72         10          0          0          0         72   dfixi.o
        60         10          0          0          0         68   dfixui.o
        64         10          0          0          0         68   dfixul.o
        48          6          0          0          0         68   dflti.o
        28          4          0          0          0         68   dfltui.o
       216          6          0          0          0         88   dmul.o
        52          0          0          0          0         72   dscalb.o
       162          0          0          0          0         80   dsqrt.o
        40          0          0          0          0         60   ffixui.o
       124          0          0          0          0         72   fmul.o
       874         54        141          0        224       8318   tuya_ble_cryption_api.o

    ----------------------------------------------------------------------
     12144        860        502         55        224      13074   Library Totals
         4          0          4          4          0          0   (incl. Padding)

    ----------------------------------------------------------------------

      Code (inc. data)   RO Data    RW Data    ZI Data      Debug   Library Name

      1164        268         80          9          0        236   bk3435_fcc_mode.lib
       764        190          0         38          0        344   bk3435_pn9_mode.lib
      4240        168        144          0          0        912   m_5s.l
      3390        122        133          4          0       2100   mc_5.l
      1708         58          0          0          0       1164   mf_5.l
       874         54        141          0        224       8318   tuya_ble_sdk_bk3431q.lib

    ----------------------------------------------------------------------
     12144        860        502         55        224      13074   Library Totals

    ----------------------------------------------------------------------

==============================================================================


      Code (inc. data)   RO Data    RW Data    ZI Data      Debug   

     76728      16924      12096       1048      25880    1190285   Grand Totals
     76728      16924      12096       1048      25880    1190285   ELF Image Totals
     76728      16924      12096       1048          0          0   ROM Totals

==============================================================================

    Total RO  Size (Code + RO Data)                88824 (  86.74kB)
    Total RW  Size (RW Data + ZI Data)             26928 (  26.30kB)
    Total ROM Size (Code + RO Data + RW Data)      89872 (  87.77kB)

==============================================================================

